<html>
<body>
<pre>
<h1>µVision Build Log</h1>
<h2>Tool Versions:</h2>
IDE-Version: ¶ÃVision V5.14.0.0
Copyright (C) 2015 ARM Ltd and ARM Germany GmbH. All rights reserved.
License Information: wang zhihong, jy, LIC=8VR9U-S3NWH-SYKVA-1PZ4Q-96MJZ-56QWJ
 
Tool Versions:
Toolchain:       MDK-ARM Standard  Version: 5.14.0.0
Toolchain Path:  C:\Keil_v5\ARM\ARMCC\Bin
C Compiler:      Armcc.exe V5.05 update 1 (build 106)
Assembler:       Armasm.exe V5.05 update 1 (build 106)
Linker/Locator:  ArmLink.exe V5.05 update 1 (build 106)
Library Manager: ArmAr.exe V5.05 update 1 (build 106)
Hex Converter:   FromElf.exe V5.05 update 1 (build 106)
CPU DLL:         SARMCM3.DLL V5.14.0.0
Dialog DLL:      DCM.DLL V1.13.1.0
Target DLL:      STLink\ST-LINKIII-KEIL_SWO.dll V2.0.14.0_KEIL
Dialog DLL:      TCM.DLL V1.14.4.0
 
<h2>Project:</h2>
E:\æ€—Ù\GITraken\JIG-GateWay\Project\LED-JIG.uvprojx
Project File Date:  02/21/2019

<h2>Output:</h2>
Rebuild target 'LED-JIG'
compiling main.c...
..\USER\include\RTC.h(31): warning:  #1295-D: Deprecated declaration RTC_GetTimeStr - give arg types
  char *RTC_GetTimeStr();
..\USER\include\RTC.h(33): warning:  #1295-D: Deprecated declaration RTC_GetTime - give arg types
  TimeStruct RTC_GetTime();
..\USER\source\main.c(437): warning:  #167-D: argument of type "unsigned char *" is incompatible with parameter of type "char *"
                  DisplayString(2,1,ucNodeDisplay);
..\USER\source\main.c: 3 warnings, 0 errors
compiling stm32f10x_it.c...
..\USER\source\stm32f10x_it.c(218): warning:  #550-D: variable "ucTempReceiveData" was set but never used
        unsigned char ucTempReceiveData = 0;
..\USER\source\stm32f10x_it.c(219): warning:  #177-D: variable "ucIndex" was declared but never referenced
        static unsigned char ucIndex = 0;
..\USER\source\stm32f10x_it.c(320): warning:  #177-D: variable "cnt" was declared but never referenced
  static unsigned short int cnt = 0;
..\USER\source\stm32f10x_it.c: 3 warnings, 0 errors
compiling KeyDriver.c...
compiling System_Initialize.c...
..\USER\source\System_Initialize.c(184): warning:  #177-D: variable "ucTemp" was declared but never referenced
    unsigned char ucTemp[4] = {0x00};
..\USER\source\System_Initialize.c: 1 warning, 0 errors
compiling LCD12864B.c...
compiling STM32_UART.c...
compiling MENU.c...
..\USER\source\MENU.c(341): warning:  #550-D: variable "ucTemp" was set but never used
    unsigned char ucTemp[2] = {0};
..\USER\source\MENU.c(412): warning:  #550-D: variable "ucTemp" was set but never used
   unsigned char ucTemp[2] = {0};
..\USER\source\MENU.c(480): warning:  #111-D: statement is unreachable
                   break;                                                                
..\USER\source\MENU.c: 3 warnings, 0 errors
compiling TaskApp.c...
..\USER\source\TaskApp.c(158): warning:  #177-D: variable "i" was declared but never referenced
        unsigned char i;
..\USER\source\TaskApp.c(192): warning:  #177-D: variable "j" was declared but never referenced
      unsigned char i,j,ucXor = 0;
..\USER\source\TaskApp.c(205): warning:  #177-D: variable "j" was declared but never referenced
      unsigned char i,j,ucCs = 0;
..\USER\source\TaskApp.c(346): warning:  #177-D: variable "k" was declared but never referenced
    unsigned char i,j,k;
..\USER\source\TaskApp.c(439): warning:  #177-D: variable "cs" was declared but never referenced
    unsigned char i,j,k,cs,ucFC1=0,ucFC2=0;
..\USER\source\TaskApp.c(533): warning:  #177-D: variable "cs" was declared but never referenced
    unsigned char i,j,k,cs,ucFC1=0,ucFC2=0;
..\USER\source\TaskApp.c(608): warning:  #177-D: variable "cs" was declared but never referenced
    unsigned char i,j,k,cs,ucFC1=0,ucFC2=0;
..\USER\source\TaskApp.c(692): warning:  #177-D: variable "k" was declared but never referenced
    unsigned char i,j,k;
..\USER\source\TaskApp.c(983): warning:  #177-D: variable "ucReturnVal" was declared but never referenced
        unsigned char ucReturnVal = 0;
..\USER\source\TaskApp.c(1031): warning:  #177-D: variable "k" was declared but never referenced
        unsigned char i,j,k,cs = 0,ucReturn;
..\USER\source\TaskApp.c(1517): warning:  #111-D: statement is unreachable
                   break;                                                                
..\USER\source\TaskApp.c(1550): warning:  #223-D: function "AT24CXX_Write" declared implicitly
                                  AT24CXX_Write(CUR_ID_ADD,UnData.ucDataTable,4);
..\USER\source\TaskApp.c(1552): warning:  #223-D: function "AT24CXX_Read" declared implicitly
                                  AT24CXX_Read(CUR_ID_ADD,UnData.ucDataTable,4);//∂¡»°µ±«∞ID 
..\USER\source\TaskApp.c(1564): warning:  #223-D: function "GP9034T_PrintOneData" declared implicitly
                                          GP9034T_PrintOneData(uiTempID,ScmJIG.ucDeviceCode,ScmJIG.ucYear,ScmJIG.ucmonth);//
..\USER\source\TaskApp.c(1571): warning:  #223-D: function "GP9034T_PrintData" declared implicitly
                                GP9034T_PrintData(DPS_WritePara.uiID,ScmJIG.ucDeviceCode,ScmJIG.ucYear,ScmJIG.ucmonth);
..\USER\source\TaskApp.c(1140): warning:  #177-D: variable "ucTempTable" was declared but never referenced
          unsigned char ucTempTable[16] = {0x00};
..\USER\source\TaskApp.c(1143): warning:  #177-D: variable "ucDataL" was declared but never referenced
                unsigned char ucDataL;
..\USER\source\TaskApp.c(1144): warning:  #177-D: variable "uiDataH" was declared but never referenced
                unsigned short int uiDataH;
..\USER\source\TaskApp.c: 18 warnings, 0 errors
compiling IT8512B.c...
compiling GP9034T.c...
..\USER\source\GP9034T.c(63): warning:  #167-D: argument of type "char *" is incompatible with parameter of type "const u8 *"
      GP9034T_SendData(pcString,ucLen);
..\USER\source\GP9034T.c(61): warning:  #177-D: variable "ucCnt" was declared but never referenced
        unsigned char ucCnt;
..\USER\source\GP9034T.c(135): warning:  #167-D: argument of type "const u8 *" is incompatible with parameter of type "const char *"
            ucLen = strlen(ucPrintString[ucCnt]);
..\USER\source\GP9034T.c(154): warning:  #177-D: variable "ucLen" was declared but never referenced
        unsigned char ucLen;
..\USER\source\GP9034T.c(155): warning:  #177-D: variable "ucCnt" was declared but never referenced
        unsigned char ucCnt;
..\USER\source\GP9034T.c(206): warning:  #177-D: variable "ucLen" was declared but never referenced
        unsigned char ucLen;
..\USER\source\GP9034T.c(207): warning:  #177-D: variable "ucCnt" was declared but never referenced
        unsigned char ucCnt;
..\USER\source\GP9034T.c(236): warning:  #177-D: variable "ucLen" was declared but never referenced
        unsigned char ucLen;
..\USER\source\GP9034T.c(237): warning:  #177-D: variable "ucCnt" was declared but never referenced
        unsigned char ucCnt;
..\USER\source\GP9034T.c: 9 warnings, 0 errors
compiling AT24Cxx.c...
..\USER\source\AT24Cxx.c(289): warning:  #1-D: last line of file ends without a newline
   
..\USER\source\AT24Cxx.c: 1 warning, 0 errors
compiling RTC.c...
..\USER\include\RTC.h(31): warning:  #1295-D: Deprecated declaration RTC_GetTimeStr - give arg types
  char *RTC_GetTimeStr();
..\USER\include\RTC.h(33): warning:  #1295-D: Deprecated declaration RTC_GetTime - give arg types
  TimeStruct RTC_GetTime();
..\USER\source\RTC.c: 2 warnings, 0 errors
compiling LoraC8000.c...
..\USER\source\LoraC8000.c(194): warning:  #177-D: variable "j" was declared but never referenced
        unsigned char i,j,ucNum = 0; //
..\USER\source\LoraC8000.c(194): warning:  #177-D: variable "ucNum" was declared but never referenced
        unsigned char i,j,ucNum = 0; //
..\USER\source\LoraC8000.c(262): warning:  #177-D: variable "err" was declared but never referenced
        OS_ERR err;
..\USER\source\LoraC8000.c(264): warning:  #177-D: variable "ucReadFailID" was declared but never referenced
        unsigned char ucReadFailID[FAIL_ID_MAX*4]= {0}; //
..\USER\source\LoraC8000.c(300): warning:  #177-D: variable "unID" was declared but never referenced
        }unID;
..\USER\source\LoraC8000.c(434): warning:  #177-D: variable "sTempTask" was declared but never referenced
        ScmTask          sTempTask;
..\USER\source\LoraC8000.c(435): warning:  #177-D: variable "sTempReTask" was declared but never referenced
        ScmResponseTask  sTempReTask;
..\USER\source\LoraC8000.c(472): warning:  #177-D: variable "ucTaskCnt" was declared but never referenced
        unsigned char i,j,ucTaskCnt = 0;
..\USER\source\LoraC8000.c(715): warning:  #177-D: variable "j" was declared but never referenced
        unsigned char i,j,ucLen;
..\USER\source\LoraC8000.c(838): warning:  #177-D: variable "ucJIG_ID" was declared but never referenced
        unsigned char ucJIG_ID = 0;
..\USER\source\LoraC8000.c(912): warning:  #177-D: variable "uiTempID" was declared but never referenced
        unsigned int uiTempID;
..\USER\source\LoraC8000.c: 11 warnings, 0 errors
compiling LoraC6000.c...
..\USER\source\LoraC6000.c(25): warning:  #177-D: variable "NVIC_InitStructure" was declared but never referenced
        NVIC_InitTypeDef NVIC_InitStructure;
..\USER\source\LoraC6000.c: 1 warning, 0 errors
compiling RS485.c...
compiling FlashOperate.c...
..\USER\source\FlashOperate.c(39): warning:  #177-D: function "WriteHalfWordToFlash" was declared but never referenced
  static void WriteHalfWordToFlash(unsigned short int uiWord, unsigned long ulFlashAdr)
..\USER\source\FlashOperate.c: 1 warning, 0 errors
compiling core_cm3.c...
compiling system_stm32f10x.c...
assembling startup_stm32f10x_hd.s...
compiling misc.c...
compiling stm32f10x_adc.c...
compiling stm32f10x_bkp.c...
compiling stm32f10x_can.c...
compiling stm32f10x_cec.c...
compiling stm32f10x_crc.c...
compiling stm32f10x_dac.c...
compiling stm32f10x_dbgmcu.c...
compiling stm32f10x_dma.c...
compiling stm32f10x_exti.c...
compiling stm32f10x_flash.c...
compiling stm32f10x_fsmc.c...
compiling stm32f10x_gpio.c...
compiling stm32f10x_i2c.c...
compiling stm32f10x_iwdg.c...
compiling stm32f10x_pwr.c...
compiling stm32f10x_rcc.c...
compiling stm32f10x_rtc.c...
compiling stm32f10x_sdio.c...
compiling stm32f10x_spi.c...
compiling stm32f10x_tim.c...
compiling stm32f10x_usart.c...
compiling stm32f10x_wwdg.c...
compiling bsp.c...
compiling cpu_core.c...
compiling cpu_c.c...
assembling cpu_a.asm...
compiling lib_ascii.c...
compiling lib_math.c...
compiling lib_mem.c...
compiling lib_str.c...
assembling lib_mem_a.asm...
compiling os_cfg_app.c...
compiling os_core.c...
compiling os_dbg.c...
compiling os_flag.c...
compiling os_int.c...
compiling os_mem.c...
compiling os_msg.c...
compiling os_mutex.c...
compiling os_pend_multi.c...
compiling os_prio.c...
compiling os_q.c...
compiling os_sem.c...
compiling os_stat.c...
compiling os_task.c...
compiling os_tick.c...
compiling os_time.c...
compiling os_tmr.c...
compiling os_var.c...
compiling os_cpu_c.c...
assembling os_cpu_a.s...
compiling os_app_hooks.c...
compiling sys.c...
compiling delay.c...
linking...
Program Size: Code=69948 RO-data=1292 RW-data=384 ZI-data=46944  
FromELF: creating hex file...
".\Output\LED-JIG.axf" - 0 Error(s), 53 Warning(s).

<h2>Software Packages used:</h2>

Package Vendor: ARM
                http://www.keil.com/pack/ARM.CMSIS.4.2.0.pack
                ARM::CMSIS:CORE:3.40.0
                CMSIS (Cortex Microcontroller Software Interface Standard)
   * Component: CORE Version: 3.40.0

<h2>Collection of Component include folders:</h2>
  E:\æ€—Ù\GITraken\JIG-GateWay\Project\RTE
  C:\Keil_v5\ARM\PACK\ARM\CMSIS\4.2.0\CMSIS\Include
  C:\Keil_v5\ARM\PACK\Keil\STM32F1xx_DFP\2.2.0

<h2>Collection of Component Files used:</h2>

   * Component: ARM::CMSIS:CORE:3.40.0
      Source file:   CMSIS\UserCodeTemplates\ARM\ITM_Retarget.c
</pre>
</body>
</html>
