<html>
<body>
<pre>
<h1>µVision Build Log</h1>
<h2>Tool Versions:</h2>
IDE-Version: ¦ÌVision V5.18a
Copyright (C) 2016 ARM Ltd and ARM Germany GmbH. All rights reserved.
License Information: q h, grc, LIC=YA312-9GLZB-62HLB-2LC25-8NH0E-J7AHB
 
Tool Versions:
Toolchain:       MDK-ARM Standard  Version: 5.18a
Toolchain Path:  C:\Keil_v5\ARM\ARMCC\Bin
C Compiler:      Armcc.exe V5.06 update 1 (build 61)
Assembler:       Armasm.exe V5.06 update 1 (build 61)
Linker/Locator:  ArmLink.exe V5.06 update 1 (build 61)
Library Manager: ArmAr.exe V5.06 update 1 (build 61)
Hex Converter:   FromElf.exe V5.06 update 1 (build 61)
CPU DLL:         SARMCM3.DLL V5.18a
Dialog DLL:      DCM.DLL V1.13.6.0
Target DLL:      UL2CM3.DLL V1.157.10.0
Dialog DLL:      TCM.DLL V1.14.8.0
 
<h2>Project:</h2>
D:\c source code\PLC_Testsystem\Project\PLC-TestSystem.uvprojx
Project File Date:  05/19/2016

<h2>Output:</h2>
*** Using Compiler 'V5.06 update 1 (build 61)', folder: 'C:\Keil_v5\ARM\ARMCC\Bin'
Build target 'MTC-000-UP0100'
compiling main.c...
compiling stm32f10x_it.c...
..\USER\source\stm32f10x_it.c(233): warning:  #550-D: variable "ucTempReceiveData" was set but never used
  	unsigned char ucTempReceiveData = 0;
..\USER\source\stm32f10x_it.c: 1 warning, 0 errors
compiling LCD12864G.c...
..\USER\source\LCD12864G.c(521): warning:  #177-D: variable "buffer" was declared but never referenced
    unsigned char buffer[2]; 
..\USER\source\LCD12864G.c(622): warning:  #177-D: variable "i" was declared but never referenced
    unsigned char i= 0,j=0;
..\USER\source\LCD12864G.c(702): warning:  #177-D: variable "i" was declared but never referenced
    unsigned char i= 0,j = 0;
..\USER\source\LCD12864G.c: 3 warnings, 0 errors
compiling KeyDriver.c...
compiling System_Initialize.c...
compiling MENU.c...
..\USER\source\MENU.c(819): warning:  #167-D: argument of type "unsigned char *" is incompatible with parameter of type "char *"
  			LCD_Display_String6x8(i+1,1,ucTab );			
..\USER\source\MENU.c(820): warning:  #167-D: argument of type "unsigned char *" is incompatible with parameter of type "char *"
  		  LCD_Display_String6x8(i+1,25,ucTempNodeID);				
..\USER\source\MENU.c(1423): warning:  #167-D: argument of type "unsigned char *" is incompatible with parameter of type "char *"
  	LCD_Display_String8x16(3,40,1,cTimeTemp);
..\USER\source\MENU.c: 3 warnings, 0 errors
compiling WordLib.c...
compiling DS3231.C...
compiling SIM900A.c...
compiling HLK_M30.c...
compiling core_cm3.c...
assembling startup_stm32f10x_cl.s...
compiling system_stm32f10x.c...
compiling misc.c...
compiling stm32f10x_bkp.c...
compiling stm32f10x_adc.c...
compiling stm32f10x_can.c...
compiling stm32f10x_cec.c...
compiling stm32f10x_crc.c...
compiling stm32f10x_dac.c...
compiling stm32f10x_dbgmcu.c...
compiling stm32f10x_dma.c...
compiling stm32f10x_exti.c...
compiling stm32f10x_flash.c...
compiling stm32f10x_fsmc.c...
compiling stm32f10x_gpio.c...
compiling stm32f10x_i2c.c...
compiling stm32f10x_iwdg.c...
compiling stm32f10x_pwr.c...
compiling stm32f10x_rcc.c...
compiling stm32f10x_rtc.c...
compiling stm32f10x_sdio.c...
compiling stm32f10x_spi.c...
compiling stm32f10x_tim.c...
compiling stm32f10x_usart.c...
compiling stm32f10x_wwdg.c...
linking...
Program Size: Code=20760 RO-data=1692 RW-data=2252 ZI-data=1308  
FromELF: creating hex file...
".\Output\MTC-000-UP0100-CA-1.1.1_141013_Alpha" - 0 Error(s), 7 Warning(s).

<h2>Software Packages used:</h2>

Package Vendor: ARM
                http://www.keil.com/pack/ARM.CMSIS.4.5.0.pack
                ARM::CMSIS:CORE:4.3.0
                CMSIS (Cortex Microcontroller Software Interface Standard)
   * Component: CORE Version: 4.3.0

<h2>Collection of Component include folders:</h2>
  D:\c source code\PLC_Testsystem\Project\RTE
  C:\Keil_v5\ARM\PACK\ARM\CMSIS\4.5.0\CMSIS\Include
  C:\Keil_v5\ARM\PACK\Keil\STM32F1xx_DFP\2.1.0\Device\Include

<h2>Collection of Component Files used:</h2>

   * Component: ARM::CMSIS:CORE:4.3.0
Build Time Elapsed:  00:00:40
</pre>
</body>
</html>
