<!doctype html public "-//w3c//dtd html 4.0 transitional//en">
<html><head>
<title>Static Call Graph - [.\Output\MTC-000-UP0100-CA-1.1.1_141013_Alpha]</title></head>
<body><HR>
<H1>Static Call Graph for image .\Output\MTC-000-UP0100-CA-1.1.1_141013_Alpha</H1><HR>
<BR><P>#&#060CALLGRAPH&#062# ARM Linker, 5060061: Last Updated: Thu May 19 10:18:37 2016
<BR><P>
<H3>Maximum Stack Usage =        160 bytes + Unknown(Cycles, Untraceable Function Pointers)</H3><H3>
Call chain for Maximum Stack Depth:</H3>
Menu3_10_1 &rArr; LCD_Display_CN_String &rArr; GT_Read_nByte &rArr; SPI_WriteByte
<P>
<H3>
Mutually Recursive functions
</H3> <LI><a href="#[65]">ADC1_2_IRQHandler</a>&nbsp;&nbsp;&nbsp;&rArr;&nbsp;&nbsp;&nbsp;<a href="#[65]">ADC1_2_IRQHandler</a><BR>
</UL>
<P>
<H3>
Function Pointers
</H3><UL>
 <LI><a href="#[65]">ADC1_2_IRQHandler</a> from startup_stm32f10x_cl.o(.text) referenced from startup_stm32f10x_cl.o(RESET)
 <LI><a href="#[4d]">BusFault_Handler</a> from stm32f10x_it.o(.text) referenced from startup_stm32f10x_cl.o(RESET)
 <LI><a href="#[67]">CAN1_RX0_IRQHandler</a> from startup_stm32f10x_cl.o(.text) referenced from startup_stm32f10x_cl.o(RESET)
 <LI><a href="#[68]">CAN1_RX1_IRQHandler</a> from startup_stm32f10x_cl.o(.text) referenced from startup_stm32f10x_cl.o(RESET)
 <LI><a href="#[69]">CAN1_SCE_IRQHandler</a> from startup_stm32f10x_cl.o(.text) referenced from startup_stm32f10x_cl.o(RESET)
 <LI><a href="#[66]">CAN1_TX_IRQHandler</a> from startup_stm32f10x_cl.o(.text) referenced from startup_stm32f10x_cl.o(RESET)
 <LI><a href="#[8c]">CAN2_RX0_IRQHandler</a> from startup_stm32f10x_cl.o(.text) referenced from startup_stm32f10x_cl.o(RESET)
 <LI><a href="#[8d]">CAN2_RX1_IRQHandler</a> from startup_stm32f10x_cl.o(.text) referenced from startup_stm32f10x_cl.o(RESET)
 <LI><a href="#[8e]">CAN2_SCE_IRQHandler</a> from startup_stm32f10x_cl.o(.text) referenced from startup_stm32f10x_cl.o(RESET)
 <LI><a href="#[8b]">CAN2_TX_IRQHandler</a> from startup_stm32f10x_cl.o(.text) referenced from startup_stm32f10x_cl.o(RESET)
 <LI><a href="#[5e]">DMA1_Channel1_IRQHandler</a> from startup_stm32f10x_cl.o(.text) referenced from startup_stm32f10x_cl.o(RESET)
 <LI><a href="#[5f]">DMA1_Channel2_IRQHandler</a> from startup_stm32f10x_cl.o(.text) referenced from startup_stm32f10x_cl.o(RESET)
 <LI><a href="#[60]">DMA1_Channel3_IRQHandler</a> from startup_stm32f10x_cl.o(.text) referenced from startup_stm32f10x_cl.o(RESET)
 <LI><a href="#[61]">DMA1_Channel4_IRQHandler</a> from startup_stm32f10x_cl.o(.text) referenced from startup_stm32f10x_cl.o(RESET)
 <LI><a href="#[62]">DMA1_Channel5_IRQHandler</a> from startup_stm32f10x_cl.o(.text) referenced from startup_stm32f10x_cl.o(RESET)
 <LI><a href="#[63]">DMA1_Channel6_IRQHandler</a> from startup_stm32f10x_cl.o(.text) referenced from startup_stm32f10x_cl.o(RESET)
 <LI><a href="#[64]">DMA1_Channel7_IRQHandler</a> from startup_stm32f10x_cl.o(.text) referenced from startup_stm32f10x_cl.o(RESET)
 <LI><a href="#[84]">DMA2_Channel1_IRQHandler</a> from startup_stm32f10x_cl.o(.text) referenced from startup_stm32f10x_cl.o(RESET)
 <LI><a href="#[85]">DMA2_Channel2_IRQHandler</a> from startup_stm32f10x_cl.o(.text) referenced from startup_stm32f10x_cl.o(RESET)
 <LI><a href="#[86]">DMA2_Channel3_IRQHandler</a> from startup_stm32f10x_cl.o(.text) referenced from startup_stm32f10x_cl.o(RESET)
 <LI><a href="#[87]">DMA2_Channel4_IRQHandler</a> from startup_stm32f10x_cl.o(.text) referenced from startup_stm32f10x_cl.o(RESET)
 <LI><a href="#[88]">DMA2_Channel5_IRQHandler</a> from startup_stm32f10x_cl.o(.text) referenced from startup_stm32f10x_cl.o(RESET)
 <LI><a href="#[50]">DebugMon_Handler</a> from stm32f10x_it.o(.text) referenced from startup_stm32f10x_cl.o(RESET)
 <LI><a href="#[89]">ETH_IRQHandler</a> from startup_stm32f10x_cl.o(.text) referenced from startup_stm32f10x_cl.o(RESET)
 <LI><a href="#[8a]">ETH_WKUP_IRQHandler</a> from startup_stm32f10x_cl.o(.text) referenced from startup_stm32f10x_cl.o(RESET)
 <LI><a href="#[59]">EXTI0_IRQHandler</a> from startup_stm32f10x_cl.o(.text) referenced from startup_stm32f10x_cl.o(RESET)
 <LI><a href="#[7b]">EXTI15_10_IRQHandler</a> from startup_stm32f10x_cl.o(.text) referenced from startup_stm32f10x_cl.o(RESET)
 <LI><a href="#[5a]">EXTI1_IRQHandler</a> from startup_stm32f10x_cl.o(.text) referenced from startup_stm32f10x_cl.o(RESET)
 <LI><a href="#[5b]">EXTI2_IRQHandler</a> from startup_stm32f10x_cl.o(.text) referenced from startup_stm32f10x_cl.o(RESET)
 <LI><a href="#[5c]">EXTI3_IRQHandler</a> from startup_stm32f10x_cl.o(.text) referenced from startup_stm32f10x_cl.o(RESET)
 <LI><a href="#[5d]">EXTI4_IRQHandler</a> from startup_stm32f10x_cl.o(.text) referenced from startup_stm32f10x_cl.o(RESET)
 <LI><a href="#[6a]">EXTI9_5_IRQHandler</a> from startup_stm32f10x_cl.o(.text) referenced from startup_stm32f10x_cl.o(RESET)
 <LI><a href="#[57]">FLASH_IRQHandler</a> from startup_stm32f10x_cl.o(.text) referenced from startup_stm32f10x_cl.o(RESET)
 <LI><a href="#[4b]">HardFault_Handler</a> from stm32f10x_it.o(.text) referenced from startup_stm32f10x_cl.o(RESET)
 <LI><a href="#[0]">HomePage</a> from menu.o(.text) referenced 2 times from menu.o(.data)
 <LI><a href="#[73]">I2C1_ER_IRQHandler</a> from startup_stm32f10x_cl.o(.text) referenced from startup_stm32f10x_cl.o(RESET)
 <LI><a href="#[72]">I2C1_EV_IRQHandler</a> from startup_stm32f10x_cl.o(.text) referenced from startup_stm32f10x_cl.o(RESET)
 <LI><a href="#[75]">I2C2_ER_IRQHandler</a> from startup_stm32f10x_cl.o(.text) referenced from startup_stm32f10x_cl.o(RESET)
 <LI><a href="#[74]">I2C2_EV_IRQHandler</a> from startup_stm32f10x_cl.o(.text) referenced from startup_stm32f10x_cl.o(RESET)
 <LI><a href="#[4c]">MemManage_Handler</a> from stm32f10x_it.o(.text) referenced from startup_stm32f10x_cl.o(RESET)
 <LI><a href="#[1]">Menu1</a> from menu.o(.text) referenced 2 times from menu.o(.data)
 <LI><a href="#[2]">Menu2</a> from menu.o(.text) referenced 2 times from menu.o(.data)
 <LI><a href="#[8]">Menu2_1</a> from menu.o(.text) referenced 2 times from menu.o(.data)
 <LI><a href="#[9]">Menu2_2</a> from menu.o(.text) referenced 2 times from menu.o(.data)
 <LI><a href="#[a]">Menu2_3</a> from menu.o(.text) referenced 2 times from menu.o(.data)
 <LI><a href="#[b]">Menu2_4</a> from menu.o(.text) referenced 2 times from menu.o(.data)
 <LI><a href="#[c]">Menu2_5</a> from menu.o(.text) referenced 2 times from menu.o(.data)
 <LI><a href="#[3]">Menu3</a> from menu.o(.text) referenced 2 times from menu.o(.data)
 <LI><a href="#[d]">Menu3_1</a> from menu.o(.text) referenced 2 times from menu.o(.data)
 <LI><a href="#[16]">Menu3_10</a> from menu.o(.text) referenced 2 times from menu.o(.data)
 <LI><a href="#[48]">Menu3_10_1</a> from menu.o(.text) referenced 2 times from menu.o(.data)
 <LI><a href="#[17]">Menu3_11</a> from menu.o(.text) referenced 2 times from menu.o(.data)
 <LI><a href="#[18]">Menu3_12</a> from menu.o(.text) referenced 2 times from menu.o(.data)
 <LI><a href="#[24]">Menu3_12_1</a> from menu.o(.text) referenced 2 times from menu.o(.data)
 <LI><a href="#[25]">Menu3_12_2</a> from menu.o(.text) referenced 2 times from menu.o(.data)
 <LI><a href="#[29]">Menu3_12_2_1</a> from menu.o(.text) referenced 2 times from menu.o(.data)
 <LI><a href="#[32]">Menu3_12_2_10</a> from menu.o(.text) referenced 2 times from menu.o(.data)
 <LI><a href="#[33]">Menu3_12_2_11</a> from menu.o(.text) referenced 2 times from menu.o(.data)
 <LI><a href="#[34]">Menu3_12_2_12</a> from menu.o(.text) referenced 2 times from menu.o(.data)
 <LI><a href="#[35]">Menu3_12_2_13</a> from menu.o(.text) referenced 2 times from menu.o(.data)
 <LI><a href="#[36]">Menu3_12_2_14</a> from menu.o(.text) referenced 2 times from menu.o(.data)
 <LI><a href="#[37]">Menu3_12_2_15</a> from menu.o(.text) referenced 2 times from menu.o(.data)
 <LI><a href="#[38]">Menu3_12_2_16</a> from menu.o(.text) referenced 2 times from menu.o(.data)
 <LI><a href="#[2a]">Menu3_12_2_2</a> from menu.o(.text) referenced 2 times from menu.o(.data)
 <LI><a href="#[2b]">Menu3_12_2_3</a> from menu.o(.text) referenced 2 times from menu.o(.data)
 <LI><a href="#[2c]">Menu3_12_2_4</a> from menu.o(.text) referenced 2 times from menu.o(.data)
 <LI><a href="#[2d]">Menu3_12_2_5</a> from menu.o(.text) referenced 2 times from menu.o(.data)
 <LI><a href="#[2e]">Menu3_12_2_6</a> from menu.o(.text) referenced 2 times from menu.o(.data)
 <LI><a href="#[2f]">Menu3_12_2_7</a> from menu.o(.text) referenced 2 times from menu.o(.data)
 <LI><a href="#[30]">Menu3_12_2_8</a> from menu.o(.text) referenced 2 times from menu.o(.data)
 <LI><a href="#[31]">Menu3_12_2_9</a> from menu.o(.text) referenced 2 times from menu.o(.data)
 <LI><a href="#[26]">Menu3_12_3</a> from menu.o(.text) referenced 2 times from menu.o(.data)
 <LI><a href="#[39]">Menu3_12_3_1</a> from menu.o(.text) referenced 2 times from menu.o(.data)
 <LI><a href="#[42]">Menu3_12_3_10</a> from menu.o(.text) referenced 2 times from menu.o(.data)
 <LI><a href="#[43]">Menu3_12_3_11</a> from menu.o(.text) referenced 2 times from menu.o(.data)
 <LI><a href="#[44]">Menu3_12_3_12</a> from menu.o(.text) referenced 2 times from menu.o(.data)
 <LI><a href="#[45]">Menu3_12_3_13</a> from menu.o(.text) referenced 2 times from menu.o(.data)
 <LI><a href="#[46]">Menu3_12_3_14</a> from menu.o(.text) referenced 2 times from menu.o(.data)
 <LI><a href="#[47]">Menu3_12_3_15</a> from menu.o(.text) referenced 2 times from menu.o(.data)
 <LI><a href="#[3a]">Menu3_12_3_2</a> from menu.o(.text) referenced 2 times from menu.o(.data)
 <LI><a href="#[3b]">Menu3_12_3_3</a> from menu.o(.text) referenced 2 times from menu.o(.data)
 <LI><a href="#[3c]">Menu3_12_3_4</a> from menu.o(.text) referenced 2 times from menu.o(.data)
 <LI><a href="#[3d]">Menu3_12_3_5</a> from menu.o(.text) referenced 2 times from menu.o(.data)
 <LI><a href="#[3e]">Menu3_12_3_6</a> from menu.o(.text) referenced 2 times from menu.o(.data)
 <LI><a href="#[3f]">Menu3_12_3_7</a> from menu.o(.text) referenced 2 times from menu.o(.data)
 <LI><a href="#[40]">Menu3_12_3_8</a> from menu.o(.text) referenced 2 times from menu.o(.data)
 <LI><a href="#[41]">Menu3_12_3_9</a> from menu.o(.text) referenced 2 times from menu.o(.data)
 <LI><a href="#[27]">Menu3_12_4</a> from menu.o(.text) referenced 2 times from menu.o(.data)
 <LI><a href="#[28]">Menu3_12_5</a> from menu.o(.text) referenced 2 times from menu.o(.data)
 <LI><a href="#[19]">Menu3_13</a> from menu.o(.text) referenced 2 times from menu.o(.data)
 <LI><a href="#[1b]">Menu3_13_1</a> from menu.o(.text) referenced 2 times from menu.o(.data)
 <LI><a href="#[1c]">Menu3_13_2</a> from menu.o(.text) referenced 2 times from menu.o(.data)
 <LI><a href="#[1d]">Menu3_13_3</a> from menu.o(.text) referenced 2 times from menu.o(.data)
 <LI><a href="#[1e]">Menu3_13_4</a> from menu.o(.text) referenced 2 times from menu.o(.data)
 <LI><a href="#[1f]">Menu3_13_5</a> from menu.o(.text) referenced 2 times from menu.o(.data)
 <LI><a href="#[20]">Menu3_13_6</a> from menu.o(.text) referenced 2 times from menu.o(.data)
 <LI><a href="#[21]">Menu3_13_7</a> from menu.o(.text) referenced 2 times from menu.o(.data)
 <LI><a href="#[22]">Menu3_13_8</a> from menu.o(.text) referenced 2 times from menu.o(.data)
 <LI><a href="#[23]">Menu3_13_9</a> from menu.o(.text) referenced 2 times from menu.o(.data)
 <LI><a href="#[1a]">Menu3_14</a> from menu.o(.text) referenced 2 times from menu.o(.data)
 <LI><a href="#[e]">Menu3_2</a> from menu.o(.text) referenced 2 times from menu.o(.data)
 <LI><a href="#[f]">Menu3_3</a> from menu.o(.text) referenced 2 times from menu.o(.data)
 <LI><a href="#[10]">Menu3_4</a> from menu.o(.text) referenced 2 times from menu.o(.data)
 <LI><a href="#[11]">Menu3_5</a> from menu.o(.text) referenced 2 times from menu.o(.data)
 <LI><a href="#[12]">Menu3_6</a> from menu.o(.text) referenced 2 times from menu.o(.data)
 <LI><a href="#[13]">Menu3_7</a> from menu.o(.text) referenced 2 times from menu.o(.data)
 <LI><a href="#[14]">Menu3_8</a> from menu.o(.text) referenced 2 times from menu.o(.data)
 <LI><a href="#[15]">Menu3_9</a> from menu.o(.text) referenced 2 times from menu.o(.data)
 <LI><a href="#[4]">Menu4</a> from menu.o(.text) referenced 2 times from menu.o(.data)
 <LI><a href="#[5]">Menu5</a> from menu.o(.text) referenced 2 times from menu.o(.data)
 <LI><a href="#[6]">Menu6</a> from menu.o(.text) referenced 2 times from menu.o(.data)
 <LI><a href="#[7]">Menu7</a> from menu.o(.text) referenced 2 times from menu.o(.data)
 <LI><a href="#[4a]">NMI_Handler</a> from stm32f10x_it.o(.text) referenced from startup_stm32f10x_cl.o(RESET)
 <LI><a href="#[8f]">OTG_FS_IRQHandler</a> from startup_stm32f10x_cl.o(.text) referenced from startup_stm32f10x_cl.o(RESET)
 <LI><a href="#[7d]">OTG_FS_WKUP_IRQHandler</a> from startup_stm32f10x_cl.o(.text) referenced from startup_stm32f10x_cl.o(RESET)
 <LI><a href="#[54]">PVD_IRQHandler</a> from startup_stm32f10x_cl.o(.text) referenced from startup_stm32f10x_cl.o(RESET)
 <LI><a href="#[51]">PendSV_Handler</a> from stm32f10x_it.o(.text) referenced from startup_stm32f10x_cl.o(RESET)
 <LI><a href="#[58]">RCC_IRQHandler</a> from startup_stm32f10x_cl.o(.text) referenced from startup_stm32f10x_cl.o(RESET)
 <LI><a href="#[7c]">RTCAlarm_IRQHandler</a> from startup_stm32f10x_cl.o(.text) referenced from startup_stm32f10x_cl.o(RESET)
 <LI><a href="#[56]">RTC_IRQHandler</a> from startup_stm32f10x_cl.o(.text) referenced from startup_stm32f10x_cl.o(RESET)
 <LI><a href="#[49]">Reset_Handler</a> from startup_stm32f10x_cl.o(.text) referenced from startup_stm32f10x_cl.o(RESET)
 <LI><a href="#[76]">SPI1_IRQHandler</a> from startup_stm32f10x_cl.o(.text) referenced from startup_stm32f10x_cl.o(RESET)
 <LI><a href="#[77]">SPI2_IRQHandler</a> from startup_stm32f10x_cl.o(.text) referenced from startup_stm32f10x_cl.o(RESET)
 <LI><a href="#[7f]">SPI3_IRQHandler</a> from startup_stm32f10x_cl.o(.text) referenced from startup_stm32f10x_cl.o(RESET)
 <LI><a href="#[4f]">SVC_Handler</a> from stm32f10x_it.o(.text) referenced from startup_stm32f10x_cl.o(RESET)
 <LI><a href="#[52]">SysTick_Handler</a> from stm32f10x_it.o(.text) referenced from startup_stm32f10x_cl.o(RESET)
 <LI><a href="#[91]">SystemInit</a> from system_stm32f10x.o(.text) referenced from startup_stm32f10x_cl.o(.text)
 <LI><a href="#[55]">TAMPER_IRQHandler</a> from startup_stm32f10x_cl.o(.text) referenced from startup_stm32f10x_cl.o(RESET)
 <LI><a href="#[6b]">TIM1_BRK_IRQHandler</a> from startup_stm32f10x_cl.o(.text) referenced from startup_stm32f10x_cl.o(RESET)
 <LI><a href="#[6e]">TIM1_CC_IRQHandler</a> from startup_stm32f10x_cl.o(.text) referenced from startup_stm32f10x_cl.o(RESET)
 <LI><a href="#[6d]">TIM1_TRG_COM_IRQHandler</a> from startup_stm32f10x_cl.o(.text) referenced from startup_stm32f10x_cl.o(RESET)
 <LI><a href="#[6c]">TIM1_UP_IRQHandler</a> from startup_stm32f10x_cl.o(.text) referenced from startup_stm32f10x_cl.o(RESET)
 <LI><a href="#[6f]">TIM2_IRQHandler</a> from startup_stm32f10x_cl.o(.text) referenced from startup_stm32f10x_cl.o(RESET)
 <LI><a href="#[70]">TIM3_IRQHandler</a> from startup_stm32f10x_cl.o(.text) referenced from startup_stm32f10x_cl.o(RESET)
 <LI><a href="#[71]">TIM4_IRQHandler</a> from startup_stm32f10x_cl.o(.text) referenced from startup_stm32f10x_cl.o(RESET)
 <LI><a href="#[7e]">TIM5_IRQHandler</a> from startup_stm32f10x_cl.o(.text) referenced from startup_stm32f10x_cl.o(RESET)
 <LI><a href="#[82]">TIM6_IRQHandler</a> from startup_stm32f10x_cl.o(.text) referenced from startup_stm32f10x_cl.o(RESET)
 <LI><a href="#[83]">TIM7_IRQHandler</a> from startup_stm32f10x_cl.o(.text) referenced from startup_stm32f10x_cl.o(RESET)
 <LI><a href="#[80]">UART4_IRQHandler</a> from stm32f10x_it.o(.text) referenced from startup_stm32f10x_cl.o(RESET)
 <LI><a href="#[81]">UART5_IRQHandler</a> from startup_stm32f10x_cl.o(.text) referenced from startup_stm32f10x_cl.o(RESET)
 <LI><a href="#[78]">USART1_IRQHandler</a> from stm32f10x_it.o(.text) referenced from startup_stm32f10x_cl.o(RESET)
 <LI><a href="#[79]">USART2_IRQHandler</a> from startup_stm32f10x_cl.o(.text) referenced from startup_stm32f10x_cl.o(RESET)
 <LI><a href="#[7a]">USART3_IRQHandler</a> from stm32f10x_it.o(.text) referenced from startup_stm32f10x_cl.o(RESET)
 <LI><a href="#[4e]">UsageFault_Handler</a> from stm32f10x_it.o(.text) referenced from startup_stm32f10x_cl.o(RESET)
 <LI><a href="#[53]">WWDG_IRQHandler</a> from startup_stm32f10x_cl.o(.text) referenced from startup_stm32f10x_cl.o(RESET)
 <LI><a href="#[92]">__main</a> from entry.o(.ARM.Collect$$$$00000000) referenced from startup_stm32f10x_cl.o(.text)
 <LI><a href="#[90]">main</a> from main.o(.text) referenced from entry9a.o(.ARM.Collect$$$$0000000B)
</UL>
<P>
<H3>
Global Symbols
</H3>
<P><STRONG><a name="[92]"></a>__main</STRONG> (Thumb, 0 bytes, Stack size unknown bytes, entry.o(.ARM.Collect$$$$00000000))
<BR>[Address Reference Count : 1]<UL><LI> startup_stm32f10x_cl.o(.text)
</UL>
<P><STRONG><a name="[110]"></a>_main_stk</STRONG> (Thumb, 0 bytes, Stack size unknown bytes, entry2.o(.ARM.Collect$$$$00000001))

<P><STRONG><a name="[93]"></a>_main_scatterload</STRONG> (Thumb, 0 bytes, Stack size unknown bytes, entry5.o(.ARM.Collect$$$$00000004))
<BR><BR>[Calls]<UL><LI><a href="#[94]">&gt;&gt;</a>&nbsp;&nbsp;&nbsp;__scatterload
</UL>

<P><STRONG><a name="[10f]"></a>__main_after_scatterload</STRONG> (Thumb, 0 bytes, Stack size unknown bytes, entry5.o(.ARM.Collect$$$$00000004))
<BR><BR>[Called By]<UL><LI><a href="#[94]">&gt;&gt;</a>&nbsp;&nbsp;&nbsp;__scatterload
</UL>

<P><STRONG><a name="[111]"></a>_main_clock</STRONG> (Thumb, 0 bytes, Stack size unknown bytes, entry7b.o(.ARM.Collect$$$$00000008))

<P><STRONG><a name="[112]"></a>_main_cpp_init</STRONG> (Thumb, 0 bytes, Stack size unknown bytes, entry8b.o(.ARM.Collect$$$$0000000A))

<P><STRONG><a name="[113]"></a>_main_init</STRONG> (Thumb, 0 bytes, Stack size unknown bytes, entry9a.o(.ARM.Collect$$$$0000000B))

<P><STRONG><a name="[114]"></a>__rt_final_cpp</STRONG> (Thumb, 0 bytes, Stack size unknown bytes, entry10a.o(.ARM.Collect$$$$0000000D))

<P><STRONG><a name="[115]"></a>__rt_final_exit</STRONG> (Thumb, 0 bytes, Stack size unknown bytes, entry11a.o(.ARM.Collect$$$$0000000F))

<P><STRONG><a name="[95]"></a>Delayms</STRONG> (Thumb, 32 bytes, Stack size 0 bytes, main.o(.text))
<BR><BR>[Called By]<UL><LI><a href="#[97]">&gt;&gt;</a>&nbsp;&nbsp;&nbsp;HLK_M30_Init
<LI><a href="#[90]">&gt;&gt;</a>&nbsp;&nbsp;&nbsp;main
</UL>

<P><STRONG><a name="[90]"></a>main</STRONG> (Thumb, 308 bytes, Stack size 0 bytes, main.o(.text))
<BR><BR>[Stack]<UL><LI>Max Depth = 120<LI>Call Chain = main &rArr; LCD_Display_Time &rArr; LCD_Display_CN_String &rArr; GT_Read_nByte &rArr; SPI_WriteByte
</UL>
<BR>[Calls]<UL><LI><a href="#[9f]">&gt;&gt;</a>&nbsp;&nbsp;&nbsp;USART3_NVIC_Configuration
<LI><a href="#[91]">&gt;&gt;</a>&nbsp;&nbsp;&nbsp;SystemInit
<LI><a href="#[a4]">&gt;&gt;</a>&nbsp;&nbsp;&nbsp;SetIpPort
<LI><a href="#[9c]">&gt;&gt;</a>&nbsp;&nbsp;&nbsp;STM32_USART_Init
<LI><a href="#[9e]">&gt;&gt;</a>&nbsp;&nbsp;&nbsp;STM32_USART3_Init
<LI><a href="#[a0]">&gt;&gt;</a>&nbsp;&nbsp;&nbsp;STM32_LED_Init
<LI><a href="#[96]">&gt;&gt;</a>&nbsp;&nbsp;&nbsp;SIM900A_Init
<LI><a href="#[9d]">&gt;&gt;</a>&nbsp;&nbsp;&nbsp;NVIC_Configuration
<LI><a href="#[a6]">&gt;&gt;</a>&nbsp;&nbsp;&nbsp;LCD_Display_Time
<LI><a href="#[9b]">&gt;&gt;</a>&nbsp;&nbsp;&nbsp;LCD_Display_CN_String
<LI><a href="#[99]">&gt;&gt;</a>&nbsp;&nbsp;&nbsp;LCD_CLEAR_SCREEN
<LI><a href="#[98]">&gt;&gt;</a>&nbsp;&nbsp;&nbsp;LCD12864G_Init
<LI><a href="#[9a]">&gt;&gt;</a>&nbsp;&nbsp;&nbsp;Key_GPIO_Config
<LI><a href="#[a7]">&gt;&gt;</a>&nbsp;&nbsp;&nbsp;KeyScan
<LI><a href="#[a8]">&gt;&gt;</a>&nbsp;&nbsp;&nbsp;KeyOperation
<LI><a href="#[a1]">&gt;&gt;</a>&nbsp;&nbsp;&nbsp;I2C_DS3231_Config
<LI><a href="#[0]">&gt;&gt;</a>&nbsp;&nbsp;&nbsp;HomePage
<LI><a href="#[97]">&gt;&gt;</a>&nbsp;&nbsp;&nbsp;HLK_M30_Init
<LI><a href="#[a3]">&gt;&gt;</a>&nbsp;&nbsp;&nbsp;GPIO_SetBits
<LI><a href="#[a2]">&gt;&gt;</a>&nbsp;&nbsp;&nbsp;GPIO_ResetBits
<LI><a href="#[a5]">&gt;&gt;</a>&nbsp;&nbsp;&nbsp;GPIO_PinReverse
<LI><a href="#[95]">&gt;&gt;</a>&nbsp;&nbsp;&nbsp;Delayms
</UL>
<BR>[Address Reference Count : 1]<UL><LI> entry9a.o(.ARM.Collect$$$$0000000B)
</UL>
<P><STRONG><a name="[116]"></a>fputc</STRONG> (Thumb, 2 bytes, Stack size 0 bytes, main.o(.text), UNUSED)

<P><STRONG><a name="[4a]"></a>NMI_Handler</STRONG> (Thumb, 2 bytes, Stack size 0 bytes, stm32f10x_it.o(.text))
<BR>[Address Reference Count : 1]<UL><LI> startup_stm32f10x_cl.o(RESET)
</UL>
<P><STRONG><a name="[4b]"></a>HardFault_Handler</STRONG> (Thumb, 4 bytes, Stack size 0 bytes, stm32f10x_it.o(.text))
<BR>[Address Reference Count : 1]<UL><LI> startup_stm32f10x_cl.o(RESET)
</UL>
<P><STRONG><a name="[4c]"></a>MemManage_Handler</STRONG> (Thumb, 4 bytes, Stack size 0 bytes, stm32f10x_it.o(.text))
<BR>[Address Reference Count : 1]<UL><LI> startup_stm32f10x_cl.o(RESET)
</UL>
<P><STRONG><a name="[4d]"></a>BusFault_Handler</STRONG> (Thumb, 4 bytes, Stack size 0 bytes, stm32f10x_it.o(.text))
<BR>[Address Reference Count : 1]<UL><LI> startup_stm32f10x_cl.o(RESET)
</UL>
<P><STRONG><a name="[4e]"></a>UsageFault_Handler</STRONG> (Thumb, 4 bytes, Stack size 0 bytes, stm32f10x_it.o(.text))
<BR>[Address Reference Count : 1]<UL><LI> startup_stm32f10x_cl.o(RESET)
</UL>
<P><STRONG><a name="[4f]"></a>SVC_Handler</STRONG> (Thumb, 2 bytes, Stack size 0 bytes, stm32f10x_it.o(.text))
<BR>[Address Reference Count : 1]<UL><LI> startup_stm32f10x_cl.o(RESET)
</UL>
<P><STRONG><a name="[50]"></a>DebugMon_Handler</STRONG> (Thumb, 2 bytes, Stack size 0 bytes, stm32f10x_it.o(.text))
<BR>[Address Reference Count : 1]<UL><LI> startup_stm32f10x_cl.o(RESET)
</UL>
<P><STRONG><a name="[51]"></a>PendSV_Handler</STRONG> (Thumb, 2 bytes, Stack size 0 bytes, stm32f10x_it.o(.text))
<BR>[Address Reference Count : 1]<UL><LI> startup_stm32f10x_cl.o(RESET)
</UL>
<P><STRONG><a name="[52]"></a>SysTick_Handler</STRONG> (Thumb, 280 bytes, Stack size 8 bytes, stm32f10x_it.o(.text))
<BR><BR>[Stack]<UL><LI>Max Depth = 72<LI>Call Chain = SysTick_Handler &rArr; HomePage &rArr; Display_Graphic_32x32 &rArr; LCD_WRITE_ADDRESS &rArr; LCD_WRITE_COMMAND
</UL>
<BR>[Calls]<UL><LI><a href="#[0]">&gt;&gt;</a>&nbsp;&nbsp;&nbsp;HomePage
<LI><a href="#[a3]">&gt;&gt;</a>&nbsp;&nbsp;&nbsp;GPIO_SetBits
<LI><a href="#[a2]">&gt;&gt;</a>&nbsp;&nbsp;&nbsp;GPIO_ResetBits
</UL>
<BR>[Address Reference Count : 1]<UL><LI> startup_stm32f10x_cl.o(RESET)
</UL>
<P><STRONG><a name="[78]"></a>USART1_IRQHandler</STRONG> (Thumb, 78 bytes, Stack size 8 bytes, stm32f10x_it.o(.text))
<BR><BR>[Stack]<UL><LI>Max Depth = 24<LI>Call Chain = USART1_IRQHandler &rArr; USART_GetITStatus
</UL>
<BR>[Calls]<UL><LI><a href="#[aa]">&gt;&gt;</a>&nbsp;&nbsp;&nbsp;USART_ReceiveData
<LI><a href="#[a9]">&gt;&gt;</a>&nbsp;&nbsp;&nbsp;USART_GetITStatus
<LI><a href="#[ab]">&gt;&gt;</a>&nbsp;&nbsp;&nbsp;USART_ClearFlag
</UL>
<BR>[Address Reference Count : 1]<UL><LI> startup_stm32f10x_cl.o(RESET)
</UL>
<P><STRONG><a name="[7a]"></a>USART3_IRQHandler</STRONG> (Thumb, 34 bytes, Stack size 8 bytes, stm32f10x_it.o(.text))
<BR><BR>[Stack]<UL><LI>Max Depth = 24<LI>Call Chain = USART3_IRQHandler &rArr; USART_GetITStatus
</UL>
<BR>[Calls]<UL><LI><a href="#[aa]">&gt;&gt;</a>&nbsp;&nbsp;&nbsp;USART_ReceiveData
<LI><a href="#[a9]">&gt;&gt;</a>&nbsp;&nbsp;&nbsp;USART_GetITStatus
<LI><a href="#[ab]">&gt;&gt;</a>&nbsp;&nbsp;&nbsp;USART_ClearFlag
</UL>
<BR>[Address Reference Count : 1]<UL><LI> startup_stm32f10x_cl.o(RESET)
</UL>
<P><STRONG><a name="[80]"></a>UART4_IRQHandler</STRONG> (Thumb, 84 bytes, Stack size 8 bytes, stm32f10x_it.o(.text))
<BR><BR>[Stack]<UL><LI>Max Depth = 24<LI>Call Chain = UART4_IRQHandler &rArr; USART_GetITStatus
</UL>
<BR>[Calls]<UL><LI><a href="#[aa]">&gt;&gt;</a>&nbsp;&nbsp;&nbsp;USART_ReceiveData
<LI><a href="#[a9]">&gt;&gt;</a>&nbsp;&nbsp;&nbsp;USART_GetITStatus
<LI><a href="#[ab]">&gt;&gt;</a>&nbsp;&nbsp;&nbsp;USART_ClearFlag
<LI><a href="#[ac]">&gt;&gt;</a>&nbsp;&nbsp;&nbsp;USART4_Send_Byte
</UL>
<BR>[Address Reference Count : 1]<UL><LI> startup_stm32f10x_cl.o(RESET)
</UL>
<P><STRONG><a name="[ad]"></a>GT20L16S1Y_Config</STRONG> (Thumb, 204 bytes, Stack size 32 bytes, lcd12864g.o(.text))
<BR><BR>[Stack]<UL><LI>Max Depth = 56<LI>Call Chain = GT20L16S1Y_Config &rArr; GPIO_Init
</UL>
<BR>[Calls]<UL><LI><a href="#[b2]">&gt;&gt;</a>&nbsp;&nbsp;&nbsp;SPI_Init
<LI><a href="#[b3]">&gt;&gt;</a>&nbsp;&nbsp;&nbsp;SPI_Cmd
<LI><a href="#[ae]">&gt;&gt;</a>&nbsp;&nbsp;&nbsp;RCC_APB2PeriphClockCmd
<LI><a href="#[af]">&gt;&gt;</a>&nbsp;&nbsp;&nbsp;RCC_APB1PeriphClockCmd
<LI><a href="#[b0]">&gt;&gt;</a>&nbsp;&nbsp;&nbsp;GPIO_PinRemapConfig
<LI><a href="#[b1]">&gt;&gt;</a>&nbsp;&nbsp;&nbsp;GPIO_Init
<LI><a href="#[a3]">&gt;&gt;</a>&nbsp;&nbsp;&nbsp;GPIO_SetBits
</UL>
<BR>[Called By]<UL><LI><a href="#[b4]">&gt;&gt;</a>&nbsp;&nbsp;&nbsp;LCD12864G_GPIO_Config
</UL>

<P><STRONG><a name="[b4]"></a>LCD12864G_GPIO_Config</STRONG> (Thumb, 88 bytes, Stack size 8 bytes, lcd12864g.o(.text))
<BR><BR>[Stack]<UL><LI>Max Depth = 64<LI>Call Chain = LCD12864G_GPIO_Config &rArr; GT20L16S1Y_Config &rArr; GPIO_Init
</UL>
<BR>[Calls]<UL><LI><a href="#[ae]">&gt;&gt;</a>&nbsp;&nbsp;&nbsp;RCC_APB2PeriphClockCmd
<LI><a href="#[b1]">&gt;&gt;</a>&nbsp;&nbsp;&nbsp;GPIO_Init
<LI><a href="#[ad]">&gt;&gt;</a>&nbsp;&nbsp;&nbsp;GT20L16S1Y_Config
<LI><a href="#[a2]">&gt;&gt;</a>&nbsp;&nbsp;&nbsp;GPIO_ResetBits
</UL>
<BR>[Called By]<UL><LI><a href="#[98]">&gt;&gt;</a>&nbsp;&nbsp;&nbsp;LCD12864G_Init
</UL>

<P><STRONG><a name="[b5]"></a>SPI_WriteByte</STRONG> (Thumb, 54 bytes, Stack size 16 bytes, lcd12864g.o(.text))
<BR><BR>[Stack]<UL><LI>Max Depth = 16<LI>Call Chain = SPI_WriteByte
</UL>
<BR>[Calls]<UL><LI><a href="#[b7]">&gt;&gt;</a>&nbsp;&nbsp;&nbsp;SPI_I2S_SendData
<LI><a href="#[b8]">&gt;&gt;</a>&nbsp;&nbsp;&nbsp;SPI_I2S_ReceiveData
<LI><a href="#[b6]">&gt;&gt;</a>&nbsp;&nbsp;&nbsp;SPI_I2S_GetFlagStatus
</UL>
<BR>[Called By]<UL><LI><a href="#[c7]">&gt;&gt;</a>&nbsp;&nbsp;&nbsp;GT_Read_nByte
<LI><a href="#[c6]">&gt;&gt;</a>&nbsp;&nbsp;&nbsp;GT_Readbyte
</UL>

<P><STRONG><a name="[bd]"></a>Delay</STRONG> (Thumb, 16 bytes, Stack size 0 bytes, lcd12864g.o(.text))
<BR><BR>[Called By]<UL><LI><a href="#[98]">&gt;&gt;</a>&nbsp;&nbsp;&nbsp;LCD12864G_Init
</UL>

<P><STRONG><a name="[117]"></a>Delay_us</STRONG> (Thumb, 14 bytes, Stack size 0 bytes, lcd12864g.o(.text), UNUSED)

<P><STRONG><a name="[b9]"></a>LCD_WRITE_COMMAND</STRONG> (Thumb, 88 bytes, Stack size 16 bytes, lcd12864g.o(.text))
<BR><BR>[Stack]<UL><LI>Max Depth = 16<LI>Call Chain = LCD_WRITE_COMMAND
</UL>
<BR>[Calls]<UL><LI><a href="#[a3]">&gt;&gt;</a>&nbsp;&nbsp;&nbsp;GPIO_SetBits
<LI><a href="#[a2]">&gt;&gt;</a>&nbsp;&nbsp;&nbsp;GPIO_ResetBits
</UL>
<BR>[Called By]<UL><LI><a href="#[be]">&gt;&gt;</a>&nbsp;&nbsp;&nbsp;LCD_SetDisplayModel
<LI><a href="#[bc]">&gt;&gt;</a>&nbsp;&nbsp;&nbsp;SetCursor
<LI><a href="#[bb]">&gt;&gt;</a>&nbsp;&nbsp;&nbsp;LCD_WRITE_ADDRESS
<LI><a href="#[99]">&gt;&gt;</a>&nbsp;&nbsp;&nbsp;LCD_CLEAR_SCREEN
<LI><a href="#[98]">&gt;&gt;</a>&nbsp;&nbsp;&nbsp;LCD12864G_Init
</UL>

<P><STRONG><a name="[ba]"></a>LCD_WRITE_DATA</STRONG> (Thumb, 88 bytes, Stack size 16 bytes, lcd12864g.o(.text))
<BR><BR>[Stack]<UL><LI>Max Depth = 16<LI>Call Chain = LCD_WRITE_DATA
</UL>
<BR>[Calls]<UL><LI><a href="#[a3]">&gt;&gt;</a>&nbsp;&nbsp;&nbsp;GPIO_SetBits
<LI><a href="#[a2]">&gt;&gt;</a>&nbsp;&nbsp;&nbsp;GPIO_ResetBits
</UL>
<BR>[Called By]<UL><LI><a href="#[ca]">&gt;&gt;</a>&nbsp;&nbsp;&nbsp;LCD_Display_CN
<LI><a href="#[c9]">&gt;&gt;</a>&nbsp;&nbsp;&nbsp;LCD_Display_String6x8
<LI><a href="#[c8]">&gt;&gt;</a>&nbsp;&nbsp;&nbsp;LCD_Display_String8x16
<LI><a href="#[c5]">&gt;&gt;</a>&nbsp;&nbsp;&nbsp;Display_Graphic_128x64
<LI><a href="#[c4]">&gt;&gt;</a>&nbsp;&nbsp;&nbsp;Display_Graphic_15x32
<LI><a href="#[c3]">&gt;&gt;</a>&nbsp;&nbsp;&nbsp;Display_Graphic_32x32
<LI><a href="#[c2]">&gt;&gt;</a>&nbsp;&nbsp;&nbsp;Display_Graphic_24x24
<LI><a href="#[c1]">&gt;&gt;</a>&nbsp;&nbsp;&nbsp;Display_Graphic_16x16
<LI><a href="#[c0]">&gt;&gt;</a>&nbsp;&nbsp;&nbsp;DisplayGraphic_8x8
<LI><a href="#[bf]">&gt;&gt;</a>&nbsp;&nbsp;&nbsp;DisplayGraphic_16x9
<LI><a href="#[9b]">&gt;&gt;</a>&nbsp;&nbsp;&nbsp;LCD_Display_CN_String
<LI><a href="#[99]">&gt;&gt;</a>&nbsp;&nbsp;&nbsp;LCD_CLEAR_SCREEN
</UL>

<P><STRONG><a name="[bb]"></a>LCD_WRITE_ADDRESS</STRONG> (Thumb, 42 bytes, Stack size 16 bytes, lcd12864g.o(.text))
<BR><BR>[Stack]<UL><LI>Max Depth = 32<LI>Call Chain = LCD_WRITE_ADDRESS &rArr; LCD_WRITE_COMMAND
</UL>
<BR>[Calls]<UL><LI><a href="#[b9]">&gt;&gt;</a>&nbsp;&nbsp;&nbsp;LCD_WRITE_COMMAND
</UL>
<BR>[Called By]<UL><LI><a href="#[ca]">&gt;&gt;</a>&nbsp;&nbsp;&nbsp;LCD_Display_CN
<LI><a href="#[c9]">&gt;&gt;</a>&nbsp;&nbsp;&nbsp;LCD_Display_String6x8
<LI><a href="#[c8]">&gt;&gt;</a>&nbsp;&nbsp;&nbsp;LCD_Display_String8x16
<LI><a href="#[c5]">&gt;&gt;</a>&nbsp;&nbsp;&nbsp;Display_Graphic_128x64
<LI><a href="#[c4]">&gt;&gt;</a>&nbsp;&nbsp;&nbsp;Display_Graphic_15x32
<LI><a href="#[c3]">&gt;&gt;</a>&nbsp;&nbsp;&nbsp;Display_Graphic_32x32
<LI><a href="#[c2]">&gt;&gt;</a>&nbsp;&nbsp;&nbsp;Display_Graphic_24x24
<LI><a href="#[c1]">&gt;&gt;</a>&nbsp;&nbsp;&nbsp;Display_Graphic_16x16
<LI><a href="#[c0]">&gt;&gt;</a>&nbsp;&nbsp;&nbsp;DisplayGraphic_8x8
<LI><a href="#[bf]">&gt;&gt;</a>&nbsp;&nbsp;&nbsp;DisplayGraphic_16x9
<LI><a href="#[9b]">&gt;&gt;</a>&nbsp;&nbsp;&nbsp;LCD_Display_CN_String
</UL>

<P><STRONG><a name="[bc]"></a>SetCursor</STRONG> (Thumb, 40 bytes, Stack size 16 bytes, lcd12864g.o(.text), UNUSED)
<BR><BR>[Calls]<UL><LI><a href="#[b9]">&gt;&gt;</a>&nbsp;&nbsp;&nbsp;LCD_WRITE_COMMAND
</UL>

<P><STRONG><a name="[99]"></a>LCD_CLEAR_SCREEN</STRONG> (Thumb, 56 bytes, Stack size 16 bytes, lcd12864g.o(.text))
<BR><BR>[Stack]<UL><LI>Max Depth = 32<LI>Call Chain = LCD_CLEAR_SCREEN &rArr; LCD_WRITE_DATA
</UL>
<BR>[Calls]<UL><LI><a href="#[ba]">&gt;&gt;</a>&nbsp;&nbsp;&nbsp;LCD_WRITE_DATA
<LI><a href="#[b9]">&gt;&gt;</a>&nbsp;&nbsp;&nbsp;LCD_WRITE_COMMAND
</UL>
<BR>[Called By]<UL><LI><a href="#[23]">&gt;&gt;</a>&nbsp;&nbsp;&nbsp;Menu3_13_9
<LI><a href="#[1b]">&gt;&gt;</a>&nbsp;&nbsp;&nbsp;Menu3_13_1
<LI><a href="#[47]">&gt;&gt;</a>&nbsp;&nbsp;&nbsp;Menu3_12_3_15
<LI><a href="#[46]">&gt;&gt;</a>&nbsp;&nbsp;&nbsp;Menu3_12_3_14
<LI><a href="#[39]">&gt;&gt;</a>&nbsp;&nbsp;&nbsp;Menu3_12_3_1
<LI><a href="#[38]">&gt;&gt;</a>&nbsp;&nbsp;&nbsp;Menu3_12_2_16
<LI><a href="#[37]">&gt;&gt;</a>&nbsp;&nbsp;&nbsp;Menu3_12_2_15
<LI><a href="#[29]">&gt;&gt;</a>&nbsp;&nbsp;&nbsp;Menu3_12_2_1
<LI><a href="#[24]">&gt;&gt;</a>&nbsp;&nbsp;&nbsp;Menu3_12_1
<LI><a href="#[48]">&gt;&gt;</a>&nbsp;&nbsp;&nbsp;Menu3_10_1
<LI><a href="#[16]">&gt;&gt;</a>&nbsp;&nbsp;&nbsp;Menu3_10
<LI><a href="#[d]">&gt;&gt;</a>&nbsp;&nbsp;&nbsp;Menu3_1
<LI><a href="#[8]">&gt;&gt;</a>&nbsp;&nbsp;&nbsp;Menu2_1
<LI><a href="#[1]">&gt;&gt;</a>&nbsp;&nbsp;&nbsp;Menu1
<LI><a href="#[0]">&gt;&gt;</a>&nbsp;&nbsp;&nbsp;HomePage
<LI><a href="#[90]">&gt;&gt;</a>&nbsp;&nbsp;&nbsp;main
</UL>

<P><STRONG><a name="[98]"></a>LCD12864G_Init</STRONG> (Thumb, 138 bytes, Stack size 8 bytes, lcd12864g.o(.text))
<BR><BR>[Stack]<UL><LI>Max Depth = 72<LI>Call Chain = LCD12864G_Init &rArr; LCD12864G_GPIO_Config &rArr; GT20L16S1Y_Config &rArr; GPIO_Init
</UL>
<BR>[Calls]<UL><LI><a href="#[b9]">&gt;&gt;</a>&nbsp;&nbsp;&nbsp;LCD_WRITE_COMMAND
<LI><a href="#[bd]">&gt;&gt;</a>&nbsp;&nbsp;&nbsp;Delay
<LI><a href="#[b4]">&gt;&gt;</a>&nbsp;&nbsp;&nbsp;LCD12864G_GPIO_Config
<LI><a href="#[a3]">&gt;&gt;</a>&nbsp;&nbsp;&nbsp;GPIO_SetBits
<LI><a href="#[a2]">&gt;&gt;</a>&nbsp;&nbsp;&nbsp;GPIO_ResetBits
</UL>
<BR>[Called By]<UL><LI><a href="#[90]">&gt;&gt;</a>&nbsp;&nbsp;&nbsp;main
</UL>

<P><STRONG><a name="[be]"></a>LCD_SetDisplayModel</STRONG> (Thumb, 22 bytes, Stack size 8 bytes, lcd12864g.o(.text), UNUSED)
<BR><BR>[Calls]<UL><LI><a href="#[b9]">&gt;&gt;</a>&nbsp;&nbsp;&nbsp;LCD_WRITE_COMMAND
</UL>

<P><STRONG><a name="[bf]"></a>DisplayGraphic_16x9</STRONG> (Thumb, 78 bytes, Stack size 32 bytes, lcd12864g.o(.text))
<BR><BR>[Stack]<UL><LI>Max Depth = 64<LI>Call Chain = DisplayGraphic_16x9 &rArr; LCD_WRITE_ADDRESS &rArr; LCD_WRITE_COMMAND
</UL>
<BR>[Calls]<UL><LI><a href="#[bb]">&gt;&gt;</a>&nbsp;&nbsp;&nbsp;LCD_WRITE_ADDRESS
<LI><a href="#[ba]">&gt;&gt;</a>&nbsp;&nbsp;&nbsp;LCD_WRITE_DATA
</UL>
<BR>[Called By]<UL><LI><a href="#[28]">&gt;&gt;</a>&nbsp;&nbsp;&nbsp;Menu3_12_5
<LI><a href="#[27]">&gt;&gt;</a>&nbsp;&nbsp;&nbsp;Menu3_12_4
<LI><a href="#[26]">&gt;&gt;</a>&nbsp;&nbsp;&nbsp;Menu3_12_3
<LI><a href="#[25]">&gt;&gt;</a>&nbsp;&nbsp;&nbsp;Menu3_12_2
<LI><a href="#[24]">&gt;&gt;</a>&nbsp;&nbsp;&nbsp;Menu3_12_1
<LI><a href="#[1a]">&gt;&gt;</a>&nbsp;&nbsp;&nbsp;Menu3_14
<LI><a href="#[19]">&gt;&gt;</a>&nbsp;&nbsp;&nbsp;Menu3_13
<LI><a href="#[18]">&gt;&gt;</a>&nbsp;&nbsp;&nbsp;Menu3_12
<LI><a href="#[16]">&gt;&gt;</a>&nbsp;&nbsp;&nbsp;Menu3_10
<LI><a href="#[17]">&gt;&gt;</a>&nbsp;&nbsp;&nbsp;Menu3_11
<LI><a href="#[c]">&gt;&gt;</a>&nbsp;&nbsp;&nbsp;Menu2_5
<LI><a href="#[b]">&gt;&gt;</a>&nbsp;&nbsp;&nbsp;Menu2_4
<LI><a href="#[a]">&gt;&gt;</a>&nbsp;&nbsp;&nbsp;Menu2_3
<LI><a href="#[9]">&gt;&gt;</a>&nbsp;&nbsp;&nbsp;Menu2_2
<LI><a href="#[8]">&gt;&gt;</a>&nbsp;&nbsp;&nbsp;Menu2_1
</UL>

<P><STRONG><a name="[c0]"></a>DisplayGraphic_8x8</STRONG> (Thumb, 44 bytes, Stack size 24 bytes, lcd12864g.o(.text), UNUSED)
<BR><BR>[Calls]<UL><LI><a href="#[bb]">&gt;&gt;</a>&nbsp;&nbsp;&nbsp;LCD_WRITE_ADDRESS
<LI><a href="#[ba]">&gt;&gt;</a>&nbsp;&nbsp;&nbsp;LCD_WRITE_DATA
</UL>

<P><STRONG><a name="[c1]"></a>Display_Graphic_16x16</STRONG> (Thumb, 104 bytes, Stack size 32 bytes, lcd12864g.o(.text))
<BR><BR>[Stack]<UL><LI>Max Depth = 64<LI>Call Chain = Display_Graphic_16x16 &rArr; LCD_WRITE_ADDRESS &rArr; LCD_WRITE_COMMAND
</UL>
<BR>[Calls]<UL><LI><a href="#[bb]">&gt;&gt;</a>&nbsp;&nbsp;&nbsp;LCD_WRITE_ADDRESS
<LI><a href="#[ba]">&gt;&gt;</a>&nbsp;&nbsp;&nbsp;LCD_WRITE_DATA
</UL>
<BR>[Called By]<UL><LI><a href="#[48]">&gt;&gt;</a>&nbsp;&nbsp;&nbsp;Menu3_10_1
</UL>

<P><STRONG><a name="[c2]"></a>Display_Graphic_24x24</STRONG> (Thumb, 78 bytes, Stack size 32 bytes, lcd12864g.o(.text))
<BR><BR>[Stack]<UL><LI>Max Depth = 64<LI>Call Chain = Display_Graphic_24x24 &rArr; LCD_WRITE_ADDRESS &rArr; LCD_WRITE_COMMAND
</UL>
<BR>[Calls]<UL><LI><a href="#[bb]">&gt;&gt;</a>&nbsp;&nbsp;&nbsp;LCD_WRITE_ADDRESS
<LI><a href="#[ba]">&gt;&gt;</a>&nbsp;&nbsp;&nbsp;LCD_WRITE_DATA
</UL>
<BR>[Called By]<UL><LI><a href="#[7]">&gt;&gt;</a>&nbsp;&nbsp;&nbsp;Menu7
<LI><a href="#[6]">&gt;&gt;</a>&nbsp;&nbsp;&nbsp;Menu6
<LI><a href="#[5]">&gt;&gt;</a>&nbsp;&nbsp;&nbsp;Menu5
<LI><a href="#[4]">&gt;&gt;</a>&nbsp;&nbsp;&nbsp;Menu4
<LI><a href="#[3]">&gt;&gt;</a>&nbsp;&nbsp;&nbsp;Menu3
<LI><a href="#[2]">&gt;&gt;</a>&nbsp;&nbsp;&nbsp;Menu2
<LI><a href="#[1]">&gt;&gt;</a>&nbsp;&nbsp;&nbsp;Menu1
</UL>

<P><STRONG><a name="[c3]"></a>Display_Graphic_32x32</STRONG> (Thumb, 54 bytes, Stack size 24 bytes, lcd12864g.o(.text))
<BR><BR>[Stack]<UL><LI>Max Depth = 56<LI>Call Chain = Display_Graphic_32x32 &rArr; LCD_WRITE_ADDRESS &rArr; LCD_WRITE_COMMAND
</UL>
<BR>[Calls]<UL><LI><a href="#[bb]">&gt;&gt;</a>&nbsp;&nbsp;&nbsp;LCD_WRITE_ADDRESS
<LI><a href="#[ba]">&gt;&gt;</a>&nbsp;&nbsp;&nbsp;LCD_WRITE_DATA
</UL>
<BR>[Called By]<UL><LI><a href="#[0]">&gt;&gt;</a>&nbsp;&nbsp;&nbsp;HomePage
</UL>

<P><STRONG><a name="[c4]"></a>Display_Graphic_15x32</STRONG> (Thumb, 54 bytes, Stack size 24 bytes, lcd12864g.o(.text), UNUSED)
<BR><BR>[Calls]<UL><LI><a href="#[bb]">&gt;&gt;</a>&nbsp;&nbsp;&nbsp;LCD_WRITE_ADDRESS
<LI><a href="#[ba]">&gt;&gt;</a>&nbsp;&nbsp;&nbsp;LCD_WRITE_DATA
</UL>

<P><STRONG><a name="[c5]"></a>Display_Graphic_128x64</STRONG> (Thumb, 46 bytes, Stack size 16 bytes, lcd12864g.o(.text), UNUSED)
<BR><BR>[Calls]<UL><LI><a href="#[bb]">&gt;&gt;</a>&nbsp;&nbsp;&nbsp;LCD_WRITE_ADDRESS
<LI><a href="#[ba]">&gt;&gt;</a>&nbsp;&nbsp;&nbsp;LCD_WRITE_DATA
</UL>

<P><STRONG><a name="[c6]"></a>GT_Readbyte</STRONG> (Thumb, 66 bytes, Stack size 16 bytes, lcd12864g.o(.text), UNUSED)
<BR><BR>[Calls]<UL><LI><a href="#[b5]">&gt;&gt;</a>&nbsp;&nbsp;&nbsp;SPI_WriteByte
<LI><a href="#[a3]">&gt;&gt;</a>&nbsp;&nbsp;&nbsp;GPIO_SetBits
<LI><a href="#[a2]">&gt;&gt;</a>&nbsp;&nbsp;&nbsp;GPIO_ResetBits
</UL>

<P><STRONG><a name="[c7]"></a>GT_Read_nByte</STRONG> (Thumb, 76 bytes, Stack size 24 bytes, lcd12864g.o(.text))
<BR><BR>[Stack]<UL><LI>Max Depth = 40<LI>Call Chain = GT_Read_nByte &rArr; SPI_WriteByte
</UL>
<BR>[Calls]<UL><LI><a href="#[b5]">&gt;&gt;</a>&nbsp;&nbsp;&nbsp;SPI_WriteByte
<LI><a href="#[a3]">&gt;&gt;</a>&nbsp;&nbsp;&nbsp;GPIO_SetBits
<LI><a href="#[a2]">&gt;&gt;</a>&nbsp;&nbsp;&nbsp;GPIO_ResetBits
</UL>
<BR>[Called By]<UL><LI><a href="#[ca]">&gt;&gt;</a>&nbsp;&nbsp;&nbsp;LCD_Display_CN
<LI><a href="#[c9]">&gt;&gt;</a>&nbsp;&nbsp;&nbsp;LCD_Display_String6x8
<LI><a href="#[c8]">&gt;&gt;</a>&nbsp;&nbsp;&nbsp;LCD_Display_String8x16
<LI><a href="#[9b]">&gt;&gt;</a>&nbsp;&nbsp;&nbsp;LCD_Display_CN_String
</UL>

<P><STRONG><a name="[cb]"></a>GB2312_Add</STRONG> (Thumb, 146 bytes, Stack size 8 bytes, lcd12864g.o(.text), UNUSED)
<BR><BR>[Called By]<UL><LI><a href="#[ca]">&gt;&gt;</a>&nbsp;&nbsp;&nbsp;LCD_Display_CN
</UL>

<P><STRONG><a name="[9b]"></a>LCD_Display_CN_String</STRONG> (Thumb, 390 bytes, Stack size 64 bytes, lcd12864g.o(.text))
<BR><BR>[Stack]<UL><LI>Max Depth = 104<LI>Call Chain = LCD_Display_CN_String &rArr; GT_Read_nByte &rArr; SPI_WriteByte
</UL>
<BR>[Calls]<UL><LI><a href="#[c7]">&gt;&gt;</a>&nbsp;&nbsp;&nbsp;GT_Read_nByte
<LI><a href="#[bb]">&gt;&gt;</a>&nbsp;&nbsp;&nbsp;LCD_WRITE_ADDRESS
<LI><a href="#[ba]">&gt;&gt;</a>&nbsp;&nbsp;&nbsp;LCD_WRITE_DATA
</UL>
<BR>[Called By]<UL><LI><a href="#[23]">&gt;&gt;</a>&nbsp;&nbsp;&nbsp;Menu3_13_9
<LI><a href="#[22]">&gt;&gt;</a>&nbsp;&nbsp;&nbsp;Menu3_13_8
<LI><a href="#[21]">&gt;&gt;</a>&nbsp;&nbsp;&nbsp;Menu3_13_7
<LI><a href="#[20]">&gt;&gt;</a>&nbsp;&nbsp;&nbsp;Menu3_13_6
<LI><a href="#[1b]">&gt;&gt;</a>&nbsp;&nbsp;&nbsp;Menu3_13_1
<LI><a href="#[47]">&gt;&gt;</a>&nbsp;&nbsp;&nbsp;Menu3_12_3_15
<LI><a href="#[46]">&gt;&gt;</a>&nbsp;&nbsp;&nbsp;Menu3_12_3_14
<LI><a href="#[45]">&gt;&gt;</a>&nbsp;&nbsp;&nbsp;Menu3_12_3_13
<LI><a href="#[44]">&gt;&gt;</a>&nbsp;&nbsp;&nbsp;Menu3_12_3_12
<LI><a href="#[43]">&gt;&gt;</a>&nbsp;&nbsp;&nbsp;Menu3_12_3_11
<LI><a href="#[42]">&gt;&gt;</a>&nbsp;&nbsp;&nbsp;Menu3_12_3_10
<LI><a href="#[41]">&gt;&gt;</a>&nbsp;&nbsp;&nbsp;Menu3_12_3_9
<LI><a href="#[40]">&gt;&gt;</a>&nbsp;&nbsp;&nbsp;Menu3_12_3_8
<LI><a href="#[3f]">&gt;&gt;</a>&nbsp;&nbsp;&nbsp;Menu3_12_3_7
<LI><a href="#[3e]">&gt;&gt;</a>&nbsp;&nbsp;&nbsp;Menu3_12_3_6
<LI><a href="#[3d]">&gt;&gt;</a>&nbsp;&nbsp;&nbsp;Menu3_12_3_5
<LI><a href="#[3c]">&gt;&gt;</a>&nbsp;&nbsp;&nbsp;Menu3_12_3_4
<LI><a href="#[3b]">&gt;&gt;</a>&nbsp;&nbsp;&nbsp;Menu3_12_3_3
<LI><a href="#[3a]">&gt;&gt;</a>&nbsp;&nbsp;&nbsp;Menu3_12_3_2
<LI><a href="#[39]">&gt;&gt;</a>&nbsp;&nbsp;&nbsp;Menu3_12_3_1
<LI><a href="#[38]">&gt;&gt;</a>&nbsp;&nbsp;&nbsp;Menu3_12_2_16
<LI><a href="#[37]">&gt;&gt;</a>&nbsp;&nbsp;&nbsp;Menu3_12_2_15
<LI><a href="#[36]">&gt;&gt;</a>&nbsp;&nbsp;&nbsp;Menu3_12_2_14
<LI><a href="#[35]">&gt;&gt;</a>&nbsp;&nbsp;&nbsp;Menu3_12_2_13
<LI><a href="#[34]">&gt;&gt;</a>&nbsp;&nbsp;&nbsp;Menu3_12_2_12
<LI><a href="#[33]">&gt;&gt;</a>&nbsp;&nbsp;&nbsp;Menu3_12_2_11
<LI><a href="#[32]">&gt;&gt;</a>&nbsp;&nbsp;&nbsp;Menu3_12_2_10
<LI><a href="#[31]">&gt;&gt;</a>&nbsp;&nbsp;&nbsp;Menu3_12_2_9
<LI><a href="#[30]">&gt;&gt;</a>&nbsp;&nbsp;&nbsp;Menu3_12_2_8
<LI><a href="#[2f]">&gt;&gt;</a>&nbsp;&nbsp;&nbsp;Menu3_12_2_7
<LI><a href="#[2e]">&gt;&gt;</a>&nbsp;&nbsp;&nbsp;Menu3_12_2_6
<LI><a href="#[2d]">&gt;&gt;</a>&nbsp;&nbsp;&nbsp;Menu3_12_2_5
<LI><a href="#[2c]">&gt;&gt;</a>&nbsp;&nbsp;&nbsp;Menu3_12_2_4
<LI><a href="#[2b]">&gt;&gt;</a>&nbsp;&nbsp;&nbsp;Menu3_12_2_3
<LI><a href="#[2a]">&gt;&gt;</a>&nbsp;&nbsp;&nbsp;Menu3_12_2_2
<LI><a href="#[29]">&gt;&gt;</a>&nbsp;&nbsp;&nbsp;Menu3_12_2_1
<LI><a href="#[24]">&gt;&gt;</a>&nbsp;&nbsp;&nbsp;Menu3_12_1
<LI><a href="#[48]">&gt;&gt;</a>&nbsp;&nbsp;&nbsp;Menu3_10_1
<LI><a href="#[16]">&gt;&gt;</a>&nbsp;&nbsp;&nbsp;Menu3_10
<LI><a href="#[17]">&gt;&gt;</a>&nbsp;&nbsp;&nbsp;Menu3_11
<LI><a href="#[15]">&gt;&gt;</a>&nbsp;&nbsp;&nbsp;Menu3_9
<LI><a href="#[14]">&gt;&gt;</a>&nbsp;&nbsp;&nbsp;Menu3_8
<LI><a href="#[13]">&gt;&gt;</a>&nbsp;&nbsp;&nbsp;Menu3_7
<LI><a href="#[12]">&gt;&gt;</a>&nbsp;&nbsp;&nbsp;Menu3_6
<LI><a href="#[11]">&gt;&gt;</a>&nbsp;&nbsp;&nbsp;Menu3_5
<LI><a href="#[10]">&gt;&gt;</a>&nbsp;&nbsp;&nbsp;Menu3_4
<LI><a href="#[f]">&gt;&gt;</a>&nbsp;&nbsp;&nbsp;Menu3_3
<LI><a href="#[e]">&gt;&gt;</a>&nbsp;&nbsp;&nbsp;Menu3_2
<LI><a href="#[d]">&gt;&gt;</a>&nbsp;&nbsp;&nbsp;Menu3_1
<LI><a href="#[8]">&gt;&gt;</a>&nbsp;&nbsp;&nbsp;Menu2_1
<LI><a href="#[a6]">&gt;&gt;</a>&nbsp;&nbsp;&nbsp;LCD_Display_Time
<LI><a href="#[90]">&gt;&gt;</a>&nbsp;&nbsp;&nbsp;main
</UL>

<P><STRONG><a name="[c8]"></a>LCD_Display_String8x16</STRONG> (Thumb, 202 bytes, Stack size 56 bytes, lcd12864g.o(.text))
<BR><BR>[Stack]<UL><LI>Max Depth = 96<LI>Call Chain = LCD_Display_String8x16 &rArr; GT_Read_nByte &rArr; SPI_WriteByte
</UL>
<BR>[Calls]<UL><LI><a href="#[c7]">&gt;&gt;</a>&nbsp;&nbsp;&nbsp;GT_Read_nByte
<LI><a href="#[bb]">&gt;&gt;</a>&nbsp;&nbsp;&nbsp;LCD_WRITE_ADDRESS
<LI><a href="#[ba]">&gt;&gt;</a>&nbsp;&nbsp;&nbsp;LCD_WRITE_DATA
</UL>
<BR>[Called By]<UL><LI><a href="#[22]">&gt;&gt;</a>&nbsp;&nbsp;&nbsp;Menu3_13_8
<LI><a href="#[21]">&gt;&gt;</a>&nbsp;&nbsp;&nbsp;Menu3_13_7
<LI><a href="#[20]">&gt;&gt;</a>&nbsp;&nbsp;&nbsp;Menu3_13_6
<LI><a href="#[1f]">&gt;&gt;</a>&nbsp;&nbsp;&nbsp;Menu3_13_5
<LI><a href="#[1e]">&gt;&gt;</a>&nbsp;&nbsp;&nbsp;Menu3_13_4
<LI><a href="#[1d]">&gt;&gt;</a>&nbsp;&nbsp;&nbsp;Menu3_13_3
<LI><a href="#[1c]">&gt;&gt;</a>&nbsp;&nbsp;&nbsp;Menu3_13_2
<LI><a href="#[1b]">&gt;&gt;</a>&nbsp;&nbsp;&nbsp;Menu3_13_1
<LI><a href="#[43]">&gt;&gt;</a>&nbsp;&nbsp;&nbsp;Menu3_12_3_11
<LI><a href="#[42]">&gt;&gt;</a>&nbsp;&nbsp;&nbsp;Menu3_12_3_10
<LI><a href="#[41]">&gt;&gt;</a>&nbsp;&nbsp;&nbsp;Menu3_12_3_9
<LI><a href="#[40]">&gt;&gt;</a>&nbsp;&nbsp;&nbsp;Menu3_12_3_8
<LI><a href="#[3f]">&gt;&gt;</a>&nbsp;&nbsp;&nbsp;Menu3_12_3_7
<LI><a href="#[3e]">&gt;&gt;</a>&nbsp;&nbsp;&nbsp;Menu3_12_3_6
<LI><a href="#[3d]">&gt;&gt;</a>&nbsp;&nbsp;&nbsp;Menu3_12_3_5
<LI><a href="#[3c]">&gt;&gt;</a>&nbsp;&nbsp;&nbsp;Menu3_12_3_4
<LI><a href="#[3b]">&gt;&gt;</a>&nbsp;&nbsp;&nbsp;Menu3_12_3_3
<LI><a href="#[3a]">&gt;&gt;</a>&nbsp;&nbsp;&nbsp;Menu3_12_3_2
<LI><a href="#[39]">&gt;&gt;</a>&nbsp;&nbsp;&nbsp;Menu3_12_3_1
<LI><a href="#[34]">&gt;&gt;</a>&nbsp;&nbsp;&nbsp;Menu3_12_2_12
<LI><a href="#[33]">&gt;&gt;</a>&nbsp;&nbsp;&nbsp;Menu3_12_2_11
<LI><a href="#[32]">&gt;&gt;</a>&nbsp;&nbsp;&nbsp;Menu3_12_2_10
<LI><a href="#[31]">&gt;&gt;</a>&nbsp;&nbsp;&nbsp;Menu3_12_2_9
<LI><a href="#[30]">&gt;&gt;</a>&nbsp;&nbsp;&nbsp;Menu3_12_2_8
<LI><a href="#[2f]">&gt;&gt;</a>&nbsp;&nbsp;&nbsp;Menu3_12_2_7
<LI><a href="#[2e]">&gt;&gt;</a>&nbsp;&nbsp;&nbsp;Menu3_12_2_6
<LI><a href="#[2d]">&gt;&gt;</a>&nbsp;&nbsp;&nbsp;Menu3_12_2_5
<LI><a href="#[2c]">&gt;&gt;</a>&nbsp;&nbsp;&nbsp;Menu3_12_2_4
<LI><a href="#[2b]">&gt;&gt;</a>&nbsp;&nbsp;&nbsp;Menu3_12_2_3
<LI><a href="#[2a]">&gt;&gt;</a>&nbsp;&nbsp;&nbsp;Menu3_12_2_2
<LI><a href="#[29]">&gt;&gt;</a>&nbsp;&nbsp;&nbsp;Menu3_12_2_1
<LI><a href="#[13]">&gt;&gt;</a>&nbsp;&nbsp;&nbsp;Menu3_7
<LI><a href="#[12]">&gt;&gt;</a>&nbsp;&nbsp;&nbsp;Menu3_6
<LI><a href="#[11]">&gt;&gt;</a>&nbsp;&nbsp;&nbsp;Menu3_5
<LI><a href="#[10]">&gt;&gt;</a>&nbsp;&nbsp;&nbsp;Menu3_4
<LI><a href="#[f]">&gt;&gt;</a>&nbsp;&nbsp;&nbsp;Menu3_3
<LI><a href="#[e]">&gt;&gt;</a>&nbsp;&nbsp;&nbsp;Menu3_2
<LI><a href="#[d]">&gt;&gt;</a>&nbsp;&nbsp;&nbsp;Menu3_1
</UL>

<P><STRONG><a name="[c9]"></a>LCD_Display_String6x8</STRONG> (Thumb, 98 bytes, Stack size 40 bytes, lcd12864g.o(.text))
<BR><BR>[Stack]<UL><LI>Max Depth = 80<LI>Call Chain = LCD_Display_String6x8 &rArr; GT_Read_nByte &rArr; SPI_WriteByte
</UL>
<BR>[Calls]<UL><LI><a href="#[c7]">&gt;&gt;</a>&nbsp;&nbsp;&nbsp;GT_Read_nByte
<LI><a href="#[bb]">&gt;&gt;</a>&nbsp;&nbsp;&nbsp;LCD_WRITE_ADDRESS
<LI><a href="#[ba]">&gt;&gt;</a>&nbsp;&nbsp;&nbsp;LCD_WRITE_DATA
</UL>
<BR>[Called By]<UL><LI><a href="#[48]">&gt;&gt;</a>&nbsp;&nbsp;&nbsp;Menu3_10_1
</UL>

<P><STRONG><a name="[ca]"></a>LCD_Display_CN</STRONG> (Thumb, 104 bytes, Stack size 56 bytes, lcd12864g.o(.text), UNUSED)
<BR><BR>[Calls]<UL><LI><a href="#[cb]">&gt;&gt;</a>&nbsp;&nbsp;&nbsp;GB2312_Add
<LI><a href="#[c7]">&gt;&gt;</a>&nbsp;&nbsp;&nbsp;GT_Read_nByte
<LI><a href="#[bb]">&gt;&gt;</a>&nbsp;&nbsp;&nbsp;LCD_WRITE_ADDRESS
<LI><a href="#[ba]">&gt;&gt;</a>&nbsp;&nbsp;&nbsp;LCD_WRITE_DATA
</UL>
<BR>[Called By]<UL><LI><a href="#[cc]">&gt;&gt;</a>&nbsp;&nbsp;&nbsp;LCD_Display_nCN
</UL>

<P><STRONG><a name="[cc]"></a>LCD_Display_nCN</STRONG> (Thumb, 36 bytes, Stack size 16 bytes, lcd12864g.o(.text), UNUSED)
<BR><BR>[Calls]<UL><LI><a href="#[ca]">&gt;&gt;</a>&nbsp;&nbsp;&nbsp;LCD_Display_CN
</UL>

<P><STRONG><a name="[a6]"></a>LCD_Display_Time</STRONG> (Thumb, 288 bytes, Stack size 16 bytes, lcd12864g.o(.text))
<BR><BR>[Stack]<UL><LI>Max Depth = 120<LI>Call Chain = LCD_Display_Time &rArr; LCD_Display_CN_String &rArr; GT_Read_nByte &rArr; SPI_WriteByte
</UL>
<BR>[Calls]<UL><LI><a href="#[cd]">&gt;&gt;</a>&nbsp;&nbsp;&nbsp;ReadTimeHEX
<LI><a href="#[9b]">&gt;&gt;</a>&nbsp;&nbsp;&nbsp;LCD_Display_CN_String
</UL>
<BR>[Called By]<UL><LI><a href="#[90]">&gt;&gt;</a>&nbsp;&nbsp;&nbsp;main
</UL>

<P><STRONG><a name="[9a]"></a>Key_GPIO_Config</STRONG> (Thumb, 38 bytes, Stack size 8 bytes, keydriver.o(.text))
<BR><BR>[Stack]<UL><LI>Max Depth = 32<LI>Call Chain = Key_GPIO_Config &rArr; GPIO_Init
</UL>
<BR>[Calls]<UL><LI><a href="#[ae]">&gt;&gt;</a>&nbsp;&nbsp;&nbsp;RCC_APB2PeriphClockCmd
<LI><a href="#[b1]">&gt;&gt;</a>&nbsp;&nbsp;&nbsp;GPIO_Init
</UL>
<BR>[Called By]<UL><LI><a href="#[90]">&gt;&gt;</a>&nbsp;&nbsp;&nbsp;main
</UL>

<P><STRONG><a name="[ce]"></a>KeyIOread</STRONG> (Thumb, 98 bytes, Stack size 8 bytes, keydriver.o(.text))
<BR><BR>[Stack]<UL><LI>Max Depth = 8<LI>Call Chain = KeyIOread
</UL>
<BR>[Calls]<UL><LI><a href="#[cf]">&gt;&gt;</a>&nbsp;&nbsp;&nbsp;GPIO_ReadInputDataBit
</UL>
<BR>[Called By]<UL><LI><a href="#[a7]">&gt;&gt;</a>&nbsp;&nbsp;&nbsp;KeyScan
</UL>

<P><STRONG><a name="[a7]"></a>KeyScan</STRONG> (Thumb, 196 bytes, Stack size 16 bytes, keydriver.o(.text))
<BR><BR>[Stack]<UL><LI>Max Depth = 24<LI>Call Chain = KeyScan &rArr; KeyIOread
</UL>
<BR>[Calls]<UL><LI><a href="#[ce]">&gt;&gt;</a>&nbsp;&nbsp;&nbsp;KeyIOread
<LI><a href="#[d0]">&gt;&gt;</a>&nbsp;&nbsp;&nbsp;KeyBufIn
</UL>
<BR>[Called By]<UL><LI><a href="#[90]">&gt;&gt;</a>&nbsp;&nbsp;&nbsp;main
</UL>

<P><STRONG><a name="[d2]"></a>KeyGet</STRONG> (Thumb, 8 bytes, Stack size 8 bytes, keydriver.o(.text))
<BR><BR>[Stack]<UL><LI>Max Depth = 8<LI>Call Chain = KeyGet
</UL>
<BR>[Calls]<UL><LI><a href="#[d1]">&gt;&gt;</a>&nbsp;&nbsp;&nbsp;KeyBufOut
</UL>
<BR>[Called By]<UL><LI><a href="#[d3]">&gt;&gt;</a>&nbsp;&nbsp;&nbsp;KeyFlush
<LI><a href="#[a8]">&gt;&gt;</a>&nbsp;&nbsp;&nbsp;KeyOperation
</UL>

<P><STRONG><a name="[e7]"></a>KeyHit</STRONG> (Thumb, 20 bytes, Stack size 0 bytes, keydriver.o(.text))
<BR><BR>[Called By]<UL><LI><a href="#[a8]">&gt;&gt;</a>&nbsp;&nbsp;&nbsp;KeyOperation
</UL>

<P><STRONG><a name="[d3]"></a>KeyFlush</STRONG> (Thumb, 14 bytes, Stack size 8 bytes, keydriver.o(.text), UNUSED)
<BR><BR>[Calls]<UL><LI><a href="#[d2]">&gt;&gt;</a>&nbsp;&nbsp;&nbsp;KeyGet
</UL>

<P><STRONG><a name="[118]"></a>KeyTask</STRONG> (Thumb, 20 bytes, Stack size 0 bytes, keydriver.o(.text), UNUSED)

<P><STRONG><a name="[a5]"></a>GPIO_PinReverse</STRONG> (Thumb, 8 bytes, Stack size 0 bytes, system_initialize.o(.text))
<BR><BR>[Called By]<UL><LI><a href="#[90]">&gt;&gt;</a>&nbsp;&nbsp;&nbsp;main
</UL>

<P><STRONG><a name="[a0]"></a>STM32_LED_Init</STRONG> (Thumb, 112 bytes, Stack size 8 bytes, system_initialize.o(.text))
<BR><BR>[Stack]<UL><LI>Max Depth = 32<LI>Call Chain = STM32_LED_Init &rArr; GPIO_Init
</UL>
<BR>[Calls]<UL><LI><a href="#[ae]">&gt;&gt;</a>&nbsp;&nbsp;&nbsp;RCC_APB2PeriphClockCmd
<LI><a href="#[b1]">&gt;&gt;</a>&nbsp;&nbsp;&nbsp;GPIO_Init
</UL>
<BR>[Called By]<UL><LI><a href="#[90]">&gt;&gt;</a>&nbsp;&nbsp;&nbsp;main
</UL>

<P><STRONG><a name="[9c]"></a>STM32_USART_Init</STRONG> (Thumb, 154 bytes, Stack size 24 bytes, system_initialize.o(.text))
<BR><BR>[Stack]<UL><LI>Max Depth = 92<LI>Call Chain = STM32_USART_Init &rArr; USART_Init &rArr; RCC_GetClocksFreq
</UL>
<BR>[Calls]<UL><LI><a href="#[d5]">&gt;&gt;</a>&nbsp;&nbsp;&nbsp;USART_Init
<LI><a href="#[d6]">&gt;&gt;</a>&nbsp;&nbsp;&nbsp;USART_ITConfig
<LI><a href="#[d8]">&gt;&gt;</a>&nbsp;&nbsp;&nbsp;USART_GetFlagStatus
<LI><a href="#[d4]">&gt;&gt;</a>&nbsp;&nbsp;&nbsp;USART_DeInit
<LI><a href="#[d7]">&gt;&gt;</a>&nbsp;&nbsp;&nbsp;USART_Cmd
<LI><a href="#[ae]">&gt;&gt;</a>&nbsp;&nbsp;&nbsp;RCC_APB2PeriphClockCmd
<LI><a href="#[af]">&gt;&gt;</a>&nbsp;&nbsp;&nbsp;RCC_APB1PeriphClockCmd
<LI><a href="#[b1]">&gt;&gt;</a>&nbsp;&nbsp;&nbsp;GPIO_Init
<LI><a href="#[ab]">&gt;&gt;</a>&nbsp;&nbsp;&nbsp;USART_ClearFlag
</UL>
<BR>[Called By]<UL><LI><a href="#[90]">&gt;&gt;</a>&nbsp;&nbsp;&nbsp;main
</UL>

<P><STRONG><a name="[9d]"></a>NVIC_Configuration</STRONG> (Thumb, 32 bytes, Stack size 8 bytes, system_initialize.o(.text))
<BR><BR>[Stack]<UL><LI>Max Depth = 24<LI>Call Chain = NVIC_Configuration &rArr; NVIC_Init
</UL>
<BR>[Calls]<UL><LI><a href="#[d9]">&gt;&gt;</a>&nbsp;&nbsp;&nbsp;NVIC_Init
</UL>
<BR>[Called By]<UL><LI><a href="#[90]">&gt;&gt;</a>&nbsp;&nbsp;&nbsp;main
</UL>

<P><STRONG><a name="[ac]"></a>USART4_Send_Byte</STRONG> (Thumb, 46 bytes, Stack size 8 bytes, system_initialize.o(.text))
<BR><BR>[Stack]<UL><LI>Max Depth = 8<LI>Call Chain = USART4_Send_Byte
</UL>
<BR>[Calls]<UL><LI><a href="#[da]">&gt;&gt;</a>&nbsp;&nbsp;&nbsp;USART_SendData
<LI><a href="#[d8]">&gt;&gt;</a>&nbsp;&nbsp;&nbsp;USART_GetFlagStatus
<LI><a href="#[a3]">&gt;&gt;</a>&nbsp;&nbsp;&nbsp;GPIO_SetBits
<LI><a href="#[a2]">&gt;&gt;</a>&nbsp;&nbsp;&nbsp;GPIO_ResetBits
</UL>
<BR>[Called By]<UL><LI><a href="#[80]">&gt;&gt;</a>&nbsp;&nbsp;&nbsp;UART4_IRQHandler
</UL>

<P><STRONG><a name="[db]"></a>UART4_Send_Array</STRONG> (Thumb, 80 bytes, Stack size 24 bytes, system_initialize.o(.text), UNUSED)
<BR><BR>[Calls]<UL><LI><a href="#[da]">&gt;&gt;</a>&nbsp;&nbsp;&nbsp;USART_SendData
<LI><a href="#[d8]">&gt;&gt;</a>&nbsp;&nbsp;&nbsp;USART_GetFlagStatus
<LI><a href="#[a3]">&gt;&gt;</a>&nbsp;&nbsp;&nbsp;GPIO_SetBits
<LI><a href="#[a2]">&gt;&gt;</a>&nbsp;&nbsp;&nbsp;GPIO_ResetBits
</UL>

<P><STRONG><a name="[9e]"></a>STM32_USART3_Init</STRONG> (Thumb, 154 bytes, Stack size 24 bytes, system_initialize.o(.text))
<BR><BR>[Stack]<UL><LI>Max Depth = 92<LI>Call Chain = STM32_USART3_Init &rArr; USART_Init &rArr; RCC_GetClocksFreq
</UL>
<BR>[Calls]<UL><LI><a href="#[d5]">&gt;&gt;</a>&nbsp;&nbsp;&nbsp;USART_Init
<LI><a href="#[d6]">&gt;&gt;</a>&nbsp;&nbsp;&nbsp;USART_ITConfig
<LI><a href="#[d8]">&gt;&gt;</a>&nbsp;&nbsp;&nbsp;USART_GetFlagStatus
<LI><a href="#[d4]">&gt;&gt;</a>&nbsp;&nbsp;&nbsp;USART_DeInit
<LI><a href="#[d7]">&gt;&gt;</a>&nbsp;&nbsp;&nbsp;USART_Cmd
<LI><a href="#[ae]">&gt;&gt;</a>&nbsp;&nbsp;&nbsp;RCC_APB2PeriphClockCmd
<LI><a href="#[af]">&gt;&gt;</a>&nbsp;&nbsp;&nbsp;RCC_APB1PeriphClockCmd
<LI><a href="#[b1]">&gt;&gt;</a>&nbsp;&nbsp;&nbsp;GPIO_Init
<LI><a href="#[ab]">&gt;&gt;</a>&nbsp;&nbsp;&nbsp;USART_ClearFlag
</UL>
<BR>[Called By]<UL><LI><a href="#[90]">&gt;&gt;</a>&nbsp;&nbsp;&nbsp;main
</UL>

<P><STRONG><a name="[9f]"></a>USART3_NVIC_Configuration</STRONG> (Thumb, 32 bytes, Stack size 8 bytes, system_initialize.o(.text))
<BR><BR>[Stack]<UL><LI>Max Depth = 24<LI>Call Chain = USART3_NVIC_Configuration &rArr; NVIC_Init
</UL>
<BR>[Calls]<UL><LI><a href="#[d9]">&gt;&gt;</a>&nbsp;&nbsp;&nbsp;NVIC_Init
</UL>
<BR>[Called By]<UL><LI><a href="#[90]">&gt;&gt;</a>&nbsp;&nbsp;&nbsp;main
</UL>

<P><STRONG><a name="[dc]"></a>USART3_Send_Byte</STRONG> (Thumb, 28 bytes, Stack size 8 bytes, system_initialize.o(.text), UNUSED)
<BR><BR>[Calls]<UL><LI><a href="#[da]">&gt;&gt;</a>&nbsp;&nbsp;&nbsp;USART_SendData
<LI><a href="#[d8]">&gt;&gt;</a>&nbsp;&nbsp;&nbsp;USART_GetFlagStatus
</UL>
<BR>[Called By]<UL><LI><a href="#[dd]">&gt;&gt;</a>&nbsp;&nbsp;&nbsp;USART3_Send_String
</UL>

<P><STRONG><a name="[dd]"></a>USART3_Send_String</STRONG> (Thumb, 22 bytes, Stack size 8 bytes, system_initialize.o(.text), UNUSED)
<BR><BR>[Calls]<UL><LI><a href="#[dc]">&gt;&gt;</a>&nbsp;&nbsp;&nbsp;USART3_Send_Byte
</UL>

<P><STRONG><a name="[df]"></a>MenuTaskRequireBufOut</STRONG> (Thumb, 80 bytes, Stack size 0 bytes, menu.o(.text), UNUSED)
<BR><BR>[Called By]<UL><LI><a href="#[e0]">&gt;&gt;</a>&nbsp;&nbsp;&nbsp;MenuTaskRequireBufIn
<LI><a href="#[de]">&gt;&gt;</a>&nbsp;&nbsp;&nbsp;MenuTaskRequireBufClear
</UL>

<P><STRONG><a name="[de]"></a>MenuTaskRequireBufClear</STRONG> (Thumb, 18 bytes, Stack size 4 bytes, menu.o(.text), UNUSED)
<BR><BR>[Calls]<UL><LI><a href="#[df]">&gt;&gt;</a>&nbsp;&nbsp;&nbsp;MenuTaskRequireBufOut
</UL>

<P><STRONG><a name="[e0]"></a>MenuTaskRequireBufIn</STRONG> (Thumb, 82 bytes, Stack size 8 bytes, menu.o(.text), UNUSED)
<BR><BR>[Calls]<UL><LI><a href="#[df]">&gt;&gt;</a>&nbsp;&nbsp;&nbsp;MenuTaskRequireBufOut
</UL>

<P><STRONG><a name="[119]"></a>MenuTaskRequireFlag</STRONG> (Thumb, 16 bytes, Stack size 0 bytes, menu.o(.text), UNUSED)

<P><STRONG><a name="[e2]"></a>MenuTaskAckBufOut</STRONG> (Thumb, 80 bytes, Stack size 0 bytes, menu.o(.text), UNUSED)
<BR><BR>[Called By]<UL><LI><a href="#[e3]">&gt;&gt;</a>&nbsp;&nbsp;&nbsp;MenuTaskAckBufIn
<LI><a href="#[e1]">&gt;&gt;</a>&nbsp;&nbsp;&nbsp;MenuTaskAckBufClear
</UL>

<P><STRONG><a name="[e1]"></a>MenuTaskAckBufClear</STRONG> (Thumb, 18 bytes, Stack size 4 bytes, menu.o(.text), UNUSED)
<BR><BR>[Calls]<UL><LI><a href="#[e2]">&gt;&gt;</a>&nbsp;&nbsp;&nbsp;MenuTaskAckBufOut
</UL>

<P><STRONG><a name="[e3]"></a>MenuTaskAckBufIn</STRONG> (Thumb, 82 bytes, Stack size 8 bytes, menu.o(.text), UNUSED)
<BR><BR>[Calls]<UL><LI><a href="#[e2]">&gt;&gt;</a>&nbsp;&nbsp;&nbsp;MenuTaskAckBufOut
</UL>

<P><STRONG><a name="[11a]"></a>MenuTaskAckFlag</STRONG> (Thumb, 16 bytes, Stack size 0 bytes, menu.o(.text), UNUSED)

<P><STRONG><a name="[0]"></a>HomePage</STRONG> (Thumb, 54 bytes, Stack size 8 bytes, menu.o(.text))
<BR><BR>[Stack]<UL><LI>Max Depth = 64<LI>Call Chain = HomePage &rArr; Display_Graphic_32x32 &rArr; LCD_WRITE_ADDRESS &rArr; LCD_WRITE_COMMAND
</UL>
<BR>[Calls]<UL><LI><a href="#[c3]">&gt;&gt;</a>&nbsp;&nbsp;&nbsp;Display_Graphic_32x32
<LI><a href="#[99]">&gt;&gt;</a>&nbsp;&nbsp;&nbsp;LCD_CLEAR_SCREEN
</UL>
<BR>[Called By]<UL><LI><a href="#[52]">&gt;&gt;</a>&nbsp;&nbsp;&nbsp;SysTick_Handler
<LI><a href="#[90]">&gt;&gt;</a>&nbsp;&nbsp;&nbsp;main
</UL>
<BR>[Address Reference Count : 1]<UL><LI> menu.o(.data)
</UL>
<P><STRONG><a name="[1]"></a>Menu1</STRONG> (Thumb, 86 bytes, Stack size 8 bytes, menu.o(.text))
<BR><BR>[Stack]<UL><LI>Max Depth = 72<LI>Call Chain = Menu1 &rArr; Display_Graphic_24x24 &rArr; LCD_WRITE_ADDRESS &rArr; LCD_WRITE_COMMAND
</UL>
<BR>[Calls]<UL><LI><a href="#[c2]">&gt;&gt;</a>&nbsp;&nbsp;&nbsp;Display_Graphic_24x24
<LI><a href="#[99]">&gt;&gt;</a>&nbsp;&nbsp;&nbsp;LCD_CLEAR_SCREEN
</UL>
<BR>[Address Reference Count : 1]<UL><LI> menu.o(.data)
</UL>
<P><STRONG><a name="[2]"></a>Menu2</STRONG> (Thumb, 84 bytes, Stack size 8 bytes, menu.o(.text))
<BR><BR>[Stack]<UL><LI>Max Depth = 72<LI>Call Chain = Menu2 &rArr; Display_Graphic_24x24 &rArr; LCD_WRITE_ADDRESS &rArr; LCD_WRITE_COMMAND
</UL>
<BR>[Calls]<UL><LI><a href="#[c2]">&gt;&gt;</a>&nbsp;&nbsp;&nbsp;Display_Graphic_24x24
</UL>
<BR>[Address Reference Count : 1]<UL><LI> menu.o(.data)
</UL>
<P><STRONG><a name="[3]"></a>Menu3</STRONG> (Thumb, 84 bytes, Stack size 8 bytes, menu.o(.text))
<BR><BR>[Stack]<UL><LI>Max Depth = 72<LI>Call Chain = Menu3 &rArr; Display_Graphic_24x24 &rArr; LCD_WRITE_ADDRESS &rArr; LCD_WRITE_COMMAND
</UL>
<BR>[Calls]<UL><LI><a href="#[c2]">&gt;&gt;</a>&nbsp;&nbsp;&nbsp;Display_Graphic_24x24
</UL>
<BR>[Address Reference Count : 1]<UL><LI> menu.o(.data)
</UL>
<P><STRONG><a name="[4]"></a>Menu4</STRONG> (Thumb, 84 bytes, Stack size 8 bytes, menu.o(.text))
<BR><BR>[Stack]<UL><LI>Max Depth = 72<LI>Call Chain = Menu4 &rArr; Display_Graphic_24x24 &rArr; LCD_WRITE_ADDRESS &rArr; LCD_WRITE_COMMAND
</UL>
<BR>[Calls]<UL><LI><a href="#[c2]">&gt;&gt;</a>&nbsp;&nbsp;&nbsp;Display_Graphic_24x24
</UL>
<BR>[Address Reference Count : 1]<UL><LI> menu.o(.data)
</UL>
<P><STRONG><a name="[5]"></a>Menu5</STRONG> (Thumb, 84 bytes, Stack size 8 bytes, menu.o(.text))
<BR><BR>[Stack]<UL><LI>Max Depth = 72<LI>Call Chain = Menu5 &rArr; Display_Graphic_24x24 &rArr; LCD_WRITE_ADDRESS &rArr; LCD_WRITE_COMMAND
</UL>
<BR>[Calls]<UL><LI><a href="#[c2]">&gt;&gt;</a>&nbsp;&nbsp;&nbsp;Display_Graphic_24x24
</UL>
<BR>[Address Reference Count : 1]<UL><LI> menu.o(.data)
</UL>
<P><STRONG><a name="[6]"></a>Menu6</STRONG> (Thumb, 84 bytes, Stack size 8 bytes, menu.o(.text))
<BR><BR>[Stack]<UL><LI>Max Depth = 72<LI>Call Chain = Menu6 &rArr; Display_Graphic_24x24 &rArr; LCD_WRITE_ADDRESS &rArr; LCD_WRITE_COMMAND
</UL>
<BR>[Calls]<UL><LI><a href="#[c2]">&gt;&gt;</a>&nbsp;&nbsp;&nbsp;Display_Graphic_24x24
</UL>
<BR>[Address Reference Count : 1]<UL><LI> menu.o(.data)
</UL>
<P><STRONG><a name="[7]"></a>Menu7</STRONG> (Thumb, 174 bytes, Stack size 8 bytes, menu.o(.text))
<BR><BR>[Stack]<UL><LI>Max Depth = 72<LI>Call Chain = Menu7 &rArr; Display_Graphic_24x24 &rArr; LCD_WRITE_ADDRESS &rArr; LCD_WRITE_COMMAND
</UL>
<BR>[Calls]<UL><LI><a href="#[c2]">&gt;&gt;</a>&nbsp;&nbsp;&nbsp;Display_Graphic_24x24
</UL>
<BR>[Address Reference Count : 1]<UL><LI> menu.o(.data)
</UL>
<P><STRONG><a name="[8]"></a>Menu2_1</STRONG> (Thumb, 60 bytes, Stack size 8 bytes, menu.o(.text))
<BR><BR>[Stack]<UL><LI>Max Depth = 112<LI>Call Chain = Menu2_1 &rArr; LCD_Display_CN_String &rArr; GT_Read_nByte &rArr; SPI_WriteByte
</UL>
<BR>[Calls]<UL><LI><a href="#[bf]">&gt;&gt;</a>&nbsp;&nbsp;&nbsp;DisplayGraphic_16x9
<LI><a href="#[9b]">&gt;&gt;</a>&nbsp;&nbsp;&nbsp;LCD_Display_CN_String
<LI><a href="#[99]">&gt;&gt;</a>&nbsp;&nbsp;&nbsp;LCD_CLEAR_SCREEN
</UL>
<BR>[Address Reference Count : 1]<UL><LI> menu.o(.data)
</UL>
<P><STRONG><a name="[9]"></a>Menu2_2</STRONG> (Thumb, 40 bytes, Stack size 8 bytes, menu.o(.text))
<BR><BR>[Stack]<UL><LI>Max Depth = 72<LI>Call Chain = Menu2_2 &rArr; DisplayGraphic_16x9 &rArr; LCD_WRITE_ADDRESS &rArr; LCD_WRITE_COMMAND
</UL>
<BR>[Calls]<UL><LI><a href="#[bf]">&gt;&gt;</a>&nbsp;&nbsp;&nbsp;DisplayGraphic_16x9
</UL>
<BR>[Address Reference Count : 1]<UL><LI> menu.o(.data)
</UL>
<P><STRONG><a name="[a]"></a>Menu2_3</STRONG> (Thumb, 40 bytes, Stack size 8 bytes, menu.o(.text))
<BR><BR>[Stack]<UL><LI>Max Depth = 72<LI>Call Chain = Menu2_3 &rArr; DisplayGraphic_16x9 &rArr; LCD_WRITE_ADDRESS &rArr; LCD_WRITE_COMMAND
</UL>
<BR>[Calls]<UL><LI><a href="#[bf]">&gt;&gt;</a>&nbsp;&nbsp;&nbsp;DisplayGraphic_16x9
</UL>
<BR>[Address Reference Count : 1]<UL><LI> menu.o(.data)
</UL>
<P><STRONG><a name="[b]"></a>Menu2_4</STRONG> (Thumb, 40 bytes, Stack size 8 bytes, menu.o(.text))
<BR><BR>[Stack]<UL><LI>Max Depth = 72<LI>Call Chain = Menu2_4 &rArr; DisplayGraphic_16x9 &rArr; LCD_WRITE_ADDRESS &rArr; LCD_WRITE_COMMAND
</UL>
<BR>[Calls]<UL><LI><a href="#[bf]">&gt;&gt;</a>&nbsp;&nbsp;&nbsp;DisplayGraphic_16x9
</UL>
<BR>[Address Reference Count : 1]<UL><LI> menu.o(.data)
</UL>
<P><STRONG><a name="[c]"></a>Menu2_5</STRONG> (Thumb, 40 bytes, Stack size 8 bytes, menu.o(.text))
<BR><BR>[Stack]<UL><LI>Max Depth = 72<LI>Call Chain = Menu2_5 &rArr; DisplayGraphic_16x9 &rArr; LCD_WRITE_ADDRESS &rArr; LCD_WRITE_COMMAND
</UL>
<BR>[Calls]<UL><LI><a href="#[bf]">&gt;&gt;</a>&nbsp;&nbsp;&nbsp;DisplayGraphic_16x9
</UL>
<BR>[Address Reference Count : 1]<UL><LI> menu.o(.data)
</UL>
<P><STRONG><a name="[d]"></a>Menu3_1</STRONG> (Thumb, 78 bytes, Stack size 8 bytes, menu.o(.text))
<BR><BR>[Stack]<UL><LI>Max Depth = 112<LI>Call Chain = Menu3_1 &rArr; LCD_Display_CN_String &rArr; GT_Read_nByte &rArr; SPI_WriteByte
</UL>
<BR>[Calls]<UL><LI><a href="#[c8]">&gt;&gt;</a>&nbsp;&nbsp;&nbsp;LCD_Display_String8x16
<LI><a href="#[9b]">&gt;&gt;</a>&nbsp;&nbsp;&nbsp;LCD_Display_CN_String
<LI><a href="#[99]">&gt;&gt;</a>&nbsp;&nbsp;&nbsp;LCD_CLEAR_SCREEN
</UL>
<BR>[Address Reference Count : 1]<UL><LI> menu.o(.data)
</UL>
<P><STRONG><a name="[e]"></a>Menu3_2</STRONG> (Thumb, 124 bytes, Stack size 8 bytes, menu.o(.text))
<BR><BR>[Stack]<UL><LI>Max Depth = 112<LI>Call Chain = Menu3_2 &rArr; LCD_Display_CN_String &rArr; GT_Read_nByte &rArr; SPI_WriteByte
</UL>
<BR>[Calls]<UL><LI><a href="#[c8]">&gt;&gt;</a>&nbsp;&nbsp;&nbsp;LCD_Display_String8x16
<LI><a href="#[9b]">&gt;&gt;</a>&nbsp;&nbsp;&nbsp;LCD_Display_CN_String
</UL>
<BR>[Address Reference Count : 1]<UL><LI> menu.o(.data)
</UL>
<P><STRONG><a name="[f]"></a>Menu3_3</STRONG> (Thumb, 124 bytes, Stack size 8 bytes, menu.o(.text))
<BR><BR>[Stack]<UL><LI>Max Depth = 112<LI>Call Chain = Menu3_3 &rArr; LCD_Display_CN_String &rArr; GT_Read_nByte &rArr; SPI_WriteByte
</UL>
<BR>[Calls]<UL><LI><a href="#[c8]">&gt;&gt;</a>&nbsp;&nbsp;&nbsp;LCD_Display_String8x16
<LI><a href="#[9b]">&gt;&gt;</a>&nbsp;&nbsp;&nbsp;LCD_Display_CN_String
</UL>
<BR>[Address Reference Count : 1]<UL><LI> menu.o(.data)
</UL>
<P><STRONG><a name="[10]"></a>Menu3_4</STRONG> (Thumb, 124 bytes, Stack size 8 bytes, menu.o(.text))
<BR><BR>[Stack]<UL><LI>Max Depth = 112<LI>Call Chain = Menu3_4 &rArr; LCD_Display_CN_String &rArr; GT_Read_nByte &rArr; SPI_WriteByte
</UL>
<BR>[Calls]<UL><LI><a href="#[c8]">&gt;&gt;</a>&nbsp;&nbsp;&nbsp;LCD_Display_String8x16
<LI><a href="#[9b]">&gt;&gt;</a>&nbsp;&nbsp;&nbsp;LCD_Display_CN_String
</UL>
<BR>[Address Reference Count : 1]<UL><LI> menu.o(.data)
</UL>
<P><STRONG><a name="[11]"></a>Menu3_5</STRONG> (Thumb, 124 bytes, Stack size 8 bytes, menu.o(.text))
<BR><BR>[Stack]<UL><LI>Max Depth = 112<LI>Call Chain = Menu3_5 &rArr; LCD_Display_CN_String &rArr; GT_Read_nByte &rArr; SPI_WriteByte
</UL>
<BR>[Calls]<UL><LI><a href="#[c8]">&gt;&gt;</a>&nbsp;&nbsp;&nbsp;LCD_Display_String8x16
<LI><a href="#[9b]">&gt;&gt;</a>&nbsp;&nbsp;&nbsp;LCD_Display_CN_String
</UL>
<BR>[Address Reference Count : 1]<UL><LI> menu.o(.data)
</UL>
<P><STRONG><a name="[12]"></a>Menu3_6</STRONG> (Thumb, 124 bytes, Stack size 8 bytes, menu.o(.text))
<BR><BR>[Stack]<UL><LI>Max Depth = 112<LI>Call Chain = Menu3_6 &rArr; LCD_Display_CN_String &rArr; GT_Read_nByte &rArr; SPI_WriteByte
</UL>
<BR>[Calls]<UL><LI><a href="#[c8]">&gt;&gt;</a>&nbsp;&nbsp;&nbsp;LCD_Display_String8x16
<LI><a href="#[9b]">&gt;&gt;</a>&nbsp;&nbsp;&nbsp;LCD_Display_CN_String
</UL>
<BR>[Address Reference Count : 1]<UL><LI> menu.o(.data)
</UL>
<P><STRONG><a name="[13]"></a>Menu3_7</STRONG> (Thumb, 242 bytes, Stack size 8 bytes, menu.o(.text))
<BR><BR>[Stack]<UL><LI>Max Depth = 112<LI>Call Chain = Menu3_7 &rArr; LCD_Display_CN_String &rArr; GT_Read_nByte &rArr; SPI_WriteByte
</UL>
<BR>[Calls]<UL><LI><a href="#[c8]">&gt;&gt;</a>&nbsp;&nbsp;&nbsp;LCD_Display_String8x16
<LI><a href="#[9b]">&gt;&gt;</a>&nbsp;&nbsp;&nbsp;LCD_Display_CN_String
</UL>
<BR>[Address Reference Count : 1]<UL><LI> menu.o(.data)
</UL>
<P><STRONG><a name="[14]"></a>Menu3_8</STRONG> (Thumb, 82 bytes, Stack size 8 bytes, menu.o(.text))
<BR><BR>[Stack]<UL><LI>Max Depth = 112<LI>Call Chain = Menu3_8 &rArr; LCD_Display_CN_String &rArr; GT_Read_nByte &rArr; SPI_WriteByte
</UL>
<BR>[Calls]<UL><LI><a href="#[9b]">&gt;&gt;</a>&nbsp;&nbsp;&nbsp;LCD_Display_CN_String
</UL>
<BR>[Address Reference Count : 1]<UL><LI> menu.o(.data)
</UL>
<P><STRONG><a name="[15]"></a>Menu3_9</STRONG> (Thumb, 82 bytes, Stack size 8 bytes, menu.o(.text))
<BR><BR>[Stack]<UL><LI>Max Depth = 112<LI>Call Chain = Menu3_9 &rArr; LCD_Display_CN_String &rArr; GT_Read_nByte &rArr; SPI_WriteByte
</UL>
<BR>[Calls]<UL><LI><a href="#[9b]">&gt;&gt;</a>&nbsp;&nbsp;&nbsp;LCD_Display_CN_String
</UL>
<BR>[Address Reference Count : 1]<UL><LI> menu.o(.data)
</UL>
<P><STRONG><a name="[17]"></a>Menu3_11</STRONG> (Thumb, 36 bytes, Stack size 8 bytes, menu.o(.text))
<BR><BR>[Stack]<UL><LI>Max Depth = 112<LI>Call Chain = Menu3_11 &rArr; LCD_Display_CN_String &rArr; GT_Read_nByte &rArr; SPI_WriteByte
</UL>
<BR>[Calls]<UL><LI><a href="#[bf]">&gt;&gt;</a>&nbsp;&nbsp;&nbsp;DisplayGraphic_16x9
<LI><a href="#[9b]">&gt;&gt;</a>&nbsp;&nbsp;&nbsp;LCD_Display_CN_String
</UL>
<BR>[Called By]<UL><LI><a href="#[16]">&gt;&gt;</a>&nbsp;&nbsp;&nbsp;Menu3_10
</UL>
<BR>[Address Reference Count : 1]<UL><LI> menu.o(.data)
</UL>
<P><STRONG><a name="[16]"></a>Menu3_10</STRONG> (Thumb, 148 bytes, Stack size 16 bytes, menu.o(.text))
<BR><BR>[Stack]<UL><LI>Max Depth = 128<LI>Call Chain = Menu3_10 &rArr; Menu3_11 &rArr; LCD_Display_CN_String &rArr; GT_Read_nByte &rArr; SPI_WriteByte
</UL>
<BR>[Calls]<UL><LI><a href="#[17]">&gt;&gt;</a>&nbsp;&nbsp;&nbsp;Menu3_11
<LI><a href="#[bf]">&gt;&gt;</a>&nbsp;&nbsp;&nbsp;DisplayGraphic_16x9
<LI><a href="#[9b]">&gt;&gt;</a>&nbsp;&nbsp;&nbsp;LCD_Display_CN_String
<LI><a href="#[99]">&gt;&gt;</a>&nbsp;&nbsp;&nbsp;LCD_CLEAR_SCREEN
</UL>
<BR>[Address Reference Count : 1]<UL><LI> menu.o(.data)
</UL>
<P><STRONG><a name="[18]"></a>Menu3_12</STRONG> (Thumb, 40 bytes, Stack size 8 bytes, menu.o(.text))
<BR><BR>[Stack]<UL><LI>Max Depth = 72<LI>Call Chain = Menu3_12 &rArr; DisplayGraphic_16x9 &rArr; LCD_WRITE_ADDRESS &rArr; LCD_WRITE_COMMAND
</UL>
<BR>[Calls]<UL><LI><a href="#[bf]">&gt;&gt;</a>&nbsp;&nbsp;&nbsp;DisplayGraphic_16x9
</UL>
<BR>[Address Reference Count : 1]<UL><LI> menu.o(.data)
</UL>
<P><STRONG><a name="[19]"></a>Menu3_13</STRONG> (Thumb, 40 bytes, Stack size 8 bytes, menu.o(.text))
<BR><BR>[Stack]<UL><LI>Max Depth = 72<LI>Call Chain = Menu3_13 &rArr; DisplayGraphic_16x9 &rArr; LCD_WRITE_ADDRESS &rArr; LCD_WRITE_COMMAND
</UL>
<BR>[Calls]<UL><LI><a href="#[bf]">&gt;&gt;</a>&nbsp;&nbsp;&nbsp;DisplayGraphic_16x9
</UL>
<BR>[Address Reference Count : 1]<UL><LI> menu.o(.data)
</UL>
<P><STRONG><a name="[1a]"></a>Menu3_14</STRONG> (Thumb, 40 bytes, Stack size 8 bytes, menu.o(.text))
<BR><BR>[Stack]<UL><LI>Max Depth = 72<LI>Call Chain = Menu3_14 &rArr; DisplayGraphic_16x9 &rArr; LCD_WRITE_ADDRESS &rArr; LCD_WRITE_COMMAND
</UL>
<BR>[Calls]<UL><LI><a href="#[bf]">&gt;&gt;</a>&nbsp;&nbsp;&nbsp;DisplayGraphic_16x9
</UL>
<BR>[Address Reference Count : 1]<UL><LI> menu.o(.data)
</UL>
<P><STRONG><a name="[e4]"></a>HexToStr</STRONG> (Thumb, 122 bytes, Stack size 32 bytes, menu.o(.text))
<BR><BR>[Stack]<UL><LI>Max Depth = 32<LI>Call Chain = HexToStr
</UL>
<BR>[Called By]<UL><LI><a href="#[48]">&gt;&gt;</a>&nbsp;&nbsp;&nbsp;Menu3_10_1
</UL>

<P><STRONG><a name="[e5]"></a>NumToStr</STRONG> (Thumb, 94 bytes, Stack size 16 bytes, menu.o(.text))
<BR><BR>[Stack]<UL><LI>Max Depth = 16<LI>Call Chain = NumToStr
</UL>
<BR>[Called By]<UL><LI><a href="#[48]">&gt;&gt;</a>&nbsp;&nbsp;&nbsp;Menu3_10_1
</UL>

<P><STRONG><a name="[48]"></a>Menu3_10_1</STRONG> (Thumb, 486 bytes, Stack size 56 bytes, menu.o(.text))
<BR><BR>[Stack]<UL><LI>Max Depth = 160<LI>Call Chain = Menu3_10_1 &rArr; LCD_Display_CN_String &rArr; GT_Read_nByte &rArr; SPI_WriteByte
</UL>
<BR>[Calls]<UL><LI><a href="#[e5]">&gt;&gt;</a>&nbsp;&nbsp;&nbsp;NumToStr
<LI><a href="#[e4]">&gt;&gt;</a>&nbsp;&nbsp;&nbsp;HexToStr
<LI><a href="#[c9]">&gt;&gt;</a>&nbsp;&nbsp;&nbsp;LCD_Display_String6x8
<LI><a href="#[c1]">&gt;&gt;</a>&nbsp;&nbsp;&nbsp;Display_Graphic_16x16
<LI><a href="#[9b]">&gt;&gt;</a>&nbsp;&nbsp;&nbsp;LCD_Display_CN_String
<LI><a href="#[99]">&gt;&gt;</a>&nbsp;&nbsp;&nbsp;LCD_CLEAR_SCREEN
</UL>
<BR>[Address Reference Count : 1]<UL><LI> menu.o(.data)
</UL>
<P><STRONG><a name="[24]"></a>Menu3_12_1</STRONG> (Thumb, 68 bytes, Stack size 8 bytes, menu.o(.text))
<BR><BR>[Stack]<UL><LI>Max Depth = 112<LI>Call Chain = Menu3_12_1 &rArr; LCD_Display_CN_String &rArr; GT_Read_nByte &rArr; SPI_WriteByte
</UL>
<BR>[Calls]<UL><LI><a href="#[bf]">&gt;&gt;</a>&nbsp;&nbsp;&nbsp;DisplayGraphic_16x9
<LI><a href="#[9b]">&gt;&gt;</a>&nbsp;&nbsp;&nbsp;LCD_Display_CN_String
<LI><a href="#[99]">&gt;&gt;</a>&nbsp;&nbsp;&nbsp;LCD_CLEAR_SCREEN
</UL>
<BR>[Address Reference Count : 1]<UL><LI> menu.o(.data)
</UL>
<P><STRONG><a name="[25]"></a>Menu3_12_2</STRONG> (Thumb, 46 bytes, Stack size 8 bytes, menu.o(.text))
<BR><BR>[Stack]<UL><LI>Max Depth = 72<LI>Call Chain = Menu3_12_2 &rArr; DisplayGraphic_16x9 &rArr; LCD_WRITE_ADDRESS &rArr; LCD_WRITE_COMMAND
</UL>
<BR>[Calls]<UL><LI><a href="#[bf]">&gt;&gt;</a>&nbsp;&nbsp;&nbsp;DisplayGraphic_16x9
</UL>
<BR>[Address Reference Count : 1]<UL><LI> menu.o(.data)
</UL>
<P><STRONG><a name="[26]"></a>Menu3_12_3</STRONG> (Thumb, 40 bytes, Stack size 8 bytes, menu.o(.text))
<BR><BR>[Stack]<UL><LI>Max Depth = 72<LI>Call Chain = Menu3_12_3 &rArr; DisplayGraphic_16x9 &rArr; LCD_WRITE_ADDRESS &rArr; LCD_WRITE_COMMAND
</UL>
<BR>[Calls]<UL><LI><a href="#[bf]">&gt;&gt;</a>&nbsp;&nbsp;&nbsp;DisplayGraphic_16x9
</UL>
<BR>[Address Reference Count : 1]<UL><LI> menu.o(.data)
</UL>
<P><STRONG><a name="[27]"></a>Menu3_12_4</STRONG> (Thumb, 40 bytes, Stack size 8 bytes, menu.o(.text))
<BR><BR>[Stack]<UL><LI>Max Depth = 72<LI>Call Chain = Menu3_12_4 &rArr; DisplayGraphic_16x9 &rArr; LCD_WRITE_ADDRESS &rArr; LCD_WRITE_COMMAND
</UL>
<BR>[Calls]<UL><LI><a href="#[bf]">&gt;&gt;</a>&nbsp;&nbsp;&nbsp;DisplayGraphic_16x9
</UL>
<BR>[Address Reference Count : 1]<UL><LI> menu.o(.data)
</UL>
<P><STRONG><a name="[28]"></a>Menu3_12_5</STRONG> (Thumb, 40 bytes, Stack size 8 bytes, menu.o(.text))
<BR><BR>[Stack]<UL><LI>Max Depth = 72<LI>Call Chain = Menu3_12_5 &rArr; DisplayGraphic_16x9 &rArr; LCD_WRITE_ADDRESS &rArr; LCD_WRITE_COMMAND
</UL>
<BR>[Calls]<UL><LI><a href="#[bf]">&gt;&gt;</a>&nbsp;&nbsp;&nbsp;DisplayGraphic_16x9
</UL>
<BR>[Address Reference Count : 1]<UL><LI> menu.o(.data)
</UL>
<P><STRONG><a name="[29]"></a>Menu3_12_2_1</STRONG> (Thumb, 62 bytes, Stack size 8 bytes, menu.o(.text))
<BR><BR>[Stack]<UL><LI>Max Depth = 112<LI>Call Chain = Menu3_12_2_1 &rArr; LCD_Display_CN_String &rArr; GT_Read_nByte &rArr; SPI_WriteByte
</UL>
<BR>[Calls]<UL><LI><a href="#[c8]">&gt;&gt;</a>&nbsp;&nbsp;&nbsp;LCD_Display_String8x16
<LI><a href="#[9b]">&gt;&gt;</a>&nbsp;&nbsp;&nbsp;LCD_Display_CN_String
<LI><a href="#[99]">&gt;&gt;</a>&nbsp;&nbsp;&nbsp;LCD_CLEAR_SCREEN
</UL>
<BR>[Address Reference Count : 1]<UL><LI> menu.o(.data)
</UL>
<P><STRONG><a name="[2a]"></a>Menu3_12_2_2</STRONG> (Thumb, 126 bytes, Stack size 8 bytes, menu.o(.text))
<BR><BR>[Stack]<UL><LI>Max Depth = 112<LI>Call Chain = Menu3_12_2_2 &rArr; LCD_Display_CN_String &rArr; GT_Read_nByte &rArr; SPI_WriteByte
</UL>
<BR>[Calls]<UL><LI><a href="#[c8]">&gt;&gt;</a>&nbsp;&nbsp;&nbsp;LCD_Display_String8x16
<LI><a href="#[9b]">&gt;&gt;</a>&nbsp;&nbsp;&nbsp;LCD_Display_CN_String
</UL>
<BR>[Address Reference Count : 1]<UL><LI> menu.o(.data)
</UL>
<P><STRONG><a name="[2b]"></a>Menu3_12_2_3</STRONG> (Thumb, 98 bytes, Stack size 8 bytes, menu.o(.text))
<BR><BR>[Stack]<UL><LI>Max Depth = 112<LI>Call Chain = Menu3_12_2_3 &rArr; LCD_Display_CN_String &rArr; GT_Read_nByte &rArr; SPI_WriteByte
</UL>
<BR>[Calls]<UL><LI><a href="#[c8]">&gt;&gt;</a>&nbsp;&nbsp;&nbsp;LCD_Display_String8x16
<LI><a href="#[9b]">&gt;&gt;</a>&nbsp;&nbsp;&nbsp;LCD_Display_CN_String
</UL>
<BR>[Address Reference Count : 1]<UL><LI> menu.o(.data)
</UL>
<P><STRONG><a name="[2c]"></a>Menu3_12_2_4</STRONG> (Thumb, 98 bytes, Stack size 8 bytes, menu.o(.text))
<BR><BR>[Stack]<UL><LI>Max Depth = 112<LI>Call Chain = Menu3_12_2_4 &rArr; LCD_Display_CN_String &rArr; GT_Read_nByte &rArr; SPI_WriteByte
</UL>
<BR>[Calls]<UL><LI><a href="#[c8]">&gt;&gt;</a>&nbsp;&nbsp;&nbsp;LCD_Display_String8x16
<LI><a href="#[9b]">&gt;&gt;</a>&nbsp;&nbsp;&nbsp;LCD_Display_CN_String
</UL>
<BR>[Address Reference Count : 1]<UL><LI> menu.o(.data)
</UL>
<P><STRONG><a name="[2d]"></a>Menu3_12_2_5</STRONG> (Thumb, 100 bytes, Stack size 8 bytes, menu.o(.text))
<BR><BR>[Stack]<UL><LI>Max Depth = 112<LI>Call Chain = Menu3_12_2_5 &rArr; LCD_Display_CN_String &rArr; GT_Read_nByte &rArr; SPI_WriteByte
</UL>
<BR>[Calls]<UL><LI><a href="#[c8]">&gt;&gt;</a>&nbsp;&nbsp;&nbsp;LCD_Display_String8x16
<LI><a href="#[9b]">&gt;&gt;</a>&nbsp;&nbsp;&nbsp;LCD_Display_CN_String
</UL>
<BR>[Address Reference Count : 1]<UL><LI> menu.o(.data)
</UL>
<P><STRONG><a name="[2e]"></a>Menu3_12_2_6</STRONG> (Thumb, 100 bytes, Stack size 8 bytes, menu.o(.text))
<BR><BR>[Stack]<UL><LI>Max Depth = 112<LI>Call Chain = Menu3_12_2_6 &rArr; LCD_Display_CN_String &rArr; GT_Read_nByte &rArr; SPI_WriteByte
</UL>
<BR>[Calls]<UL><LI><a href="#[c8]">&gt;&gt;</a>&nbsp;&nbsp;&nbsp;LCD_Display_String8x16
<LI><a href="#[9b]">&gt;&gt;</a>&nbsp;&nbsp;&nbsp;LCD_Display_CN_String
</UL>
<BR>[Address Reference Count : 1]<UL><LI> menu.o(.data)
</UL>
<P><STRONG><a name="[2f]"></a>Menu3_12_2_7</STRONG> (Thumb, 238 bytes, Stack size 8 bytes, menu.o(.text))
<BR><BR>[Stack]<UL><LI>Max Depth = 112<LI>Call Chain = Menu3_12_2_7 &rArr; LCD_Display_CN_String &rArr; GT_Read_nByte &rArr; SPI_WriteByte
</UL>
<BR>[Calls]<UL><LI><a href="#[c8]">&gt;&gt;</a>&nbsp;&nbsp;&nbsp;LCD_Display_String8x16
<LI><a href="#[9b]">&gt;&gt;</a>&nbsp;&nbsp;&nbsp;LCD_Display_CN_String
</UL>
<BR>[Address Reference Count : 1]<UL><LI> menu.o(.data)
</UL>
<P><STRONG><a name="[30]"></a>Menu3_12_2_8</STRONG> (Thumb, 102 bytes, Stack size 8 bytes, menu.o(.text))
<BR><BR>[Stack]<UL><LI>Max Depth = 112<LI>Call Chain = Menu3_12_2_8 &rArr; LCD_Display_CN_String &rArr; GT_Read_nByte &rArr; SPI_WriteByte
</UL>
<BR>[Calls]<UL><LI><a href="#[c8]">&gt;&gt;</a>&nbsp;&nbsp;&nbsp;LCD_Display_String8x16
<LI><a href="#[9b]">&gt;&gt;</a>&nbsp;&nbsp;&nbsp;LCD_Display_CN_String
</UL>
<BR>[Address Reference Count : 1]<UL><LI> menu.o(.data)
</UL>
<P><STRONG><a name="[31]"></a>Menu3_12_2_9</STRONG> (Thumb, 100 bytes, Stack size 8 bytes, menu.o(.text))
<BR><BR>[Stack]<UL><LI>Max Depth = 112<LI>Call Chain = Menu3_12_2_9 &rArr; LCD_Display_CN_String &rArr; GT_Read_nByte &rArr; SPI_WriteByte
</UL>
<BR>[Calls]<UL><LI><a href="#[c8]">&gt;&gt;</a>&nbsp;&nbsp;&nbsp;LCD_Display_String8x16
<LI><a href="#[9b]">&gt;&gt;</a>&nbsp;&nbsp;&nbsp;LCD_Display_CN_String
</UL>
<BR>[Address Reference Count : 1]<UL><LI> menu.o(.data)
</UL>
<P><STRONG><a name="[32]"></a>Menu3_12_2_10</STRONG> (Thumb, 98 bytes, Stack size 8 bytes, menu.o(.text))
<BR><BR>[Stack]<UL><LI>Max Depth = 112<LI>Call Chain = Menu3_12_2_10 &rArr; LCD_Display_CN_String &rArr; GT_Read_nByte &rArr; SPI_WriteByte
</UL>
<BR>[Calls]<UL><LI><a href="#[c8]">&gt;&gt;</a>&nbsp;&nbsp;&nbsp;LCD_Display_String8x16
<LI><a href="#[9b]">&gt;&gt;</a>&nbsp;&nbsp;&nbsp;LCD_Display_CN_String
</UL>
<BR>[Address Reference Count : 1]<UL><LI> menu.o(.data)
</UL>
<P><STRONG><a name="[33]"></a>Menu3_12_2_11</STRONG> (Thumb, 98 bytes, Stack size 8 bytes, menu.o(.text))
<BR><BR>[Stack]<UL><LI>Max Depth = 112<LI>Call Chain = Menu3_12_2_11 &rArr; LCD_Display_CN_String &rArr; GT_Read_nByte &rArr; SPI_WriteByte
</UL>
<BR>[Calls]<UL><LI><a href="#[c8]">&gt;&gt;</a>&nbsp;&nbsp;&nbsp;LCD_Display_String8x16
<LI><a href="#[9b]">&gt;&gt;</a>&nbsp;&nbsp;&nbsp;LCD_Display_CN_String
</UL>
<BR>[Address Reference Count : 1]<UL><LI> menu.o(.data)
</UL>
<P><STRONG><a name="[34]"></a>Menu3_12_2_12</STRONG> (Thumb, 100 bytes, Stack size 8 bytes, menu.o(.text))
<BR><BR>[Stack]<UL><LI>Max Depth = 112<LI>Call Chain = Menu3_12_2_12 &rArr; LCD_Display_CN_String &rArr; GT_Read_nByte &rArr; SPI_WriteByte
</UL>
<BR>[Calls]<UL><LI><a href="#[c8]">&gt;&gt;</a>&nbsp;&nbsp;&nbsp;LCD_Display_String8x16
<LI><a href="#[9b]">&gt;&gt;</a>&nbsp;&nbsp;&nbsp;LCD_Display_CN_String
</UL>
<BR>[Address Reference Count : 1]<UL><LI> menu.o(.data)
</UL>
<P><STRONG><a name="[35]"></a>Menu3_12_2_13</STRONG> (Thumb, 72 bytes, Stack size 8 bytes, menu.o(.text))
<BR><BR>[Stack]<UL><LI>Max Depth = 112<LI>Call Chain = Menu3_12_2_13 &rArr; LCD_Display_CN_String &rArr; GT_Read_nByte &rArr; SPI_WriteByte
</UL>
<BR>[Calls]<UL><LI><a href="#[9b]">&gt;&gt;</a>&nbsp;&nbsp;&nbsp;LCD_Display_CN_String
</UL>
<BR>[Address Reference Count : 1]<UL><LI> menu.o(.data)
</UL>
<P><STRONG><a name="[36]"></a>Menu3_12_2_14</STRONG> (Thumb, 72 bytes, Stack size 8 bytes, menu.o(.text))
<BR><BR>[Stack]<UL><LI>Max Depth = 112<LI>Call Chain = Menu3_12_2_14 &rArr; LCD_Display_CN_String &rArr; GT_Read_nByte &rArr; SPI_WriteByte
</UL>
<BR>[Calls]<UL><LI><a href="#[9b]">&gt;&gt;</a>&nbsp;&nbsp;&nbsp;LCD_Display_CN_String
</UL>
<BR>[Address Reference Count : 1]<UL><LI> menu.o(.data)
</UL>
<P><STRONG><a name="[37]"></a>Menu3_12_2_15</STRONG> (Thumb, 34 bytes, Stack size 8 bytes, menu.o(.text))
<BR><BR>[Stack]<UL><LI>Max Depth = 112<LI>Call Chain = Menu3_12_2_15 &rArr; LCD_Display_CN_String &rArr; GT_Read_nByte &rArr; SPI_WriteByte
</UL>
<BR>[Calls]<UL><LI><a href="#[9b]">&gt;&gt;</a>&nbsp;&nbsp;&nbsp;LCD_Display_CN_String
<LI><a href="#[99]">&gt;&gt;</a>&nbsp;&nbsp;&nbsp;LCD_CLEAR_SCREEN
</UL>
<BR>[Address Reference Count : 1]<UL><LI> menu.o(.data)
</UL>
<P><STRONG><a name="[38]"></a>Menu3_12_2_16</STRONG> (Thumb, 30 bytes, Stack size 8 bytes, menu.o(.text))
<BR><BR>[Stack]<UL><LI>Max Depth = 112<LI>Call Chain = Menu3_12_2_16 &rArr; LCD_Display_CN_String &rArr; GT_Read_nByte &rArr; SPI_WriteByte
</UL>
<BR>[Calls]<UL><LI><a href="#[9b]">&gt;&gt;</a>&nbsp;&nbsp;&nbsp;LCD_Display_CN_String
<LI><a href="#[99]">&gt;&gt;</a>&nbsp;&nbsp;&nbsp;LCD_CLEAR_SCREEN
</UL>
<BR>[Address Reference Count : 1]<UL><LI> menu.o(.data)
</UL>
<P><STRONG><a name="[39]"></a>Menu3_12_3_1</STRONG> (Thumb, 66 bytes, Stack size 8 bytes, menu.o(.text))
<BR><BR>[Stack]<UL><LI>Max Depth = 112<LI>Call Chain = Menu3_12_3_1 &rArr; LCD_Display_CN_String &rArr; GT_Read_nByte &rArr; SPI_WriteByte
</UL>
<BR>[Calls]<UL><LI><a href="#[c8]">&gt;&gt;</a>&nbsp;&nbsp;&nbsp;LCD_Display_String8x16
<LI><a href="#[9b]">&gt;&gt;</a>&nbsp;&nbsp;&nbsp;LCD_Display_CN_String
<LI><a href="#[99]">&gt;&gt;</a>&nbsp;&nbsp;&nbsp;LCD_CLEAR_SCREEN
</UL>
<BR>[Address Reference Count : 1]<UL><LI> menu.o(.data)
</UL>
<P><STRONG><a name="[3a]"></a>Menu3_12_3_2</STRONG> (Thumb, 130 bytes, Stack size 8 bytes, menu.o(.text))
<BR><BR>[Stack]<UL><LI>Max Depth = 112<LI>Call Chain = Menu3_12_3_2 &rArr; LCD_Display_CN_String &rArr; GT_Read_nByte &rArr; SPI_WriteByte
</UL>
<BR>[Calls]<UL><LI><a href="#[c8]">&gt;&gt;</a>&nbsp;&nbsp;&nbsp;LCD_Display_String8x16
<LI><a href="#[9b]">&gt;&gt;</a>&nbsp;&nbsp;&nbsp;LCD_Display_CN_String
</UL>
<BR>[Address Reference Count : 1]<UL><LI> menu.o(.data)
</UL>
<P><STRONG><a name="[3b]"></a>Menu3_12_3_3</STRONG> (Thumb, 218 bytes, Stack size 8 bytes, menu.o(.text))
<BR><BR>[Stack]<UL><LI>Max Depth = 112<LI>Call Chain = Menu3_12_3_3 &rArr; LCD_Display_CN_String &rArr; GT_Read_nByte &rArr; SPI_WriteByte
</UL>
<BR>[Calls]<UL><LI><a href="#[c8]">&gt;&gt;</a>&nbsp;&nbsp;&nbsp;LCD_Display_String8x16
<LI><a href="#[9b]">&gt;&gt;</a>&nbsp;&nbsp;&nbsp;LCD_Display_CN_String
</UL>
<BR>[Address Reference Count : 1]<UL><LI> menu.o(.data)
</UL>
[...]
</UL>
<BR>[Called By]<UL><LI><a href="#[ad]">&gt;&gt;</a>&nbsp;&nbsp;&nbsp;GT20L16S1Y_Config
</UL>

<P><STRONG><a name="[129]"></a>GPIO_EXTILineConfig</STRONG> (Thumb, 66 bytes, Stack size 12 bytes, stm32f10x_gpio.o(.text), UNUSED)

<P><STRONG><a name="[12a]"></a>GPIO_ETH_MediaInterfaceConfig</STRONG> (Thumb, 8 bytes, Stack size 0 bytes, stm32f10x_gpio.o(.text), UNUSED)

<P><STRONG><a name="[12b]"></a>RCC_DeInit</STRONG> (Thumb, 64 bytes, Stack size 0 bytes, stm32f10x_rcc.o(.text), UNUSED)

<P><STRONG><a name="[12c]"></a>RCC_HSEConfig</STRONG> (Thumb, 70 bytes, Stack size 0 bytes, stm32f10x_rcc.o(.text), UNUSED)

<P><STRONG><a name="[10a]"></a>RCC_GetFlagStatus</STRONG> (Thumb, 56 bytes, Stack size 8 bytes, stm32f10x_rcc.o(.text), UNUSED)
<BR><BR>[Called By]<UL><LI><a href="#[109]">&gt;&gt;</a>&nbsp;&nbsp;&nbsp;RCC_WaitForHSEStartUp
</UL>

<P><STRONG><a name="[109]"></a>RCC_WaitForHSEStartUp</STRONG> (Thumb, 56 bytes, Stack size 16 bytes, stm32f10x_rcc.o(.text), UNUSED)
<BR><BR>[Calls]<UL><LI><a href="#[10a]">&gt;&gt;</a>&nbsp;&nbsp;&nbsp;RCC_GetFlagStatus
</UL>

<P><STRONG><a name="[12d]"></a>RCC_AdjustHSICalibrationValue</STRONG> (Thumb, 20 bytes, Stack size 0 bytes, stm32f10x_rcc.o(.text), UNUSED)

<P><STRONG><a name="[12e]"></a>RCC_HSICmd</STRONG> (Thumb, 6 bytes, Stack size 0 bytes, stm32f10x_rcc.o(.text), UNUSED)

<P><STRONG><a name="[12f]"></a>RCC_PLLConfig</STRONG> (Thumb, 24 bytes, Stack size 0 bytes, stm32f10x_rcc.o(.text), UNUSED)

<P><STRONG><a name="[130]"></a>RCC_PLLCmd</STRONG> (Thumb, 6 bytes, Stack size 0 bytes, stm32f10x_rcc.o(.text), UNUSED)

<P><STRONG><a name="[131]"></a>RCC_SYSCLKConfig</STRONG> (Thumb, 18 bytes, Stack size 0 bytes, stm32f10x_rcc.o(.text), UNUSED)

<P><STRONG><a name="[132]"></a>RCC_GetSYSCLKSource</STRONG> (Thumb, 10 bytes, Stack size 0 bytes, stm32f10x_rcc.o(.text), UNUSED)

<P><STRONG><a name="[133]"></a>RCC_HCLKConfig</STRONG> (Thumb, 18 bytes, Stack size 0 bytes, stm32f10x_rcc.o(.text), UNUSED)

<P><STRONG><a name="[134]"></a>RCC_PCLK1Config</STRONG> (Thumb, 18 bytes, Stack size 0 bytes, stm32f10x_rcc.o(.text), UNUSED)

<P><STRONG><a name="[135]"></a>RCC_PCLK2Config</STRONG> (Thumb, 20 bytes, Stack size 0 bytes, stm32f10x_rcc.o(.text), UNUSED)

<P><STRONG><a name="[136]"></a>RCC_ITConfig</STRONG> (Thumb, 26 bytes, Stack size 0 bytes, stm32f10x_rcc.o(.text), UNUSED)

<P><STRONG><a name="[137]"></a>RCC_USBCLKConfig</STRONG> (Thumb, 8 bytes, Stack size 0 bytes, stm32f10x_rcc.o(.text), UNUSED)

<P><STRONG><a name="[138]"></a>RCC_ADCCLKConfig</STRONG> (Thumb, 18 bytes, Stack size 0 bytes, stm32f10x_rcc.o(.text), UNUSED)

<P><STRONG><a name="[139]"></a>RCC_LSEConfig</STRONG> (Thumb, 50 bytes, Stack size 0 bytes, stm32f10x_rcc.o(.text), UNUSED)

<P><STRONG><a name="[13a]"></a>RCC_LSICmd</STRONG> (Thumb, 6 bytes, Stack size 0 bytes, stm32f10x_rcc.o(.text), UNUSED)

<P><STRONG><a name="[13b]"></a>RCC_RTCCLKConfig</STRONG> (Thumb, 12 bytes, Stack size 0 bytes, stm32f10x_rcc.o(.text), UNUSED)

<P><STRONG><a name="[13c]"></a>RCC_RTCCLKCmd</STRONG> (Thumb, 8 bytes, Stack size 0 bytes, stm32f10x_rcc.o(.text), UNUSED)

<P><STRONG><a name="[10e]"></a>RCC_GetClocksFreq</STRONG> (Thumb, 192 bytes, Stack size 12 bytes, stm32f10x_rcc.o(.text))
<BR><BR>[Stack]<UL><LI>Max Depth = 12<LI>Call Chain = RCC_GetClocksFreq
</UL>
<BR>[Called By]<UL><LI><a href="#[d5]">&gt;&gt;</a>&nbsp;&nbsp;&nbsp;USART_Init
<LI><a href="#[10d]">&gt;&gt;</a>&nbsp;&nbsp;&nbsp;I2S_Init
</UL>

<P><STRONG><a name="[13d]"></a>RCC_AHBPeriphClockCmd</STRONG> (Thumb, 26 bytes, Stack size 0 bytes, stm32f10x_rcc.o(.text), UNUSED)

<P><STRONG><a name="[ae]"></a>RCC_APB2PeriphClockCmd</STRONG> (Thumb, 26 bytes, Stack size 0 bytes, stm32f10x_rcc.o(.text))
<BR><BR>[Called By]<UL><LI><a href="#[b4]">&gt;&gt;</a>&nbsp;&nbsp;&nbsp;LCD12864G_GPIO_Config
<LI><a href="#[ad]">&gt;&gt;</a>&nbsp;&nbsp;&nbsp;GT20L16S1Y_Config
<LI><a href="#[9c]">&gt;&gt;</a>&nbsp;&nbsp;&nbsp;STM32_USART_Init
<LI><a href="#[9e]">&gt;&gt;</a>&nbsp;&nbsp;&nbsp;STM32_USART3_Init
<LI><a href="#[a0]">&gt;&gt;</a>&nbsp;&nbsp;&nbsp;STM32_LED_Init
<LI><a href="#[96]">&gt;&gt;</a>&nbsp;&nbsp;&nbsp;SIM900A_Init
<LI><a href="#[9a]">&gt;&gt;</a>&nbsp;&nbsp;&nbsp;Key_GPIO_Config
<LI><a href="#[a1]">&gt;&gt;</a>&nbsp;&nbsp;&nbsp;I2C_DS3231_Config
<LI><a href="#[97]">&gt;&gt;</a>&nbsp;&nbsp;&nbsp;HLK_M30_Init
</UL>

<P><STRONG><a name="[af]"></a>RCC_APB1PeriphClockCmd</STRONG> (Thumb, 26 bytes, Stack size 0 bytes, stm32f10x_rcc.o(.text))
<BR><BR>[Called By]<UL><LI><a href="#[ad]">&gt;&gt;</a>&nbsp;&nbsp;&nbsp;GT20L16S1Y_Config
<LI><a href="#[9c]">&gt;&gt;</a>&nbsp;&nbsp;&nbsp;STM32_USART_Init
<LI><a href="#[9e]">&gt;&gt;</a>&nbsp;&nbsp;&nbsp;STM32_USART3_Init
</UL>

<P><STRONG><a name="[107]"></a>RCC_APB2PeriphResetCmd</STRONG> (Thumb, 26 bytes, Stack size 0 bytes, stm32f10x_rcc.o(.text))
<BR><BR>[Called By]<UL><LI><a href="#[d4]">&gt;&gt;</a>&nbsp;&nbsp;&nbsp;USART_DeInit
<LI><a href="#[10b]">&gt;&gt;</a>&nbsp;&nbsp;&nbsp;SPI_I2S_DeInit
<LI><a href="#[108]">&gt;&gt;</a>&nbsp;&nbsp;&nbsp;GPIO_AFIODeInit
<LI><a href="#[106]">&gt;&gt;</a>&nbsp;&nbsp;&nbsp;GPIO_DeInit
</UL>

<P><STRONG><a name="[10c]"></a>RCC_APB1PeriphResetCmd</STRONG> (Thumb, 26 bytes, Stack size 0 bytes, stm32f10x_rcc.o(.text))
<BR><BR>[Called By]<UL><LI><a href="#[d4]">&gt;&gt;</a>&nbsp;&nbsp;&nbsp;USART_DeInit
<LI><a href="#[10b]">&gt;&gt;</a>&nbsp;&nbsp;&nbsp;SPI_I2S_DeInit
</UL>

<P><STRONG><a name="[13e]"></a>RCC_BackupResetCmd</STRONG> (Thumb, 8 bytes, Stack size 0 bytes, stm32f10x_rcc.o(.text), UNUSED)

<P><STRONG><a name="[13f]"></a>RCC_ClockSecuritySystemCmd</STRONG> (Thumb, 6 bytes, Stack size 0 bytes, stm32f10x_rcc.o(.text), UNUSED)

<P><STRONG><a name="[140]"></a>RCC_MCOConfig</STRONG> (Thumb, 6 bytes, Stack size 0 bytes, stm32f10x_rcc.o(.text), UNUSED)

<P><STRONG><a name="[141]"></a>RCC_ClearFlag</STRONG> (Thumb, 14 bytes, Stack size 0 bytes, stm32f10x_rcc.o(.text), UNUSED)

<P><STRONG><a name="[142]"></a>RCC_GetITStatus</STRONG> (Thumb, 20 bytes, Stack size 0 bytes, stm32f10x_rcc.o(.text), UNUSED)

<P><STRONG><a name="[143]"></a>RCC_ClearITPendingBit</STRONG> (Thumb, 6 bytes, Stack size 0 bytes, stm32f10x_rcc.o(.text), UNUSED)

<P><STRONG><a name="[10b]"></a>SPI_I2S_DeInit</STRONG> (Thumb, 76 bytes, Stack size 8 bytes, stm32f10x_spi.o(.text), UNUSED)
<BR><BR>[Calls]<UL><LI><a href="#[10c]">&gt;&gt;</a>&nbsp;&nbsp;&nbsp;RCC_APB1PeriphResetCmd
<LI><a href="#[107]">&gt;&gt;</a>&nbsp;&nbsp;&nbsp;RCC_APB2PeriphResetCmd
</UL>

<P><STRONG><a name="[b2]"></a>SPI_Init</STRONG> (Thumb, 60 bytes, Stack size 8 bytes, stm32f10x_spi.o(.text))
<BR><BR>[Stack]<UL><LI>Max Depth = 8<LI>Call Chain = SPI_Init
</UL>
<BR>[Called By]<UL><LI><a href="#[ad]">&gt;&gt;</a>&nbsp;&nbsp;&nbsp;GT20L16S1Y_Config
</UL>

<P><STRONG><a name="[10d]"></a>I2S_Init</STRONG> (Thumb, 226 bytes, Stack size 56 bytes, stm32f10x_spi.o(.text), UNUSED)
<BR><BR>[Calls]<UL><LI><a href="#[10e]">&gt;&gt;</a>&nbsp;&nbsp;&nbsp;RCC_GetClocksFreq
</UL>

<P><STRONG><a name="[144]"></a>SPI_StructInit</STRONG> (Thumb, 24 bytes, Stack size 0 bytes, stm32f10x_spi.o(.text), UNUSED)

<P><STRONG><a name="[145]"></a>I2S_StructInit</STRONG> (Thumb, 20 bytes, Stack size 0 bytes, stm32f10x_spi.o(.text), UNUSED)

<P><STRONG><a name="[b3]"></a>SPI_Cmd</STRONG> (Thumb, 24 bytes, Stack size 0 bytes, stm32f10x_spi.o(.text))
<BR><BR>[Called By]<UL><LI><a href="#[ad]">&gt;&gt;</a>&nbsp;&nbsp;&nbsp;GT20L16S1Y_Config
</UL>

<P><STRONG><a name="[146]"></a>I2S_Cmd</STRONG> (Thumb, 24 bytes, Stack size 0 bytes, stm32f10x_spi.o(.text), UNUSED)

<P><STRONG><a name="[147]"></a>SPI_I2S_ITConfig</STRONG> (Thumb, 32 bytes, Stack size 12 bytes, stm32f10x_spi.o(.text), UNUSED)

<P><STRONG><a name="[148]"></a>SPI_I2S_DMACmd</STRONG> (Thumb, 18 bytes, Stack size 0 bytes, stm32f10x_spi.o(.text), UNUSED)

<P><STRONG><a name="[b7]"></a>SPI_I2S_SendData</STRONG> (Thumb, 4 bytes, Stack size 0 bytes, stm32f10x_spi.o(.text))
<BR><BR>[Called By]<UL><LI><a href="#[b5]">&gt;&gt;</a>&nbsp;&nbsp;&nbsp;SPI_WriteByte
</UL>

<P><STRONG><a name="[b8]"></a>SPI_I2S_ReceiveData</STRONG> (Thumb, 6 bytes, Stack size 0 bytes, stm32f10x_spi.o(.text))
<BR><BR>[Called By]<UL><LI><a href="#[b5]">&gt;&gt;</a>&nbsp;&nbsp;&nbsp;SPI_WriteByte
</UL>

<P><STRONG><a name="[149]"></a>SPI_NSSInternalSoftwareConfig</STRONG> (Thumb, 30 bytes, Stack size 0 bytes, stm32f10x_spi.o(.text), UNUSED)

<P><STRONG><a name="[14a]"></a>SPI_SSOutputCmd</STRONG> (Thumb, 24 bytes, Stack size 0 bytes, stm32f10x_spi.o(.text), UNUSED)

<P><STRONG><a name="[14b]"></a>SPI_DataSizeConfig</STRONG> (Thumb, 18 bytes, Stack size 0 bytes, stm32f10x_spi.o(.text), UNUSED)

<P><STRONG><a name="[14c]"></a>SPI_TransmitCRC</STRONG> (Thumb, 10 bytes, Stack size 0 bytes, stm32f10x_spi.o(.text), UNUSED)

<P><STRONG><a name="[14d]"></a>SPI_CalculateCRC</STRONG> (Thumb, 24 bytes, Stack size 0 bytes, stm32f10x_spi.o(.text), UNUSED)

<P><STRONG><a name="[14e]"></a>SPI_GetCRC</STRONG> (Thumb, 16 bytes, Stack size 0 bytes, stm32f10x_spi.o(.text), UNUSED)

<P><STRONG><a name="[14f]"></a>SPI_GetCRCPolynomial</STRONG> (Thumb, 6 bytes, Stack size 0 bytes, stm32f10x_spi.o(.text), UNUSED)

<P><STRONG><a name="[150]"></a>SPI_BiDirectionalLineConfig</STRONG> (Thumb, 28 bytes, Stack size 0 bytes, stm32f10x_spi.o(.text), UNUSED)

<P><STRONG><a name="[b6]"></a>SPI_I2S_GetFlagStatus</STRONG> (Thumb, 18 bytes, Stack size 0 bytes, stm32f10x_spi.o(.text))
<BR><BR>[Called By]<UL><LI><a href="#[b5]">&gt;&gt;</a>&nbsp;&nbsp;&nbsp;SPI_WriteByte
</UL>

<P><STRONG><a name="[151]"></a>SPI_I2S_ClearFlag</STRONG> (Thumb, 6 bytes, Stack size 0 bytes, stm32f10x_spi.o(.text), UNUSED)

<P><STRONG><a name="[152]"></a>SPI_I2S_GetITStatus</STRONG> (Thumb, 52 bytes, Stack size 20 bytes, stm32f10x_spi.o(.text), UNUSED)

<P><STRONG><a name="[153]"></a>SPI_I2S_ClearITPendingBit</STRONG> (Thumb, 20 bytes, Stack size 8 bytes, stm32f10x_spi.o(.text), UNUSED)

<P><STRONG><a name="[d4]"></a>USART_DeInit</STRONG> (Thumb, 134 bytes, Stack size 8 bytes, stm32f10x_usart.o(.text))
<BR><BR>[Stack]<UL><LI>Max Depth = 8<LI>Call Chain = USART_DeInit
</UL>
<BR>[Calls]<UL><LI><a href="#[10c]">&gt;&gt;</a>&nbsp;&nbsp;&nbsp;RCC_APB1PeriphResetCmd
<LI><a href="#[107]">&gt;&gt;</a>&nbsp;&nbsp;&nbsp;RCC_APB2PeriphResetCmd
</UL>
<BR>[Called By]<UL><LI><a href="#[9c]">&gt;&gt;</a>&nbsp;&nbsp;&nbsp;STM32_USART_Init
<LI><a href="#[9e]">&gt;&gt;</a>&nbsp;&nbsp;&nbsp;STM32_USART3_Init
<LI><a href="#[96]">&gt;&gt;</a>&nbsp;&nbsp;&nbsp;SIM900A_Init
</UL>

<P><STRONG><a name="[d5]"></a>USART_Init</STRONG> (Thumb, 210 bytes, Stack size 56 bytes, stm32f10x_usart.o(.text))
<BR><BR>[Stack]<UL><LI>Max Depth = 68<LI>Call Chain = USART_Init &rArr; RCC_GetClocksFreq
</UL>
<BR>[Calls]<UL><LI><a href="#[10e]">&gt;&gt;</a>&nbsp;&nbsp;&nbsp;RCC_GetClocksFreq
</UL>
<BR>[Called By]<UL><LI><a href="#[9c]">&gt;&gt;</a>&nbsp;&nbsp;&nbsp;STM32_USART_Init
<LI><a href="#[9e]">&gt;&gt;</a>&nbsp;&nbsp;&nbsp;STM32_USART3_Init
<LI><a href="#[96]">&gt;&gt;</a>&nbsp;&nbsp;&nbsp;SIM900A_Init
</UL>

<P><STRONG><a name="[154]"></a>USART_StructInit</STRONG> (Thumb, 24 bytes, Stack size 0 bytes, stm32f10x_usart.o(.text), UNUSED)

<P><STRONG><a name="[155]"></a>USART_ClockInit</STRONG> (Thumb, 34 bytes, Stack size 8 bytes, stm32f10x_usart.o(.text), UNUSED)

<P><STRONG><a name="[156]"></a>USART_ClockStructInit</STRONG> (Thumb, 12 bytes, Stack size 0 bytes, stm32f10x_usart.o(.text), UNUSED)

<P><STRONG><a name="[d7]"></a>USART_Cmd</STRONG> (Thumb, 24 bytes, Stack size 0 bytes, stm32f10x_usart.o(.text))
<BR><BR>[Called By]<UL><LI><a href="#[9c]">&gt;&gt;</a>&nbsp;&nbsp;&nbsp;STM32_USART_Init
<LI><a href="#[9e]">&gt;&gt;</a>&nbsp;&nbsp;&nbsp;STM32_USART3_Init
<LI><a href="#[96]">&gt;&gt;</a>&nbsp;&nbsp;&nbsp;SIM900A_Init
</UL>

<P><STRONG><a name="[d6]"></a>USART_ITConfig</STRONG> (Thumb, 74 bytes, Stack size 20 bytes, stm32f10x_usart.o(.text))
<BR><BR>[Stack]<UL><LI>Max Depth = 20<LI>Call Chain = USART_ITConfig
</UL>
<BR>[Called By]<UL><LI><a href="#[9c]">&gt;&gt;</a>&nbsp;&nbsp;&nbsp;STM32_USART_Init
<LI><a href="#[9e]">&gt;&gt;</a>&nbsp;&nbsp;&nbsp;STM32_USART3_Init
<LI><a href="#[96]">&gt;&gt;</a>&nbsp;&nbsp;&nbsp;SIM900A_Init
</UL>

<P><STRONG><a name="[157]"></a>USART_DMACmd</STRONG> (Thumb, 18 bytes, Stack size 0 bytes, stm32f10x_usart.o(.text), UNUSED)

<P><STRONG><a name="[158]"></a>USART_SetAddress</STRONG> (Thumb, 18 bytes, Stack size 0 bytes, stm32f10x_usart.o(.text), UNUSED)

<P><STRONG><a name="[159]"></a>USART_WakeUpConfig</STRONG> (Thumb, 18 bytes, Stack size 0 bytes, stm32f10x_usart.o(.text), UNUSED)

<P><STRONG><a name="[15a]"></a>USART_ReceiverWakeUpCmd</STRONG> (Thumb, 24 bytes, Stack size 0 bytes, stm32f10x_usart.o(.text), UNUSED)

<P><STRONG><a name="[15b]"></a>USART_LINBreakDetectLengthConfig</STRONG> (Thumb, 18 bytes, Stack size 0 bytes, stm32f10x_usart.o(.text), UNUSED)

<P><STRONG><a name="[15c]"></a>USART_LINCmd</STRONG> (Thumb, 24 bytes, Stack size 0 bytes, stm32f10x_usart.o(.text), UNUSED)

<P><STRONG><a name="[da]"></a>USART_SendData</STRONG> (Thumb, 8 bytes, Stack size 0 bytes, stm32f10x_usart.o(.text))
<BR><BR>[Called By]<UL><LI><a href="#[102]">&gt;&gt;</a>&nbsp;&nbsp;&nbsp;HLK_SendByte
<LI><a href="#[f9]">&gt;&gt;</a>&nbsp;&nbsp;&nbsp;SIM900A_Send_Array
<LI><a href="#[f8]">&gt;&gt;</a>&nbsp;&nbsp;&nbsp;SIM900A_Send_Byte
<LI><a href="#[dc]">&gt;&gt;</a>&nbsp;&nbsp;&nbsp;USART3_Send_Byte
<LI><a href="#[db]">&gt;&gt;</a>&nbsp;&nbsp;&nbsp;UART4_Send_Array
<LI><a href="#[ac]">&gt;&gt;</a>&nbsp;&nbsp;&nbsp;USART4_Send_Byte
</UL>

<P><STRONG><a name="[aa]"></a>USART_ReceiveData</STRONG> (Thumb, 10 bytes, Stack size 0 bytes, stm32f10x_usart.o(.text))
<BR><BR>[Called By]<UL><LI><a href="#[80]">&gt;&gt;</a>&nbsp;&nbsp;&nbsp;UART4_IRQHandler
<LI><a href="#[7a]">&gt;&gt;</a>&nbsp;&nbsp;&nbsp;USART3_IRQHandler
<LI><a href="#[78]">&gt;&gt;</a>&nbsp;&nbsp;&nbsp;USART1_IRQHandler
</UL>

<P><STRONG><a name="[15d]"></a>USART_SendBreak</STRONG> (Thumb, 10 bytes, Stack size 0 bytes, stm32f10x_usart.o(.text), UNUSED)

<P><STRONG><a name="[15e]"></a>USART_SetGuardTime</STRONG> (Thumb, 16 bytes, Stack size 0 bytes, stm32f10x_usart.o(.text), UNUSED)

<P><STRONG><a name="[15f]"></a>USART_SetPrescaler</STRONG> (Thumb, 16 bytes, Stack size 0 bytes, stm32f10x_usart.o(.text), UNUSED)

<P><STRONG><a name="[160]"></a>USART_SmartCardCmd</STRONG> (Thumb, 24 bytes, Stack size 0 bytes, stm32f10x_usart.o(.text), UNUSED)

<P><STRONG><a name="[161]"></a>USART_SmartCardNACKCmd</STRONG> (Thumb, 24 bytes, Stack size 0 bytes, stm32f10x_usart.o(.text), UNUSED)

<P><STRONG><a name="[162]"></a>USART_HalfDuplexCmd</STRONG> (Thumb, 24 bytes, Stack size 0 bytes, stm32f10x_usart.o(.text), UNUSED)

<P><STRONG><a name="[163]"></a>USART_OverSampling8Cmd</STRONG> (Thumb, 22 bytes, Stack size 0 bytes, stm32f10x_usart.o(.text), UNUSED)

<P><STRONG><a name="[164]"></a>USART_OneBitMethodCmd</STRONG> (Thumb, 24 bytes, Stack size 0 bytes, stm32f10x_usart.o(.text), UNUSED)

<P><STRONG><a name="[165]"></a>USART_IrDAConfig</STRONG> (Thumb, 18 bytes, Stack size 0 bytes, stm32f10x_usart.o(.text), UNUSED)

<P><STRONG><a name="[166]"></a>USART_IrDACmd</STRONG> (Thumb, 24 bytes, Stack size 0 bytes, stm32f10x_usart.o(.text), UNUSED)

<P><STRONG><a name="[d8]"></a>USART_GetFlagStatus</STRONG> (Thumb, 26 bytes, Stack size 0 bytes, stm32f10x_usart.o(.text))
<BR><BR>[Called By]<UL><LI><a href="#[102]">&gt;&gt;</a>&nbsp;&nbsp;&nbsp;HLK_SendByte
<LI><a href="#[f9]">&gt;&gt;</a>&nbsp;&nbsp;&nbsp;SIM900A_Send_Array
<LI><a href="#[f8]">&gt;&gt;</a>&nbsp;&nbsp;&nbsp;SIM900A_Send_Byte
<LI><a href="#[dc]">&gt;&gt;</a>&nbsp;&nbsp;&nbsp;USART3_Send_Byte
<LI><a href="#[db]">&gt;&gt;</a>&nbsp;&nbsp;&nbsp;UART4_Send_Array
<LI><a href="#[ac]">&gt;&gt;</a>&nbsp;&nbsp;&nbsp;USART4_Send_Byte
<LI><a href="#[9c]">&gt;&gt;</a>&nbsp;&nbsp;&nbsp;STM32_USART_Init
<LI><a href="#[9e]">&gt;&gt;</a>&nbsp;&nbsp;&nbsp;STM32_USART3_Init
<LI><a href="#[96]">&gt;&gt;</a>&nbsp;&nbsp;&nbsp;SIM900A_Init
</UL>

<P><STRONG><a name="[ab]"></a>USART_ClearFlag</STRONG> (Thumb, 18 bytes, Stack size 0 bytes, stm32f10x_usart.o(.text))
<BR><BR>[Called By]<UL><LI><a href="#[80]">&gt;&gt;</a>&nbsp;&nbsp;&nbsp;UART4_IRQHandler
<LI><a href="#[7a]">&gt;&gt;</a>&nbsp;&nbsp;&nbsp;USART3_IRQHandler
<LI><a href="#[78]">&gt;&gt;</a>&nbsp;&nbsp;&nbsp;USART1_IRQHandler
<LI><a href="#[9c]">&gt;&gt;</a>&nbsp;&nbsp;&nbsp;STM32_USART_Init
<LI><a href="#[9e]">&gt;&gt;</a>&nbsp;&nbsp;&nbsp;STM32_USART3_Init
</UL>

<P><STRONG><a name="[a9]"></a>USART_GetITStatus</STRONG> (Thumb, 84 bytes, Stack size 16 bytes, stm32f10x_usart.o(.text))
<BR><BR>[Stack]<UL><LI>Max Depth = 16<LI>Call Chain = USART_GetITStatus
</UL>
<BR>[Called By]<UL><LI><a href="#[80]">&gt;&gt;</a>&nbsp;&nbsp;&nbsp;UART4_IRQHandler
<LI><a href="#[7a]">&gt;&gt;</a>&nbsp;&nbsp;&nbsp;USART3_IRQHandler
<LI><a href="#[78]">&gt;&gt;</a>&nbsp;&nbsp;&nbsp;USART1_IRQHandler
</UL>

<P><STRONG><a name="[167]"></a>USART_ClearITPendingBit</STRONG> (Thumb, 52 bytes, Stack size 8 bytes, stm32f10x_usart.o(.text), UNUSED)

<P><STRONG><a name="[fd]"></a>strlen</STRONG> (Thumb, 14 bytes, Stack size 0 bytes, strlen.o(.text))
<BR><BR>[Called By]<UL><LI><a href="#[a4]">&gt;&gt;</a>&nbsp;&nbsp;&nbsp;SetIpPort
</UL>

<P><STRONG><a name="[94]"></a>__scatterload</STRONG> (Thumb, 28 bytes, Stack size 0 bytes, init.o(.text))
<BR><BR>[Calls]<UL><LI><a href="#[10f]">&gt;&gt;</a>&nbsp;&nbsp;&nbsp;__main_after_scatterload
</UL>
<BR>[Called By]<UL><LI><a href="#[93]">&gt;&gt;</a>&nbsp;&nbsp;&nbsp;_main_scatterload
</UL>

<P><STRONG><a name="[168]"></a>__scatterload_rt2</STRONG> (Thumb, 0 bytes, Stack size 0 bytes, init.o(.text), UNUSED)

<P><STRONG><a name="[169]"></a>__decompress</STRONG> (Thumb, 0 bytes, Stack size unknown bytes, __dczerorl2.o(.text), UNUSED)

<P><STRONG><a name="[16a]"></a>__decompress1</STRONG> (Thumb, 86 bytes, Stack size unknown bytes, __dczerorl2.o(.text), UNUSED)

<P><STRONG><a name="[16b]"></a>__scatterload_copy</STRONG> (Thumb, 14 bytes, Stack size unknown bytes, handlers.o(i.__scatterload_copy), UNUSED)

<P><STRONG><a name="[16c]"></a>__scatterload_null</STRONG> (Thumb, 2 bytes, Stack size unknown bytes, handlers.o(i.__scatterload_null), UNUSED)

<P><STRONG><a name="[16d]"></a>__scatterload_zeroinit</STRONG> (Thumb, 14 bytes, Stack size unknown bytes, handlers.o(i.__scatterload_zeroinit), UNUSED)
<P>
<H3>
Local Symbols
</H3>
<P><STRONG><a name="[d1]"></a>KeyBufOut</STRONG> (Thumb, 58 bytes, Stack size 0 bytes, keydriver.o(.text))
<BR><BR>[Called By]<UL><LI><a href="#[d2]">&gt;&gt;</a>&nbsp;&nbsp;&nbsp;KeyGet
<LI><a href="#[d0]">&gt;&gt;</a>&nbsp;&nbsp;&nbsp;KeyBufIn
</UL>

<P><STRONG><a name="[d0]"></a>KeyBufIn</STRONG> (Thumb, 58 bytes, Stack size 8 bytes, keydriver.o(.text))
<BR><BR>[Stack]<UL><LI>Max Depth = 8<LI>Call Chain = KeyBufIn
</UL>
<BR>[Calls]<UL><LI><a href="#[d1]">&gt;&gt;</a>&nbsp;&nbsp;&nbsp;KeyBufOut
</UL>
<BR>[Called By]<UL><LI><a href="#[a7]">&gt;&gt;</a>&nbsp;&nbsp;&nbsp;KeyScan
</UL>

<P><STRONG><a name="[105]"></a>SetSysClockTo72</STRONG> (Thumb, 214 bytes, Stack size 12 bytes, system_stm32f10x.o(.text))
<BR><BR>[Stack]<UL><LI>Max Depth = 12<LI>Call Chain = SetSysClockTo72
</UL>
<BR>[Called By]<UL><LI><a href="#[104]">&gt;&gt;</a>&nbsp;&nbsp;&nbsp;SetSysClock
</UL>

<P><STRONG><a name="[104]"></a>SetSysClock</STRONG> (Thumb, 8 bytes, Stack size 8 bytes, system_stm32f10x.o(.text))
<BR><BR>[Stack]<UL><LI>Max Depth = 20<LI>Call Chain = SetSysClock &rArr; SetSysClockTo72
</UL>
<BR>[Calls]<UL><LI><a href="#[105]">&gt;&gt;</a>&nbsp;&nbsp;&nbsp;SetSysClockTo72
</UL>
<BR>[Called By]<UL><LI><a href="#[91]">&gt;&gt;</a>&nbsp;&nbsp;&nbsp;SystemInit
</UL>
<P>
<H3>
Undefined Global Symbols
</H3><HR></body></html>
