<html>
<body>
<pre>
<h1>µVision Build Log</h1>
<h2>Tool Versions:</h2>
IDE-Version: ¦ÌVision V5.18a
Copyright (C) 2016 ARM Ltd and ARM Germany GmbH. All rights reserved.
License Information: q h, grc, LIC=YA312-9GLZB-62HLB-2LC25-8NH0E-J7AHB
 
Tool Versions:
Toolchain:       MDK-ARM Standard  Version: 5.18a
Toolchain Path:  C:\Keil_v5\ARM\ARMCC\Bin
C Compiler:      Armcc.exe V5.06 update 1 (build 61)
Assembler:       Armasm.exe V5.06 update 1 (build 61)
Linker/Locator:  ArmLink.exe V5.06 update 1 (build 61)
Library Manager: ArmAr.exe V5.06 update 1 (build 61)
Hex Converter:   FromElf.exe V5.06 update 1 (build 61)
CPU DLL:         SARMCM3.DLL V5.18a
Dialog DLL:      DCM.DLL V1.13.6.0
Target DLL:      UL2CM3.DLL V1.157.10.0
Dialog DLL:      TCM.DLL V1.14.8.0
 
<h2>Project:</h2>
D:\c source code\LED-JIG\LED-JIG-V02\Project\LED-JIG.uvprojx
Project File Date:  08/16/2016

<h2>Output:</h2>
*** Using Compiler 'V5.06 update 1 (build 61)', folder: 'C:\Keil_v5\ARM\ARMCC\Bin'
Build target 'LED-JIG'
compiling KeyDriver.c...
compiling stm32f10x_it.c...
..\USER\source\stm32f10x_it.c(247): warning:  #550-D: variable "ucTempReceiveData" was set but never used
    unsigned char ucTempReceiveData = 0;
..\USER\source\stm32f10x_it.c(261): warning:  #550-D: variable "ucTempReceiveData" was set but never used
    unsigned char ucTempReceiveData = 0;
..\USER\source\stm32f10x_it.c: 2 warnings, 0 errors
compiling main.c...
..\USER\include\TaskApp.h(69): warning:  #1-D: last line of file ends without a newline
  #endif
..\USER\include\IT8512B.h(32): warning:  #1-D: last line of file ends without a newline
  #endif
..\USER\source\main.c: 2 warnings, 0 errors
compiling System_Initialize.c...
compiling LCD12864B.c...
compiling STM32_UART.c...
compiling MENU.c...
..\USER\include\IT8512B.h(32): warning:  #1-D: last line of file ends without a newline
  #endif
..\USER\include\GP9034T.h(8): warning:  #1-D: last line of file ends without a newline
  #endif
..\USER\source\MENU.c(40): warning:  #550-D: variable "fg_ucKeyDir" was set but never used
  static unsigned char fg_ucKeyDir = 0x00;         //??Â¼°´?ü·???
..\USER\source\MENU.c: 3 warnings, 0 errors
compiling TaskApp.c...
..\USER\include\TaskApp.h(69): warning:  #1-D: last line of file ends without a newline
  #endif
..\USER\include\IT8512B.h(32): warning:  #1-D: last line of file ends without a newline
  #endif
..\USER\source\TaskApp.c(147): warning:  #177-D: variable "i" was declared but never referenced
  	unsigned char i;
..\USER\source\TaskApp.c(181): warning:  #177-D: variable "j" was declared but never referenced
      unsigned char i,j,ucXor = 0;
..\USER\source\TaskApp.c(194): warning:  #177-D: variable "j" was declared but never referenced
      unsigned char i,j,ucCs = 0;
..\USER\source\TaskApp.c(311): warning:  #177-D: variable "k" was declared but never referenced
    unsigned char i,j,k;
..\USER\source\TaskApp.c(364): warning:  #177-D: variable "k" was declared but never referenced
    unsigned char i,j,k;
..\USER\source\TaskApp.c(709): warning:  #167-D: argument of type "char *" is incompatible with parameter of type "unsigned char *"
  				DisplayString(1,1,cTempTable);
..\USER\source\TaskApp.c(712): warning:  #167-D: argument of type "char *" is incompatible with parameter of type "unsigned char *"
  				DisplayString(2,1,cTempTable);	
..\USER\source\TaskApp.c(715): warning:  #167-D: argument of type "char *" is incompatible with parameter of type "unsigned char *"
  				DisplayString(3,1,cTempTable);
..\USER\source\TaskApp.c(718): warning:  #167-D: argument of type "char *" is incompatible with parameter of type "unsigned char *"
  				DisplayString(4,1,cTempTable);
..\USER\source\TaskApp.c(721): warning:  #167-D: argument of type "char *" is incompatible with parameter of type "unsigned char *"
  				DisplayString(4,4,cTempTable);					
..\USER\source\TaskApp.c(585): warning:  #177-D: variable "fTemp" was declared but never referenced
  	  float fTemp =0;
..\USER\source\TaskApp.c(587): warning:  #177-D: variable "ucDataL" was declared but never referenced
  		unsigned char ucDataL;
..\USER\source\TaskApp.c(588): warning:  #177-D: variable "uiDataH" was declared but never referenced
  		unsigned short int uiDataH;
..\USER\source\TaskApp.c: 15 warnings, 0 errors
compiling IT8512B.c...
..\USER\include\TaskApp.h(69): warning:  #1-D: last line of file ends without a newline
  #endif
..\USER\include\IT8512B.h(32): warning:  #1-D: last line of file ends without a newline
  #endif
..\USER\source\IT8512B.c: 2 warnings, 0 errors
compiling GP9034T.c...
..\USER\include\GP9034T.h(8): warning:  #1-D: last line of file ends without a newline
  #endif
..\USER\source\GP9034T.c(63): warning:  #167-D: argument of type "char *" is incompatible with parameter of type "const u8 *"
      GP9034T_SendData(pcString,ucLen);
..\USER\source\GP9034T.c(61): warning:  #177-D: variable "ucCnt" was declared but never referenced
  	unsigned char ucCnt;
..\USER\source\GP9034T.c(135): warning:  #167-D: argument of type "const u8 *" is incompatible with parameter of type "const char *"
  	    ucLen = strlen(ucPrintString[ucCnt]);
..\USER\source\GP9034T.c(170): warning:  #1-D: last line of file ends without a newline
  }
..\USER\source\GP9034T.c(154): warning:  #177-D: variable "ucLen" was declared but never referenced
  	unsigned char ucLen;
..\USER\source\GP9034T.c(155): warning:  #177-D: variable "ucCnt" was declared but never referenced
  	unsigned char ucCnt;
..\USER\source\GP9034T.c: 7 warnings, 0 errors
compiling AT24Cxx.c...
..\USER\source\AT24Cxx.c(266): warning:  #1-D: last line of file ends without a newline
   
..\USER\source\AT24Cxx.c: 1 warning, 0 errors
compiling system_stm32f10x.c...
assembling startup_stm32f10x_hd.s...
compiling core_cm3.c...
compiling misc.c...
compiling stm32f10x_bkp.c...
compiling stm32f10x_adc.c...
compiling stm32f10x_can.c...
compiling stm32f10x_cec.c...
compiling stm32f10x_crc.c...
compiling stm32f10x_dbgmcu.c...
compiling stm32f10x_dac.c...
compiling stm32f10x_dma.c...
compiling stm32f10x_exti.c...
compiling stm32f10x_flash.c...
compiling stm32f10x_fsmc.c...
compiling stm32f10x_gpio.c...
compiling stm32f10x_iwdg.c...
compiling stm32f10x_i2c.c...
compiling stm32f10x_rcc.c...
compiling stm32f10x_pwr.c...
compiling stm32f10x_rtc.c...
compiling stm32f10x_sdio.c...
compiling stm32f10x_spi.c...
compiling stm32f10x_tim.c...
compiling stm32f10x_usart.c...
compiling stm32f10x_wwdg.c...
compiling bsp.c...
compiling cpu_core.c...
compiling cpu_c.c...
assembling cpu_a.asm...
compiling lib_ascii.c...
compiling lib_math.c...
compiling lib_mem.c...
compiling lib_str.c...
assembling lib_mem_a.asm...
compiling os_cfg_app.c...
compiling os_core.c...
compiling os_dbg.c...
compiling os_flag.c...
compiling os_int.c...
compiling os_mem.c...
compiling os_msg.c...
compiling os_mutex.c...
compiling os_pend_multi.c...
compiling os_prio.c...
compiling os_q.c...
compiling os_sem.c...
compiling os_stat.c...
compiling os_task.c...
compiling os_time.c...
compiling os_tick.c...
compiling os_tmr.c...
compiling os_var.c...
compiling os_cpu_c.c...
assembling os_cpu_a.s...
compiling os_app_hooks.c...
compiling delay.c...
compiling sys.c...
linking...
Program Size: Code=62652 RO-data=1616 RW-data=336 ZI-data=40144  
FromELF: creating hex file...
".\Output\PLC-TestSystem.axf" - 0 Error(s), 32 Warning(s).

<h2>Software Packages used:</h2>

Package Vendor: ARM
                http://www.keil.com/pack/ARM.CMSIS.4.5.0.pack
                ARM::CMSIS:CORE:4.3.0
                CMSIS (Cortex Microcontroller Software Interface Standard)
   * Component: CORE Version: 4.3.0

<h2>Collection of Component include folders:</h2>
  D:\c source code\LED-JIG\LED-JIG-V02\Project\RTE
  C:\Keil_v5\ARM\PACK\ARM\CMSIS\4.5.0\CMSIS\Include
  C:\Keil_v5\ARM\PACK\Keil\STM32F1xx_DFP\2.1.0\Device\Include

<h2>Collection of Component Files used:</h2>

   * Component: ARM::CMSIS:CORE:4.3.0
Build Time Elapsed:  00:00:46
</pre>
</body>
</html>
