Component: ARM Compiler 5.05 update 1 (build 106) Tool: armlink [4d0efa]

==============================================================================

Section Cross References

    main.o(.text) refers to lorac8000.o(.text) for TaskOperation
    main.o(.text) refers to lcd12864b.o(.text) for DisplayString
    main.o(.text) refers to printfa.o(i.__0sprintf) for __2sprintf
    main.o(.text) refers to rs485.o(.text) for ReadEepromData
    main.o(.text) refers to os_time.o(.text) for OSTimeDlyHMSM
    main.o(.text) refers to system_initialize.o(.text) for IWDG_Feed
    main.o(.text) refers to stm32f10x_gpio.o(.text) for GPIO_ResetBits
    main.o(.text) refers to cpu_core.o(.text) for CPU_Init
    main.o(.text) refers to os_stat.o(.text) for OSStatTaskCPUUsageInit
    main.o(.text) refers to os_core.o(.text) for OSSchedRoundRobinCfg
    main.o(.text) refers to cpu_a.o(.text) for CPU_SR_Save
    main.o(.text) refers to os_task.o(.text) for OSTaskCreate
    main.o(.text) refers to main.o(.data) for g_ucEepromError
    main.o(.text) refers to main.o(.bss) for g_ucGC9200_RecBuf
    main.o(.text) refers to lorac8000.o(.data) for ucNodeIDTable
    main.o(.text) refers to os_var.o(.data) for OSSchedLockNestingCtr
    main.o(.text) refers to stm32_uart.o(.text) for STM32_UART_Init
    main.o(.text) refers to keydriver.o(.text) for Key_GPIO_Config
    main.o(.text) refers to at24cxx.o(.text) for AT24CXX_Init
    main.o(.text) refers to delay.o(.text) for delay_init
    main.o(.text) refers to rtc.o(.text) for RTC_Config
    main.o(.text) refers to misc.o(.text) for NVIC_PriorityGroupConfig
    main.o(.text) refers to stm32f10x_it.o(.data) for g_ucBeepOnCnt
    stm32f10x_it.o(.text) refers to stm32f10x_usart.o(.text) for USART_GetITStatus
    stm32f10x_it.o(.text) refers to stm32f10x_tim.o(.text) for TIM_GetITStatus
    stm32f10x_it.o(.text) refers to stm32f10x_gpio.o(.text) for GPIO_ResetBits
    stm32f10x_it.o(.text) refers to main.o(.data) for g_ucGC9200_RcvTime
    stm32f10x_it.o(.text) refers to stm32f10x_it.o(.data) for ucIndex
    stm32f10x_it.o(.text) refers to main.o(.bss) for g_ucGC9200_RecBuf
    keydriver.o(.text) refers to stm32f10x_rcc.o(.text) for RCC_APB2PeriphClockCmd
    keydriver.o(.text) refers to stm32f10x_gpio.o(.text) for GPIO_Init
    keydriver.o(.text) refers to keydriver.o(.data) for fg_ucKeyNRead
    system_initialize.o(.text) refers to stm32f10x_iwdg.o(.text) for IWDG_WriteAccessCmd
    system_initialize.o(.text) refers to stm32f10x_rcc.o(.text) for RCC_APB2PeriphClockCmd
    system_initialize.o(.text) refers to stm32f10x_gpio.o(.text) for GPIO_Init
    system_initialize.o(.text) refers to stm32f10x_tim.o(.text) for TIM_DeInit
    system_initialize.o(.text) refers to misc.o(.text) for NVIC_PriorityGroupConfig
    system_initialize.o(.text) refers to stm32f10x_flash.o(.text) for FLASH_Unlock
    lcd12864b.o(.text) refers to stm32f10x_rcc.o(.text) for RCC_APB2PeriphClockCmd
    lcd12864b.o(.text) refers to stm32f10x_gpio.o(.text) for GPIO_Init
    lcd12864b.o(.text) refers to strlen.o(.text) for strlen
    stm32_uart.o(.text) refers to stm32f10x_rcc.o(.text) for RCC_APB2PeriphClockCmd
    stm32_uart.o(.text) refers to stm32f10x_gpio.o(.text) for GPIO_Init
    stm32_uart.o(.text) refers to stm32f10x_usart.o(.text) for USART_DeInit
    stm32_uart.o(.text) refers to misc.o(.text) for NVIC_Init
    menu.o(.text) refers to lcd12864b.o(.text) for FillSpace
    menu.o(.text) refers to taskapp.o(.text) for GC9200GetNetworkNum
    menu.o(.text) refers to keydriver.o(.text) for KeyFlush
    menu.o(.text) refers to at24cxx.o(.text) for AT24CXX_WriteOneByte
    menu.o(.text) refers to printfa.o(i.__0sprintf) for __2sprintf
    menu.o(.text) refers to main.o(.bss) for ScmAT24CxxErr
    menu.o(.text) refers to menu.o(.bss) for ScmMenuErr
    menu.o(.text) refers to taskapp.o(.bss) for DPS_WritePara
    menu.o(.text) refers to gp9034t.o(.text) for GP9034T_PrintData
    menu.o(.text) refers to os_time.o(.text) for OSTimeDlyHMSM
    menu.o(.text) refers to menu.o(.data) for ucTempYear
    menu.o(.text) refers to f2d.o(.text) for __aeabi_f2d
    menu.o(.text) refers to cdrcmple.o(.text) for __aeabi_cdrcmple
    menu.o(.text) refers to dadd.o(.text) for __aeabi_dadd
    menu.o(.text) refers to d2f.o(.text) for __aeabi_d2f
    menu.o(.text) refers to cdcmple.o(.text) for __aeabi_cdcmple
    menu.o(.text) refers to memseta.o(.text) for __aeabi_memclr4
    menu.o(.text) refers to system_initialize.o(.text) for ErrScm2Array
    menu.o(.text) refers to stm32f10x_it.o(.data) for g_ucBeepOnCnt
    menu.o(.data) refers to menu.o(.text) for HomePage
    taskapp.o(.text) refers to memseta.o(.text) for __aeabi_memclr
    taskapp.o(.text) refers to stm32_uart.o(.text) for PM9805_SendString
    taskapp.o(.text) refers to os_time.o(.text) for OSTimeDlyHMSM
    taskapp.o(.text) refers to it8512b.o(.text) for CompareData
[...]
    FLASH_ProgramHalfWord                    0x08003ac5   Thumb Code   110  stm32f10x_flash.o(.text)
    FLASH_ProgramOptionByteData              0x08003b33   Thumb Code    72  stm32f10x_flash.o(.text)
    FLASH_EnableWriteProtection              0x08003b7b   Thumb Code   180  stm32f10x_flash.o(.text)
    FLASH_ReadOutProtection                  0x08003c2f   Thumb Code   160  stm32f10x_flash.o(.text)
    FLASH_UserOptionByteConfig               0x08003ccf   Thumb Code    88  stm32f10x_flash.o(.text)
    FLASH_BootConfig                         0x08003d27   Thumb Code   110  stm32f10x_flash.o(.text)
    FLASH_GetUserOptionByte                  0x08003d95   Thumb Code     8  stm32f10x_flash.o(.text)
    FLASH_GetWriteProtectionOptionByte       0x08003d9d   Thumb Code    28  stm32f10x_flash.o(.text)
    FLASH_GetPrefetchBufferStatus            0x08003db9   Thumb Code    20  stm32f10x_flash.o(.text)
    FLASH_ITConfig                           0x08003dcd   Thumb Code    66  stm32f10x_flash.o(.text)
    FLASH_GetFlagStatus                      0x08003e0f   Thumb Code    64  stm32f10x_flash.o(.text)
    FLASH_ClearFlag                          0x08003e4f   Thumb Code    18  stm32f10x_flash.o(.text)
    FLASH_GetStatus                          0x08003e61   Thumb Code    48  stm32f10x_flash.o(.text)
    GPIO_DeInit                              0x08003e95   Thumb Code   172  stm32f10x_gpio.o(.text)
    GPIO_AFIODeInit                          0x08003f41   Thumb Code    20  stm32f10x_gpio.o(.text)
    GPIO_Init                                0x08003f55   Thumb Code   278  stm32f10x_gpio.o(.text)
    GPIO_StructInit                          0x0800406b   Thumb Code    16  stm32f10x_gpio.o(.text)
    GPIO_ReadInputDataBit                    0x0800407b   Thumb Code    18  stm32f10x_gpio.o(.text)
    GPIO_ReadInputData                       0x0800408d   Thumb Code     8  stm32f10x_gpio.o(.text)
    GPIO_ReadOutputDataBit                   0x08004095   Thumb Code    18  stm32f10x_gpio.o(.text)
    GPIO_ReadOutputData                      0x080040a7   Thumb Code     8  stm32f10x_gpio.o(.text)
    GPIO_SetBits                             0x080040af   Thumb Code     4  stm32f10x_gpio.o(.text)
    GPIO_ResetBits                           0x080040b3   Thumb Code     4  stm32f10x_gpio.o(.text)
    GPIO_WriteBit                            0x080040b7   Thumb Code    10  stm32f10x_gpio.o(.text)
    GPIO_Write                               0x080040c1   Thumb Code     4  stm32f10x_gpio.o(.text)
    GPIO_PinLockConfig                       0x080040c5   Thumb Code    18  stm32f10x_gpio.o(.text)
    GPIO_EventOutputConfig                   0x080040d7   Thumb Code    26  stm32f10x_gpio.o(.text)
    GPIO_EventOutputCmd                      0x080040f1   Thumb Code     6  stm32f10x_gpio.o(.text)
    GPIO_PinRemapConfig                      0x080040f7   Thumb Code   138  stm32f10x_gpio.o(.text)
    GPIO_EXTILineConfig                      0x08004181   Thumb Code    66  stm32f10x_gpio.o(.text)
    GPIO_ETH_MediaInterfaceConfig            0x080041c3   Thumb Code     8  stm32f10x_gpio.o(.text)
    IWDG_WriteAccessCmd                      0x080041f1   Thumb Code     6  stm32f10x_iwdg.o(.text)
    IWDG_SetPrescaler                        0x080041f7   Thumb Code     6  stm32f10x_iwdg.o(.text)
    IWDG_SetReload                           0x080041fd   Thumb Code     6  stm32f10x_iwdg.o(.text)
    IWDG_ReloadCounter                       0x08004203   Thumb Code    10  stm32f10x_iwdg.o(.text)
    IWDG_Enable                              0x0800420d   Thumb Code    10  stm32f10x_iwdg.o(.text)
    IWDG_GetFlagStatus                       0x08004217   Thumb Code    20  stm32f10x_iwdg.o(.text)
    PWR_DeInit                               0x08004231   Thumb Code    22  stm32f10x_pwr.o(.text)
    PWR_BackupAccessCmd                      0x08004247   Thumb Code     6  stm32f10x_pwr.o(.text)
    PWR_PVDCmd                               0x0800424d   Thumb Code     6  stm32f10x_pwr.o(.text)
    PWR_PVDLevelConfig                       0x08004253   Thumb Code    18  stm32f10x_pwr.o(.text)
    PWR_WakeUpPinCmd                         0x08004265   Thumb Code     8  stm32f10x_pwr.o(.text)
    PWR_EnterSTOPMode                        0x0800426d   Thumb Code    54  stm32f10x_pwr.o(.text)
    PWR_EnterSTANDBYMode                     0x080042a3   Thumb Code    42  stm32f10x_pwr.o(.text)
    PWR_GetFlagStatus                        0x080042cd   Thumb Code    20  stm32f10x_pwr.o(.text)
    PWR_ClearFlag                            0x080042e1   Thumb Code    14  stm32f10x_pwr.o(.text)
    RCC_DeInit                               0x080042fd   Thumb Code    64  stm32f10x_rcc.o(.text)
    RCC_HSEConfig                            0x0800433d   Thumb Code    70  stm32f10x_rcc.o(.text)
    RCC_GetFlagStatus                        0x08004383   Thumb Code    56  stm32f10x_rcc.o(.text)
    RCC_WaitForHSEStartUp                    0x080043bb   Thumb Code    56  stm32f10x_rcc.o(.text)
    RCC_AdjustHSICalibrationValue            0x080043f3   Thumb Code    20  stm32f10x_rcc.o(.text)
    RCC_HSICmd                               0x08004407   Thumb Code     6  stm32f10x_rcc.o(.text)
    RCC_PLLConfig                            0x0800440d   Thumb Code    24  stm32f10x_rcc.o(.text)
    RCC_PLLCmd                               0x08004425   Thumb Code     6  stm32f10x_rcc.o(.text)
    RCC_SYSCLKConfig                         0x0800442b   Thumb Code    18  stm32f10x_rcc.o(.text)
    RCC_GetSYSCLKSource                      0x0800443d   Thumb Code    10  stm32f10x_rcc.o(.text)
    RCC_HCLKConfig                           0x08004447   Thumb Code    18  stm32f10x_rcc.o(.text)
    RCC_PCLK1Config                          0x08004459   Thumb Code    18  stm32f10x_rcc.o(.text)
    RCC_PCLK2Config                          0x0800446b   Thumb Code    20  stm32f10x_rcc.o(.text)
    RCC_ITConfig                             0x0800447f   Thumb Code    26  stm32f10x_rcc.o(.text)
    RCC_USBCLKConfig                         0x08004499   Thumb Code     8  stm32f10x_rcc.o(.text)
    RCC_ADCCLKConfig                         0x080044a1   Thumb Code    18  stm32f10x_rcc.o(.text)
    RCC_LSEConfig                            0x080044b3   Thumb Code    50  stm32f10x_rcc.o(.text)
    RCC_LSICmd                               0x080044e5   Thumb Code     6  stm32f10x_rcc.o(.text)
    RCC_RTCCLKConfig                         0x080044eb   Thumb Code    12  stm32f10x_rcc.o(.text)
    RCC_RTCCLKCmd                            0x080044f7   Thumb Code     8  stm32f10x_rcc.o(.text)
    RCC_GetClocksFreq                        0x080044ff   Thumb Code   192  stm32f10x_rcc.o(.text)
    RCC_AHBPeriphClockCmd                    0x080045bf   Thumb Code    26  stm32f10x_rcc.o(.text)
    RCC_APB2PeriphClockCmd                   0x080045d9   Thumb Code    26  stm32f10x_rcc.o(.text)
    RCC_APB1PeriphClockCmd                   0x080045f3   Thumb Code    26  stm32f10x_rcc.o(.text)
    RCC_APB2PeriphResetCmd                   0x0800460d   Thumb Code    26  stm32f10x_rcc.o(.text)
    RCC_APB1PeriphResetCmd                   0x08004627   Thumb Code    26  stm32f10x_rcc.o(.text)
    RCC_BackupResetCmd                       0x08004641   Thumb Code     8  stm32f10x_rcc.o(.text)
    RCC_ClockSecuritySystemCmd               0x08004649   Thumb Code     6  stm32f10x_rcc.o(.text)
    RCC_MCOConfig                            0x0800464f   Thumb Code     6  stm32f10x_rcc.o(.text)
    RCC_ClearFlag                            0x08004655   Thumb Code    14  stm32f10x_rcc.o(.text)
    RCC_GetITStatus                          0x08004663   Thumb Code    20  stm32f10x_rcc.o(.text)
    RCC_ClearITPendingBit                    0x08004677   Thumb Code     6  stm32f10x_rcc.o(.text)
    RTC_ITConfig                             0x080046a1   Thumb Code    26  stm32f10x_rtc.o(.text)
    RTC_EnterConfigMode                      0x080046bb   Thumb Code    18  stm32f10x_rtc.o(.text)
    RTC_ExitConfigMode                       0x080046cd   Thumb Code    20  stm32f10x_rtc.o(.text)
    RTC_GetCounter                           0x080046e1   Thumb Code    18  stm32f10x_rtc.o(.text)
    RTC_SetCounter                           0x080046f3   Thumb Code    26  stm32f10x_rtc.o(.text)
    RTC_SetPrescaler                         0x0800470d   Thumb Code    28  stm32f10x_rtc.o(.text)
    RTC_SetAlarm                             0x08004729   Thumb Code    26  stm32f10x_rtc.o(.text)
    RTC_GetDivider                           0x08004743   Thumb Code    22  stm32f10x_rtc.o(.text)
    RTC_WaitForLastTask                      0x08004759   Thumb Code    18  stm32f10x_rtc.o(.text)
    RTC_WaitForSynchro                       0x0800476b   Thumb Code    36  stm32f10x_rtc.o(.text)
    RTC_GetFlagStatus                        0x0800478f   Thumb Code    22  stm32f10x_rtc.o(.text)
    RTC_ClearFlag                            0x080047a5   Thumb Code    16  stm32f10x_rtc.o(.text)
    RTC_GetITStatus                          0x080047b5   Thumb Code    32  stm32f10x_rtc.o(.text)
    RTC_ClearITPendingBit                    0x080047d5   Thumb Code    16  stm32f10x_rtc.o(.text)
    TIM_DeInit                               0x080047e9   Thumb Code   424  stm32f10x_tim.o(.text)
    TIM_TimeBaseInit                         0x08004991   Thumb Code   122  stm32f10x_tim.o(.text)
    TIM_OC1Init                              0x08004a0b   Thumb Code   132  stm32f10x_tim.o(.text)
    TIM_OC2Init                              0x08004a8f   Thumb Code   154  stm32f10x_tim.o(.text)
    TIM_OC3Init                              0x08004b29   Thumb Code   150  stm32f10x_tim.o(.text)
    TIM_OC4Init                              0x08004bbf   Thumb Code   182  stm32f10x_tim.o(.text)
    TIM_SetIC4Prescaler                      0x08004c75   Thumb Code    26  stm32f10x_tim.o(.text)
    TIM_SetIC3Prescaler                      0x08004d11   Thumb Code    18  stm32f10x_tim.o(.text)
    TIM_SetIC2Prescaler                      0x08004d9d   Thumb Code    26  stm32f10x_tim.o(.text)
    TIM_SetIC1Prescaler                      0x08004e39   Thumb Code    18  stm32f10x_tim.o(.text)
    TIM_ICInit                               0x08004eb7   Thumb Code   150  stm32f10x_tim.o(.text)
    TIM_PWMIConfig                           0x08004f4d   Thumb Code   124  stm32f10x_tim.o(.text)
    TIM_BDTRConfig                           0x08004fc9   Thumb Code    32  stm32f10x_tim.o(.text)
    TIM_TimeBaseStructInit                   0x08004fe9   Thumb Code    18  stm32f10x_tim.o(.text)
    TIM_OCStructInit                         0x08004ffb   Thumb Code    20  stm32f10x_tim.o(.text)
    TIM_ICStructInit                         0x0800500f   Thumb Code    18  stm32f10x_tim.o(.text)
    TIM_BDTRStructInit                       0x08005021   Thumb Code    40  stm32f10x_tim.o(.text)
    TIM_Cmd                                  0x08005049   Thumb Code    24  stm32f10x_tim.o(.text)
    TIM_CtrlPWMOutputs                       0x08005061   Thumb Code    30  stm32f10x_tim.o(.text)
    TIM_ITConfig                             0x0800507f   Thumb Code    18  stm32f10x_tim.o(.text)
    TIM_GenerateEvent                        0x08005091   Thumb Code     4  stm32f10x_tim.o(.text)
    TIM_DMAConfig                            0x08005095   Thumb Code    10  stm32f10x_tim.o(.text)
    TIM_DMACmd                               0x0800509f   Thumb Code    18  stm32f10x_tim.o(.text)
    TIM_InternalClockConfig                  0x080050b1   Thumb Code    12  stm32f10x_tim.o(.text)
    TIM_SelectInputTrigger                   0x080050bd   Thumb Code    18  stm32f10x_tim.o(.text)
    TIM_ITRxExternalClockConfig              0x080050cf   Thumb Code    24  stm32f10x_tim.o(.text)
    TIM_TIxExternalClockConfig               0x080050e7   Thumb Code    62  stm32f10x_tim.o(.text)
    TIM_ETRConfig                            0x08005125   Thumb Code    28  stm32f10x_tim.o(.text)
    TIM_ETRClockMode1Config                  0x08005141   Thumb Code    54  stm32f10x_tim.o(.text)
    TIM_ETRClockMode2Config                  0x08005177   Thumb Code    32  stm32f10x_tim.o(.text)
    TIM_PrescalerConfig                      0x08005197   Thumb Code     6  stm32f10x_tim.o(.text)
    TIM_CounterModeConfig                    0x0800519d   Thumb Code    18  stm32f10x_tim.o(.text)
    TIM_EncoderInterfaceConfig               0x080051af   Thumb Code    66  stm32f10x_tim.o(.text)
    TIM_ForcedOC1Config                      0x080051f1   Thumb Code    18  stm32f10x_tim.o(.text)
    TIM_ForcedOC2Config                      0x08005203   Thumb Code    26  stm32f10x_tim.o(.text)
    TIM_ForcedOC3Config                      0x0800521d   Thumb Code    18  stm32f10x_tim.o(.text)
    TIM_ForcedOC4Config                      0x0800522f   Thumb Code    26  stm32f10x_tim.o(.text)
    TIM_ARRPreloadConfig                     0x08005249   Thumb Code    24  stm32f10x_tim.o(.text)
    TIM_SelectCOM                            0x08005261   Thumb Code    24  stm32f10x_tim.o(.text)
    TIM_SelectCCDMA                          0x08005279   Thumb Code    24  stm32f10x_tim.o(.text)
    TIM_CCPreloadControl                     0x08005291   Thumb Code    24  stm32f10x_tim.o(.text)
    TIM_OC1PreloadConfig                     0x080052a9   Thumb Code    18  stm32f10x_tim.o(.text)
    TIM_OC2PreloadConfig                     0x080052bb   Thumb Code    26  stm32f10x_tim.o(.text)
    TIM_OC3PreloadConfig                     0x080052d5   Thumb Code    18  stm32f10x_tim.o(.text)
    TIM_OC4PreloadConfig                     0x080052e7   Thumb Code    26  stm32f10x_tim.o(.text)
    TIM_OC1FastConfig                        0x08005301   Thumb Code    18  stm32f10x_tim.o(.text)
    TIM_OC2FastConfig                        0x08005313   Thumb Code    26  stm32f10x_tim.o(.text)
    TIM_OC3FastConfig                        0x0800532d   Thumb Code    18  stm32f10x_tim.o(.text)
    TIM_OC4FastConfig                        0x0800533f   Thumb Code    26  stm32f10x_tim.o(.text)
    TIM_ClearOC1Ref                          0x08005359   Thumb Code    18  stm32f10x_tim.o(.text)
    TIM_ClearOC2Ref                          0x0800536b   Thumb Code    24  stm32f10x_tim.o(.text)
    TIM_ClearOC3Ref                          0x08005383   Thumb Code    18  stm32f10x_tim.o(.text)
    TIM_ClearOC4Ref                          0x08005395   Thumb Code    24  stm32f10x_tim.o(.text)
    TIM_OC1PolarityConfig                    0x080053ad   Thumb Code    18  stm32f10x_tim.o(.text)
    TIM_OC1NPolarityConfig                   0x080053bf   Thumb Code    18  stm32f10x_tim.o(.text)
    TIM_OC2PolarityConfig                    0x080053d1   Thumb Code    26  stm32f10x_tim.o(.text)
    TIM_OC2NPolarityConfig                   0x080053eb   Thumb Code    26  stm32f10x_tim.o(.text)
    TIM_OC3PolarityConfig                    0x08005405   Thumb Code    26  stm32f10x_tim.o(.text)
    TIM_OC3NPolarityConfig                   0x0800541f   Thumb Code    26  stm32f10x_tim.o(.text)
    TIM_OC4PolarityConfig                    0x08005439   Thumb Code    26  stm32f10x_tim.o(.text)
    TIM_CCxCmd                               0x08005453   Thumb Code    30  stm32f10x_tim.o(.text)
    TIM_CCxNCmd                              0x08005471   Thumb Code    30  stm32f10x_tim.o(.text)
    TIM_SelectOCxM                           0x0800548f   Thumb Code    82  stm32f10x_tim.o(.text)
    TIM_UpdateDisableConfig                  0x080054e1   Thumb Code    24  stm32f10x_tim.o(.text)
    TIM_UpdateRequestConfig                  0x080054f9   Thumb Code    24  stm32f10x_tim.o(.text)
    TIM_SelectHallSensor                     0x08005511   Thumb Code    24  stm32f10x_tim.o(.text)
    TIM_SelectOnePulseMode                   0x08005529   Thumb Code    18  stm32f10x_tim.o(.text)
    TIM_SelectOutputTrigger                  0x0800553b   Thumb Code    18  stm32f10x_tim.o(.text)
    TIM_SelectSlaveMode                      0x0800554d   Thumb Code    18  stm32f10x_tim.o(.text)
    TIM_SelectMasterSlaveMode                0x0800555f   Thumb Code    18  stm32f10x_tim.o(.text)
    TIM_SetCounter                           0x08005571   Thumb Code     4  stm32f10x_tim.o(.text)
    TIM_SetAutoreload                        0x08005575   Thumb Code     4  stm32f10x_tim.o(.text)
    TIM_SetCompare1                          0x08005579   Thumb Code     4  stm32f10x_tim.o(.text)
    TIM_SetCompare2                          0x0800557d   Thumb Code     4  stm32f10x_tim.o(.text)
    TIM_SetCompare3                          0x08005581   Thumb Code     4  stm32f10x_tim.o(.text)
    TIM_SetCompare4                          0x08005585   Thumb Code     6  stm32f10x_tim.o(.text)
    TIM_SetClockDivision                     0x0800558b   Thumb Code    18  stm32f10x_tim.o(.text)
    TIM_GetCapture1                          0x0800559d   Thumb Code     6  stm32f10x_tim.o(.text)
    TIM_GetCapture2                          0x080055a3   Thumb Code     6  stm32f10x_tim.o(.text)
    TIM_GetCapture3                          0x080055a9   Thumb Code     6  stm32f10x_tim.o(.text)
    TIM_GetCapture4                          0x080055af   Thumb Code     8  stm32f10x_tim.o(.text)
    TIM_GetCounter                           0x080055b7   Thumb Code     6  stm32f10x_tim.o(.text)
    TIM_GetPrescaler                         0x080055bd   Thumb Code     6  stm32f10x_tim.o(.text)
    TIM_GetFlagStatus                        0x080055c3   Thumb Code    18  stm32f10x_tim.o(.text)
    TIM_ClearFlag                            0x080055d5   Thumb Code     6  stm32f10x_tim.o(.text)
    TIM_GetITStatus                          0x080055db   Thumb Code    34  stm32f10x_tim.o(.text)
    TIM_ClearITPendingBit                    0x080055fd   Thumb Code     6  stm32f10x_tim.o(.text)
    USART_DeInit                             0x08005605   Thumb Code   134  stm32f10x_usart.o(.text)
    USART_Init                               0x0800568b   Thumb Code   210  stm32f10x_usart.o(.text)
    USART_StructInit                         0x0800575d   Thumb Code    24  stm32f10x_usart.o(.text)
    USART_ClockInit                          0x08005775   Thumb Code    34  stm32f10x_usart.o(.text)
    USART_ClockStructInit                    0x08005797   Thumb Code    12  stm32f10x_usart.o(.text)
    USART_Cmd                                0x080057a3   Thumb Code    24  stm32f10x_usart.o(.text)
    USART_ITConfig                           0x080057bb   Thumb Code    74  stm32f10x_usart.o(.text)
    USART_DMACmd                             0x08005805   Thumb Code    18  stm32f10x_usart.o(.text)
    USART_SetAddress                         0x08005817   Thumb Code    18  stm32f10x_usart.o(.text)
    USART_WakeUpConfig                       0x08005829   Thumb Code    18  stm32f10x_usart.o(.text)
    USART_ReceiverWakeUpCmd                  0x0800583b   Thumb Code    24  stm32f10x_usart.o(.text)
    USART_LINBreakDetectLengthConfig         0x08005853   Thumb Code    18  stm32f10x_usart.o(.text)
    USART_LINCmd                             0x08005865   Thumb Code    24  stm32f10x_usart.o(.text)
    USART_SendData                           0x0800587d   Thumb Code     8  stm32f10x_usart.o(.text)
    USART_ReceiveData                        0x08005885   Thumb Code    10  stm32f10x_usart.o(.text)
    USART_SendBreak                          0x0800588f   Thumb Code    10  stm32f10x_usart.o(.text)
    USART_SetGuardTime                       0x08005899   Thumb Code    16  stm32f10x_usart.o(.text)
    USART_SetPrescaler                       0x080058a9   Thumb Code    16  stm32f10x_usart.o(.text)
    USART_SmartCardCmd                       0x080058b9   Thumb Code    24  stm32f10x_usart.o(.text)
    USART_SmartCardNACKCmd                   0x080058d1   Thumb Code    24  stm32f10x_usart.o(.text)
    USART_HalfDuplexCmd                      0x080058e9   Thumb Code    24  stm32f10x_usart.o(.text)
    USART_OverSampling8Cmd                   0x08005901   Thumb Code    22  stm32f10x_usart.o(.text)
    USART_OneBitMethodCmd                    0x08005917   Thumb Code    24  stm32f10x_usart.o(.text)
    USART_IrDAConfig                         0x0800592f   Thumb Code    18  stm32f10x_usart.o(.text)
    USART_IrDACmd                            0x08005941   Thumb Code    24  stm32f10x_usart.o(.text)
    USART_GetFlagStatus                      0x08005959   Thumb Code    26  stm32f10x_usart.o(.text)
    USART_ClearFlag                          0x08005973   Thumb Code    18  stm32f10x_usart.o(.text)
    USART_GetITStatus                        0x08005985   Thumb Code    84  stm32f10x_usart.o(.text)
    USART_ClearITPendingBit                  0x080059d9   Thumb Code    52  stm32f10x_usart.o(.text)
    BSP_CPU_ClkFreq                          0x08005a0d   Thumb Code    16  bsp.o(.text)
    CPU_TS_TmrInit                           0x08005a1d   Thumb Code    44  bsp.o(.text)
    CPU_TS_TmrRd                             0x08005a49   Thumb Code     6  bsp.o(.text)
    CPU_TS32_to_uSec                         0x08005a4f   Thumb Code    54  bsp.o(.text)
    CPU_IntDisMeasStop                       0x08005a91   Thumb Code    62  cpu_core.o(.text)
    CPU_IntDisMeasStart                      0x08005acf   Thumb Code    38  cpu_core.o(.text)
    CPU_NameClr                              0x08005af5   Thumb Code    50  cpu_core.o(.text)
    CPU_Init                                 0x08005ba5   Thumb Code    16  cpu_core.o(.text)
    CPU_SW_Exception                         0x08005bb5   Thumb Code     4  cpu_core.o(.text)
    CPU_NameGet                              0x08005bb9   Thumb Code    78  cpu_core.o(.text)
    CPU_NameSet                              0x08005c07   Thumb Code   104  cpu_core.o(.text)
    CPU_TS_Get32                             0x08005c6f   Thumb Code    12  cpu_core.o(.text)
    CPU_TS_Update                            0x08005c7b   Thumb Code     2  cpu_core.o(.text)
    CPU_TS_TmrFreqGet                        0x08005c7d   Thumb Code    30  cpu_core.o(.text)
    CPU_TS_TmrFreqSet                        0x08005c9b   Thumb Code     6  cpu_core.o(.text)
    CPU_IntDisMeasMaxCurGet                  0x08005cb9   Thumb Code    40  cpu_core.o(.text)
    CPU_IntDisMeasMaxCurReset                0x08005ce1   Thumb Code    40  cpu_core.o(.text)
    CPU_IntDisMeasMaxGet                     0x08005d09   Thumb Code    40  cpu_core.o(.text)
    CPU_CntLeadZeros08                       0x08005d31   Thumb Code    18  cpu_core.o(.text)
    CPU_CntLeadZeros16                       0x08005d43   Thumb Code    18  cpu_core.o(.text)
    CPU_CntLeadZeros32                       0x08005d55   Thumb Code    18  cpu_core.o(.text)
    CPU_CntLeadZeros64                       0x08005d67   Thumb Code   188  cpu_core.o(.text)
    CPU_CntTrailZeros08                      0x08005e23   Thumb Code    22  cpu_core.o(.text)
    CPU_CntTrailZeros16                      0x08005e39   Thumb Code    22  cpu_core.o(.text)
    CPU_CntTrailZeros32                      0x08005e4f   Thumb Code    22  cpu_core.o(.text)
    CPU_CntTrailZeros64                      0x08005e65   Thumb Code   104  cpu_core.o(.text)
    CPU_IntDis                               0x08005ecd   Thumb Code     0  cpu_a.o(.text)
    CPU_IntEn                                0x08005ed1   Thumb Code     0  cpu_a.o(.text)
    CPU_SR_Save                              0x08005ed5   Thumb Code     0  cpu_a.o(.text)
    CPU_SR_Restore                           0x08005edd   Thumb Code     0  cpu_a.o(.text)
    CPU_WaitForInt                           0x08005ee3   Thumb Code     0  cpu_a.o(.text)
    CPU_WaitForExcept                        0x08005ee7   Thumb Code     0  cpu_a.o(.text)
    CPU_CntLeadZeros                         0x08005eeb   Thumb Code     0  cpu_a.o(.text)
    CPU_CntTrailZeros                        0x08005ef1   Thumb Code     0  cpu_a.o(.text)
    CPU_RevBits                              0x08005efb   Thumb Code     0  cpu_a.o(.text)
    ASCII_IsAlpha                            0x08005f01   Thumb Code    48  lib_ascii.o(.text)
    ASCII_IsAlphaNum                         0x08005f31   Thumb Code    76  lib_ascii.o(.text)
    ASCII_IsLower                            0x08005f7d   Thumb Code    20  lib_ascii.o(.text)
    ASCII_IsUpper                            0x08005f91   Thumb Code    20  lib_ascii.o(.text)
    ASCII_IsDig                              0x08005fa5   Thumb Code    20  lib_ascii.o(.text)
    ASCII_IsDigOct                           0x08005fb9   Thumb Code    20  lib_ascii.o(.text)
    ASCII_IsDigHex                           0x08005fcd   Thumb Code    36  lib_ascii.o(.text)
    ASCII_IsBlank                            0x08005ff1   Thumb Code    20  lib_ascii.o(.text)
    ASCII_IsSpace                            0x08006005   Thumb Code    36  lib_ascii.o(.text)
    ASCII_IsPrint                            0x08006029   Thumb Code    20  lib_ascii.o(.text)
    ASCII_IsGraph                            0x0800603d   Thumb Code    20  lib_ascii.o(.text)
    ASCII_IsPunct                            0x08006051   Thumb Code   134  lib_ascii.o(.text)
    ASCII_IsCtrl                             0x080060d7   Thumb Code    26  lib_ascii.o(.text)
    ASCII_ToLower                            0x080060f1   Thumb Code    32  lib_ascii.o(.text)
    ASCII_ToUpper                            0x08006111   Thumb Code    32  lib_ascii.o(.text)
    ASCII_Cmp                                0x08006131   Thumb Code    38  lib_ascii.o(.text)
    Mem_Init                                 0x08006159   Thumb Code    54  lib_mem.o(.text)
    Mem_Set                                  0x0800618f   Thumb Code    98  lib_mem.o(.text)
    Mem_Clr                                  0x080061f1   Thumb Code    18  lib_mem.o(.text)
    Mem_Move                                 0x08006203   Thumb Code   204  lib_mem.o(.text)
    Mem_Cmp                                  0x080062cf   Thumb Code   192  lib_mem.o(.text)
    Mem_HeapAlloc                            0x08006483   Thumb Code   274  lib_mem.o(.text)
    Mem_SegGetSizeRem                        0x08006595   Thumb Code   226  lib_mem.o(.text)
    Mem_HeapGetSizeRem                       0x08006677   Thumb Code    22  lib_mem.o(.text)
    Mem_PoolClr                              0x0800668d   Thumb Code    78  lib_mem.o(.text)
    Mem_PoolCreate                           0x080066db   Thumb Code  1132  lib_mem.o(.text)
    Mem_PoolBlkGetNbrAvail                   0x08006b47   Thumb Code   140  lib_mem.o(.text)
    Mem_PoolBlkGet                           0x08006bd3   Thumb Code   248  lib_mem.o(.text)
    Mem_PoolBlkGetUsedAtIx                   0x08006ccb   Thumb Code   236  lib_mem.o(.text)
    Mem_PoolBlkFree                          0x08006e1d   Thumb Code   366  lib_mem.o(.text)
    Mem_PoolBlkIxGet                         0x08006f8b   Thumb Code   342  lib_mem.o(.text)
    Str_Len_N                                0x080070e5   Thumb Code    28  lib_str.o(.text)
    Str_Len                                  0x08007101   Thumb Code    20  lib_str.o(.text)
    Str_Copy_N                               0x08007115   Thumb Code    70  lib_str.o(.text)
    Str_Copy                                 0x0800715b   Thumb Code    24  lib_str.o(.text)
    Str_Cat_N                                0x08007173   Thumb Code    90  lib_str.o(.text)
    Str_Cat                                  0x080071cd   Thumb Code    24  lib_str.o(.text)
    Str_Cmp_N                                0x080071e5   Thumb Code   156  lib_str.o(.text)
    Str_Cmp                                  0x08007281   Thumb Code    24  lib_str.o(.text)
    Str_CmpIgnoreCase_N                      0x08007299   Thumb Code   264  lib_str.o(.text)
    Str_CmpIgnoreCase                        0x080073a1   Thumb Code    24  lib_str.o(.text)
    Str_Char_N                               0x080073b9   Thumb Code    74  lib_str.o(.text)
    Str_Char                                 0x08007403   Thumb Code    24  lib_str.o(.text)
    Str_Char_Last_N                          0x0800741b   Thumb Code    76  lib_str.o(.text)
    Str_Char_Last                            0x08007467   Thumb Code    24  lib_str.o(.text)
    Str_Char_Replace_N                       0x0800747f   Thumb Code    52  lib_str.o(.text)
    Str_Char_Replace                         0x080074b3   Thumb Code    28  lib_str.o(.text)
    Str_Str_N                                0x080074cf   Thumb Code   182  lib_str.o(.text)
    Str_Str                                  0x08007585   Thumb Code    24  lib_str.o(.text)
    Str_FmtNbr_Int32U                        0x08007777   Thumb Code    46  lib_str.o(.text)
    Str_FmtNbr_Int32S                        0x080077a5   Thumb Code    62  lib_str.o(.text)
    Str_ParseNbr_Int32U                      0x080079a1   Thumb Code    30  lib_str.o(.text)
    Str_ParseNbr_Int32S                      0x080079bf   Thumb Code    74  lib_str.o(.text)
    Mem_Copy                                 0x08007a0d   Thumb Code     0  lib_mem_a.o(.text)
    OSCfg_Init                               0x08007c2d   Thumb Code     2  os_cfg_app.o(.text)
    OS_IdleTask                              0x08007c31   Thumb Code    68  os_core.o(.text)
    OS_IdleTaskInit                          0x08007c75   Thumb Code    68  os_core.o(.text)
    OS_RdyListInit                           0x08007cb9   Thumb Code    32  os_core.o(.text)
    OSInit                                   0x08007cd9   Thumb Code   300  os_core.o(.text)
    OSIntEnter                               0x08007e05   Thumb Code    34  os_core.o(.text)
    OSIntExit                                0x08007e27   Thumb Code   192  os_core.o(.text)
    OSSched                                  0x08007ee7   Thumb Code   134  os_core.o(.text)
    OS_SchedLockTimeMeasStart                0x08007f6d   Thumb Code    20  os_core.o(.text)
    OSSchedLock                              0x08007f81   Thumb Code   112  os_core.o(.text)
    OS_SchedLockTimeMeasStop                 0x08007ff1   Thumb Code    44  os_core.o(.text)
    OSSchedUnlock                            0x0800801d   Thumb Code   302  os_core.o(.text)
    OSSchedRoundRobinCfg                     0x0800814b   Thumb Code    96  os_core.o(.text)
    OS_RdyListMoveHeadToTail                 0x080081ab   Thumb Code    68  os_core.o(.text)
    OSSchedRoundRobinYield                   0x080081ef   Thumb Code   176  os_core.o(.text)
    OSStart                                  0x0800829f   Thumb Code    78  os_core.o(.text)
    OSVersion                                0x080082ed   Thumb Code    12  os_core.o(.text)
    OS_PendDbgNameAdd                        0x080082f9   Thumb Code    66  os_core.o(.text)
    OS_PendListInsertPrio                    0x0800833b   Thumb Code   102  os_core.o(.text)
    OS_PendDataInit                          0x080083a1   Thumb Code    38  os_core.o(.text)
    OS_RdyListRemove                         0x080083c7   Thumb Code    86  os_core.o(.text)
    OS_TaskBlock                             0x0800841d   Thumb Code    56  os_core.o(.text)
    OS_Pend                                  0x08008455   Thumb Code   168  os_core.o(.text)
    OS_PendListRemove1                       0x080084fd   Thumb Code    66  os_core.o(.text)
    OS_PendListRemove                        0x0800853f   Thumb Code    48  os_core.o(.text)
    OS_PendAbort1                            0x0800856f   Thumb Code    36  os_core.o(.text)
    OS_RdyListInsertHead                     0x08008593   Thumb Code    58  os_core.o(.text)
    OS_RdyListInsertTail                     0x080085cd   Thumb Code    56  os_core.o(.text)
    OS_RdyListInsert                         0x08008605   Thumb Code    40  os_core.o(.text)
    OS_TaskRdy                               0x0800862d   Thumb Code    28  os_core.o(.text)
    OS_PendAbort                             0x08008649   Thumb Code   166  os_core.o(.text)
    OS_PendDbgNameRemove                     0x080086ef   Thumb Code    34  os_core.o(.text)
    OS_PendListChangePrio                    0x08008711   Thumb Code    70  os_core.o(.text)
    OS_PendListInit                          0x08008757   Thumb Code    10  os_core.o(.text)
    OS_PendListInsertHead                    0x08008761   Thumb Code    32  os_core.o(.text)
    OS_PendObjDel1                           0x08008781   Thumb Code    36  os_core.o(.text)
    OS_PendObjDel                            0x080087a5   Thumb Code   162  os_core.o(.text)
    OS_Post1                                 0x08008847   Thumb Code    42  os_core.o(.text)
    OS_Post                                  0x08008871   Thumb Code   192  os_core.o(.text)
    OS_Sched0                                0x08008931   Thumb Code   100  os_core.o(.text)
    OS_SchedRoundRobin                       0x08008995   Thumb Code   218  os_core.o(.text)
    OS_Dbg_Init                              0x08008a81   Thumb Code   150  os_dbg.o(.text)
    OS_FlagDbgListAdd                        0x08008c35   Thumb Code    38  os_flag.o(.text)
    OSFlagCreate                             0x08008c5b   Thumb Code   210  os_flag.o(.text)
    OS_FlagClr                               0x08008d2d   Thumb Code    28  os_flag.o(.text)
    OS_FlagDbgListRemove                     0x08008d49   Thumb Code    44  os_flag.o(.text)
    OSFlagDel                                0x08008d75   Thumb Code   732  os_flag.o(.text)
    OS_FlagBlock                             0x08009051   Thumb Code    58  os_flag.o(.text)
    OSFlagPend                               0x0800908b   Thumb Code  1670  os_flag.o(.text)
    OSFlagPendAbort                          0x08009711   Thumb Code   334  os_flag.o(.text)
    OSFlagPendGetFlagsRdy                    0x0800985f   Thumb Code    94  os_flag.o(.text)
    OS_FlagTaskRdy                           0x080098bd   Thumb Code    86  os_flag.o(.text)
    OS_FlagPost                              0x08009913   Thumb Code   626  os_flag.o(.text)
    OSFlagPost                               0x08009b85   Thumb Code   146  os_flag.o(.text)
    OS_FlagInit                              0x08009c17   Thumb Code    14  os_flag.o(.text)
    OS_IntQPost                              0x08009c41   Thumb Code   224  os_int.o(.text)
    OS_IntQRePost                            0x08009d21   Thumb Code   360  os_int.o(.text)
    OS_IntQTask                              0x08009e89   Thumb Code   182  os_int.o(.text)
    OS_IntQTaskInit                          0x08009f3f   Thumb Code   208  os_int.o(.text)
    OS_MemDbgListAdd                         0x0800a0a1   Thumb Code    34  os_mem.o(.text)
    OSMemCreate                              0x0800a0c3   Thumb Code   326  os_mem.o(.text)
    OSMemGet                                 0x0800a209   Thumb Code   112  os_mem.o(.text)
    OSMemPut                                 0x0800a279   Thumb Code   124  os_mem.o(.text)
    OS_MemInit                               0x0800a2f5   Thumb Code    14  os_mem.o(.text)
    OS_MsgPoolInit                           0x0800a319   Thumb Code   110  os_msg.o(.text)
    OS_MsgQFreeAll                           0x0800a387   Thumb Code    62  os_msg.o(.text)
    OS_MsgQInit                              0x0800a3c5   Thumb Code    14  os_msg.o(.text)
    OS_MsgQGet                               0x0800a3d3   Thumb Code    98  os_msg.o(.text)
    OS_MsgQPut                               0x0800a435   Thumb Code   254  os_msg.o(.text)
    OS_MutexDbgListAdd                       0x0800a541   Thumb Code    38  os_mutex.o(.text)
    OSMutexCreate                            0x0800a567   Thumb Code   216  os_mutex.o(.text)
    OS_MutexClr                              0x0800a63f   Thumb Code    38  os_mutex.o(.text)
    OS_MutexDbgListRemove                    0x0800a665   Thumb Code    44  os_mutex.o(.text)
    OSMutexDel                               0x0800a691   Thumb Code   960  os_mutex.o(.text)
    OSMutexPend                              0x0800aa51   Thumb Code   812  os_mutex.o(.text)
    OSMutexPendAbort                         0x0800ad7d   Thumb Code   334  os_mutex.o(.text)
    OSMutexPost                              0x0800aecb   Thumb Code   646  os_mutex.o(.text)
    OS_MutexInit                             0x0800b151   Thumb Code    14  os_mutex.o(.text)
    OS_PrioInit                              0x0800b181   Thumb Code    20  os_prio.o(.text)
    OS_PrioGetHighest                        0x0800b195   Thumb Code    36  os_prio.o(.text)
    OS_PrioInsert                            0x0800b1b9   Thumb Code    32  os_prio.o(.text)
    OS_PrioRemove                            0x0800b1d9   Thumb Code    32  os_prio.o(.text)
    OS_QDbgListAdd                           0x0800b1fd   Thumb Code    38  os_q.o(.text)
    OSQCreate                                0x0800b223   Thumb Code   224  os_q.o(.text)
    OS_QClr                                  0x0800b303   Thumb Code    40  os_q.o(.text)
    OS_QDbgListRemove                        0x0800b32b   Thumb Code    44  os_q.o(.text)
    OSQDel                                   0x0800b357   Thumb Code   414  os_q.o(.text)
    OSQFlush                                 0x0800b4f5   Thumb Code   288  os_q.o(.text)
    OSQPend                                  0x0800b615   Thumb Code   560  os_q.o(.text)
    OSQPendAbort                             0x0800b845   Thumb Code   334  os_q.o(.text)
    OS_QPost                                 0x0800b993   Thumb Code   402  os_q.o(.text)
    OSQPost                                  0x0800bb25   Thumb Code   176  os_q.o(.text)
    OS_QInit                                 0x0800bbd5   Thumb Code    14  os_q.o(.text)
    OS_SemDbgListAdd                         0x0800bbfd   Thumb Code    38  os_sem.o(.text)
    OSSemCreate                              0x0800bc23   Thumb Code   210  os_sem.o(.text)
    OS_SemClr                                0x0800bcf5   Thumb Code    28  os_sem.o(.text)
    OS_SemDbgListRemove                      0x0800bd11   Thumb Code    44  os_sem.o(.text)
    OSSemDel                                 0x0800bd3d   Thumb Code   414  os_sem.o(.text)
    OSSemPend                                0x0800bedb   Thumb Code   562  os_sem.o(.text)
    OSSemPendAbort                           0x0800c10d   Thumb Code   334  os_sem.o(.text)
    OS_SemPost                               0x0800c25b   Thumb Code   404  os_sem.o(.text)
    OSSemPost                                0x0800c3ef   Thumb Code   162  os_sem.o(.text)
    OSSemSet                                 0x0800c491   Thumb Code   128  os_sem.o(.text)
    OS_SemInit                               0x0800c511   Thumb Code    14  os_sem.o(.text)
    OSStatReset                              0x0800c531   Thumb Code   316  os_stat.o(.text)
    OSStatTaskCPUUsageInit                   0x0800c66d   Thumb Code   228  os_stat.o(.text)
    OS_StatTask                              0x0800c751   Thumb Code   984  os_stat.o(.text)
    OS_StatTaskInit                          0x0800cb29   Thumb Code   138  os_stat.o(.text)
    OSTaskChangePrio                         0x0800cc0d   Thumb Code   482  os_task.o(.text)
    OS_TaskDbgListAdd                        0x0800cdef   Thumb Code    42  os_task.o(.text)
    OS_TaskInitTCB                           0x0800ce19   Thumb Code   194  os_task.o(.text)
    OSTaskCreate                             0x0800cedb   Thumb Code   674  os_task.o(.text)
    OS_TaskDbgListRemove                     0x0800d17d   Thumb Code    64  os_task.o(.text)
    OSTaskDel                                0x0800d1bd   Thumb Code   490  os_task.o(.text)
    OSTaskQFlush                             0x0800d3a7   Thumb Code   302  os_task.o(.text)
    OSTaskQPend                              0x0800d4d5   Thumb Code   572  os_task.o(.text)
    OSTaskQPendAbort                         0x0800d711   Thumb Code   288  os_task.o(.text)
    OS_TaskQPost                             0x0800d831   Thumb Code   624  os_task.o(.text)
    OSTaskQPost                              0x0800daa1   Thumb Code   114  os_task.o(.text)
    OSTaskRegGet                             0x0800db13   Thumb Code    86  os_task.o(.text)
    OSTaskRegGetID                           0x0800db69   Thumb Code    96  os_task.o(.text)
    OSTaskRegSet                             0x0800dbc9   Thumb Code    86  os_task.o(.text)
    OS_TaskResume                            0x0800dc1f   Thumb Code   398  os_task.o(.text)
    OSTaskResume                             0x0800ddad   Thumb Code   124  os_task.o(.text)
    OSTaskSemPend                            0x0800de29   Thumb Code   578  os_task.o(.text)
    OSTaskSemPendAbort                       0x0800e06b   Thumb Code   342  os_task.o(.text)
    OS_TaskSemPost                           0x0800e1c1   Thumb Code  1438  os_task.o(.text)
    OSTaskSemPost                            0x0800e75f   Thumb Code    98  os_task.o(.text)
    OSTaskSemSet                             0x0800e7c1   Thumb Code    88  os_task.o(.text)
    OSTaskStkChk                             0x0800e819   Thumb Code   220  os_task.o(.text)
    OS_TaskSuspend                           0x0800e8f5   Thumb Code   414  os_task.o(.text)
    OSTaskSuspend                            0x0800ea93   Thumb Code    78  os_task.o(.text)
    OSTaskTimeQuantaSet                      0x0800eae1   Thumb Code   104  os_task.o(.text)
    OS_TaskInit                              0x0800eb49   Thumb Code    18  os_task.o(.text)
    OS_TaskReturn                            0x0800eb5b   Thumb Code    20  os_task.o(.text)
    OS_TickListRemove                        0x0800eb95   Thumb Code    56  os_tick.o(.text)
    OS_TickListUpdate                        0x0800ebcd   Thumb Code   520  os_tick.o(.text)
    OS_TickTask                              0x0800edd5   Thumb Code    38  os_tick.o(.text)
    OS_TickListInit                          0x0800edfb   Thumb Code    32  os_tick.o(.text)
    OS_TickTaskInit                          0x0800ee1b   Thumb Code   130  os_tick.o(.text)
    OS_TickListInsert                        0x0800ee9d   Thumb Code   502  os_tick.o(.text)
    OS_TickListResetPeak                     0x0800f093   Thumb Code    28  os_tick.o(.text)
    OSTimeDly                                0x0800f0b9   Thumb Code   322  os_time.o(.text)
    OSTimeDlyHMSM                            0x0800f1fb   Thumb Code   538  os_time.o(.text)
    OSTimeDlyResume                          0x0800f415   Thumb Code   570  os_time.o(.text)
    OSTimeGet                                0x0800f64f   Thumb Code    54  os_time.o(.text)
    OSTimeSet                                0x0800f685   Thumb Code    54  os_time.o(.text)
    OSTimeTick                               0x0800f6bb   Thumb Code    54  os_time.o(.text)
    OS_TmrDbgListAdd                         0x0800f705   Thumb Code    34  os_tmr.o(.text)
    OSTmrCreate                              0x0800f727   Thumb Code   286  os_tmr.o(.text)
    OS_TmrClr                                0x0800f845   Thumb Code    36  os_tmr.o(.text)
    OS_TmrUnlink                             0x0800f869   Thumb Code    72  os_tmr.o(.text)
    OS_TmrDbgListRemove                      0x0800f8b1   Thumb Code    44  os_tmr.o(.text)
    OSTmrDel                                 0x0800f8dd   Thumb Code   182  os_tmr.o(.text)
    OSTmrRemainGet                           0x0800f993   Thumb Code   188  os_tmr.o(.text)
    OS_TmrLink                               0x0800fa4f   Thumb Code   242  os_tmr.o(.text)
    OSTmrStart                               0x0800fb41   Thumb Code   170  os_tmr.o(.text)
    OSTmrStateGet                            0x0800fbeb   Thumb Code   142  os_tmr.o(.text)
    OSTmrStop                                0x0800fc79   Thumb Code   246  os_tmr.o(.text)
    OS_TmrTask                               0x0800fd6f   Thumb Code   176  os_tmr.o(.text)
    OS_TmrInit                               0x0800fe1f   Thumb Code   208  os_tmr.o(.text)
    OS_TmrResetPeak                          0x0800feef   Thumb Code    28  os_tmr.o(.text)
    OSIdleTaskHook                           0x0800ff69   Thumb Code    16  os_cpu_c.o(.text)
    OSInitHook                               0x0800ff79   Thumb Code    42  os_cpu_c.o(.text)
    OSStatTaskHook                           0x0800ffa3   Thumb Code    16  os_cpu_c.o(.text)
    OSTaskCreateHook                         0x0800ffb3   Thumb Code    20  os_cpu_c.o(.text)
    OSTaskDelHook                            0x0800ffc7   Thumb Code    20  os_cpu_c.o(.text)
    OSTaskReturnHook                         0x0800ffdb   Thumb Code    20  os_cpu_c.o(.text)
    OSTaskStkInit                            0x0800ffef   Thumb Code   188  os_cpu_c.o(.text)
    OSTaskSwHook                             0x080100ab   Thumb Code   146  os_cpu_c.o(.text)
    OSTimeTickHook                           0x0801013d   Thumb Code    16  os_cpu_c.o(.text)
    OS_CPU_SysTickHandler                    0x0801014d   Thumb Code    60  os_cpu_c.o(.text)
    OS_CPU_SysTickInit                       0x08010189   Thumb Code    44  os_cpu_c.o(.text)
    delay_osschedlock                        0x080101f5   Thumb Code    10  delay.o(.text)
    delay_osschedunlock                      0x080101ff   Thumb Code    10  delay.o(.text)
    delay_ostimedly                          0x08010209   Thumb Code    16  delay.o(.text)
    SysTick_Handler                          0x08010219   Thumb Code    24  delay.o(.text)
    delay_init                               0x08010231   Thumb Code    92  delay.o(.text)
    delay_us                                 0x0801028d   Thumb Code    86  delay.o(.text)
    delay_ms                                 0x080102e3   Thumb Code    66  delay.o(.text)
    __aeabi_uldivmod                         0x08010341   Thumb Code    98  uldiv.o(.text)
    __aeabi_memset                           0x080103a3   Thumb Code    14  memseta.o(.text)
    __aeabi_memset4                          0x080103a3   Thumb Code     0  memseta.o(.text)
    __aeabi_memset8                          0x080103a3   Thumb Code     0  memseta.o(.text)
    __aeabi_memclr                           0x080103b1   Thumb Code     4  memseta.o(.text)
    __aeabi_memclr4                          0x080103b1   Thumb Code     0  memseta.o(.text)
    __aeabi_memclr8                          0x080103b1   Thumb Code     0  memseta.o(.text)
    _memset$wrapper                          0x080103b5   Thumb Code    18  memseta.o(.text)
    strlen                                   0x080103c7   Thumb Code    14  strlen.o(.text)
    __aeabi_dadd                             0x080103d5   Thumb Code   322  dadd.o(.text)
    __aeabi_dsub                             0x08010517   Thumb Code     6  dadd.o(.text)
    __aeabi_drsub                            0x0801051d   Thumb Code     6  dadd.o(.text)
    __aeabi_cdrcmple                         0x08010525   Thumb Code    48  cdrcmple.o(.text)
    __aeabi_uidiv                            0x08010555   Thumb Code     0  uidiv.o(.text)
    __aeabi_uidivmod                         0x08010555   Thumb Code    44  uidiv.o(.text)
    __aeabi_llsl                             0x08010581   Thumb Code    30  llshl.o(.text)
    _ll_shift_l                              0x08010581   Thumb Code     0  llshl.o(.text)
    __aeabi_llsr                             0x0801059f   Thumb Code    32  llushr.o(.text)
    _ll_ushift_r                             0x0801059f   Thumb Code     0  llushr.o(.text)
    __aeabi_lasr                             0x080105bf   Thumb Code    36  llsshr.o(.text)
    _ll_sshift_r                             0x080105bf   Thumb Code     0  llsshr.o(.text)
    __I$use$fp                               0x080105e3   Thumb Code     0  iusefp.o(.text)
    _double_round                            0x080105e3   Thumb Code    30  depilogue.o(.text)
    _double_epilogue                         0x08010601   Thumb Code   156  depilogue.o(.text)
    __aeabi_dmul                             0x0801069d   Thumb Code   228  dmul.o(.text)
    __aeabi_ddiv                             0x08010781   Thumb Code   222  ddiv.o(.text)
    __aeabi_d2ulz                            0x0801085f   Thumb Code    48  dfixul.o(.text)
    __scatterload                            0x08010891   Thumb Code    28  init.o(.text)
    __scatterload_rt2                        0x08010891   Thumb Code     0  init.o(.text)
    __decompress                             0x080108b5   Thumb Code     0  __dczerorl2.o(.text)
    __decompress1                            0x080108b5   Thumb Code    86  __dczerorl2.o(.text)
    OSStartHighRdy                           0x0801090d   Thumb Code     0  os_cpu_a.o(CODE)
    PendSV_Handler                           0x08010943   Thumb Code     0  os_cpu_a.o(CODE)
    __0sprintf                               0x080109a5   Thumb Code    34  printfa.o(i.__0sprintf)
    __1sprintf                               0x080109a5   Thumb Code     0  printfa.o(i.__0sprintf)
    __2sprintf                               0x080109a5   Thumb Code     0  printfa.o(i.__0sprintf)
    __c89sprintf                             0x080109a5   Thumb Code     0  printfa.o(i.__0sprintf)
    sprintf                                  0x080109a5   Thumb Code     0  printfa.o(i.__0sprintf)
    __scatterload_copy                       0x080109cd   Thumb Code    14  handlers.o(i.__scatterload_copy)
    __scatterload_null                       0x080109db   Thumb Code     2  handlers.o(i.__scatterload_null)
    __scatterload_zeroinit                   0x080109dd   Thumb Code    14  handlers.o(i.__scatterload_zeroinit)
    OSCfg_IdleTaskStkBasePtr                 0x08011434   Data           4  os_cfg_app.o(.constdata)
    OSCfg_IdleTaskStkLimit                   0x08011438   Data           4  os_cfg_app.o(.constdata)
    OSCfg_IdleTaskStkSize                    0x0801143c   Data           4  os_cfg_app.o(.constdata)
    OSCfg_IdleTaskStkSizeRAM                 0x08011440   Data           4  os_cfg_app.o(.constdata)
    OSCfg_IntQBasePtr                        0x08011444   Data           4  os_cfg_app.o(.constdata)
    OSCfg_IntQSize                           0x08011448   Data           2  os_cfg_app.o(.constdata)
    OSCfg_IntQSizeRAM                        0x0801144c   Data           4  os_cfg_app.o(.constdata)
    OSCfg_IntQTaskStkBasePtr                 0x08011450   Data           4  os_cfg_app.o(.constdata)
    OSCfg_IntQTaskStkLimit                   0x08011454   Data           4  os_cfg_app.o(.constdata)
    OSCfg_IntQTaskStkSize                    0x08011458   Data           4  os_cfg_app.o(.constdata)
    OSCfg_IntQTaskStkSizeRAM                 0x0801145c   Data           4  os_cfg_app.o(.constdata)
    OSCfg_ISRStkBasePtr                      0x08011460   Data           4  os_cfg_app.o(.constdata)
    OSCfg_ISRStkSize                         0x08011464   Data           4  os_cfg_app.o(.constdata)
    OSCfg_ISRStkSizeRAM                      0x08011468   Data           4  os_cfg_app.o(.constdata)
    OSCfg_MsgPoolSize                        0x0801146c   Data           2  os_cfg_app.o(.constdata)
    OSCfg_MsgPoolSizeRAM                     0x08011470   Data           4  os_cfg_app.o(.constdata)
    OSCfg_MsgPoolBasePtr                     0x08011474   Data           4  os_cfg_app.o(.constdata)
    OSCfg_StatTaskPrio                       0x08011478   Data           1  os_cfg_app.o(.constdata)
    OSCfg_StatTaskRate_Hz                    0x0801147c   Data           4  os_cfg_app.o(.constdata)
    OSCfg_StatTaskStkBasePtr                 0x08011480   Data           4  os_cfg_app.o(.constdata)
    OSCfg_StatTaskStkLimit                   0x08011484   Data           4  os_cfg_app.o(.constdata)
    OSCfg_StatTaskStkSize                    0x08011488   Data           4  os_cfg_app.o(.constdata)
    OSCfg_StatTaskStkSizeRAM                 0x0801148c   Data           4  os_cfg_app.o(.constdata)
    OSCfg_StkSizeMin                         0x08011490   Data           4  os_cfg_app.o(.constdata)
    OSCfg_TickRate_Hz                        0x08011494   Data           4  os_cfg_app.o(.constdata)
    OSCfg_TickTaskPrio                       0x08011498   Data           1  os_cfg_app.o(.constdata)
    OSCfg_TickTaskStkBasePtr                 0x0801149c   Data           4  os_cfg_app.o(.constdata)
    OSCfg_TickTaskStkLimit                   0x080114a0   Data           4  os_cfg_app.o(.constdata)
    OSCfg_TickTaskStkSize                    0x080114a4   Data           4  os_cfg_app.o(.constdata)
    OSCfg_TickTaskStkSizeRAM                 0x080114a8   Data           4  os_cfg_app.o(.constdata)
    OSCfg_TickWheelSize                      0x080114ac   Data           2  os_cfg_app.o(.constdata)
    OSCfg_TickWheelSizeRAM                   0x080114b0   Data           4  os_cfg_app.o(.constdata)
    OSCfg_TmrTaskPrio                        0x080114b4   Data           1  os_cfg_app.o(.constdata)
    OSCfg_TmrTaskRate_Hz                     0x080114b8   Data           4  os_cfg_app.o(.constdata)
    OSCfg_TmrTaskStkBasePtr                  0x080114bc   Data           4  os_cfg_app.o(.constdata)
    OSCfg_TmrTaskStkLimit                    0x080114c0   Data           4  os_cfg_app.o(.constdata)
    OSCfg_TmrTaskStkSize                     0x080114c4   Data           4  os_cfg_app.o(.constdata)
    OSCfg_TmrTaskStkSizeRAM                  0x080114c8   Data           4  os_cfg_app.o(.constdata)
    OSCfg_TmrWheelSize                       0x080114cc   Data           2  os_cfg_app.o(.constdata)
    OSCfg_TmrWheelSizeRAM                    0x080114d0   Data           4  os_cfg_app.o(.constdata)
    OSCfg_DataSizeRAM                        0x080114d4   Data           4  os_cfg_app.o(.constdata)
    OSDbg_DbgEn                              0x080114d8   Data           1  os_dbg.o(.constdata)
    OSDbg_ArgChkEn                           0x080114d9   Data           1  os_dbg.o(.constdata)
    OSDbg_AppHooksEn                         0x080114da   Data           1  os_dbg.o(.constdata)
    OSDbg_EndiannessTest                     0x080114dc   Data           4  os_dbg.o(.constdata)
    OSDbg_CalledFromISRChkEn                 0x080114e0   Data           1  os_dbg.o(.constdata)
    OSDbg_FlagEn                             0x080114e1   Data           1  os_dbg.o(.constdata)
    OSDbg_FlagGrp                            0x080114e4   Data          40  os_dbg.o(.constdata)
    OSDbg_FlagDelEn                          0x0801150c   Data           1  os_dbg.o(.constdata)
    OSDbg_FlagModeClrEn                      0x0801150d   Data           1  os_dbg.o(.constdata)
    OSDbg_FlagPendAbortEn                    0x0801150e   Data           1  os_dbg.o(.constdata)
    OSDbg_FlagGrpSize                        0x08011510   Data           2  os_dbg.o(.constdata)
    OSDbg_FlagWidth                          0x08011512   Data           2  os_dbg.o(.constdata)
    OSDbg_IntQ                               0x08011514   Data           2  os_dbg.o(.constdata)
    OSDbg_ISRPostDeferredEn                  0x08011516   Data           1  os_dbg.o(.constdata)
    OSDbg_Mem                                0x08011518   Data          32  os_dbg.o(.constdata)
    OSDbg_MemEn                              0x08011538   Data           1  os_dbg.o(.constdata)
    OSDbg_MemSize                            0x0801153a   Data           2  os_dbg.o(.constdata)
    OSDbg_MsgEn                              0x0801153c   Data           1  os_dbg.o(.constdata)
    OSDbg_MsgSize                            0x0801153e   Data           2  os_dbg.o(.constdata)
    OSDbg_MsgPoolSize                        0x08011540   Data           2  os_dbg.o(.constdata)
    OSDbg_MsgQSize                           0x08011542   Data           2  os_dbg.o(.constdata)
    OSDbg_Mutex                              0x08011544   Data          44  os_dbg.o(.constdata)
    OSDbg_MutexEn                            0x08011570   Data           1  os_dbg.o(.constdata)
    OSDbg_MutexDelEn                         0x08011571   Data           1  os_dbg.o(.constdata)
    OSDbg_MutexPendAbortEn                   0x08011572   Data           1  os_dbg.o(.constdata)
    OSDbg_MutexSize                          0x08011574   Data           2  os_dbg.o(.constdata)
    OSDbg_ObjTypeChkEn                       0x08011576   Data           1  os_dbg.o(.constdata)
    OSDbg_PendMultiEn                        0x08011577   Data           1  os_dbg.o(.constdata)
    OSDbg_PendDataSize                       0x08011578   Data           2  os_dbg.o(.constdata)
    OSDbg_PendListSize                       0x0801157a   Data           2  os_dbg.o(.constdata)
    OSDbg_PendObjSize                        0x0801157c   Data           2  os_dbg.o(.constdata)
    OSDbg_PrioMax                            0x0801157e   Data           2  os_dbg.o(.constdata)
    OSDbg_PrioTblSize                        0x08011580   Data           2  os_dbg.o(.constdata)
    OSDbg_PtrSize                            0x08011582   Data           2  os_dbg.o(.constdata)
    OSDbg_Q                                  0x08011584   Data          48  os_dbg.o(.constdata)
    OSDbg_QEn                                0x080115b4   Data           1  os_dbg.o(.constdata)
    OSDbg_QDelEn                             0x080115b5   Data           1  os_dbg.o(.constdata)
    OSDbg_QFlushEn                           0x080115b6   Data           1  os_dbg.o(.constdata)
    OSDbg_QPendAbortEn                       0x080115b7   Data           1  os_dbg.o(.constdata)
    OSDbg_QSize                              0x080115b8   Data           2  os_dbg.o(.constdata)
    OSDbg_SchedRoundRobinEn                  0x080115ba   Data           1  os_dbg.o(.constdata)
    OSDbg_Sem                                0x080115bc   Data          40  os_dbg.o(.constdata)
    OSDbg_SemEn                              0x080115e4   Data           1  os_dbg.o(.constdata)
    OSDbg_SemDelEn                           0x080115e5   Data           1  os_dbg.o(.constdata)
    OSDbg_SemPendAbortEn                     0x080115e6   Data           1  os_dbg.o(.constdata)
    OSDbg_SemSetEn                           0x080115e7   Data           1  os_dbg.o(.constdata)
    OSDbg_SemSize                            0x080115e8   Data           2  os_dbg.o(.constdata)
    OSDbg_RdyList                            0x080115ea   Data           2  os_dbg.o(.constdata)
    OSDbg_RdyListSize                        0x080115ec   Data           4  os_dbg.o(.constdata)
    OSDbg_StkWidth                           0x080115f0   Data           1  os_dbg.o(.constdata)
    OSDbg_StatTaskEn                         0x080115f1   Data           1  os_dbg.o(.constdata)
    OSDbg_StatTaskStkChkEn                   0x080115f2   Data           1  os_dbg.o(.constdata)
    OSDbg_TaskChangePrioEn                   0x080115f3   Data           1  os_dbg.o(.constdata)
    OSDbg_TaskDelEn                          0x080115f4   Data           1  os_dbg.o(.constdata)
    OSDbg_TaskQEn                            0x080115f5   Data           1  os_dbg.o(.constdata)
    OSDbg_TaskQPendAbortEn                   0x080115f6   Data           1  os_dbg.o(.constdata)
    OSDbg_TaskProfileEn                      0x080115f7   Data           1  os_dbg.o(.constdata)
    OSDbg_TaskRegTblSize                     0x080115f8   Data           2  os_dbg.o(.constdata)
    OSDbg_TaskSemPendAbortEn                 0x080115fa   Data           1  os_dbg.o(.constdata)
    OSDbg_TaskSuspendEn                      0x080115fb   Data           1  os_dbg.o(.constdata)
    OSDbg_TCBSize                            0x080115fc   Data           2  os_dbg.o(.constdata)
    OSDbg_TickSpokeSize                      0x080115fe   Data           2  os_dbg.o(.constdata)
    OSDbg_TimeDlyHMSMEn                      0x08011600   Data           1  os_dbg.o(.constdata)
    OSDbg_TimeDlyResumeEn                    0x08011601   Data           1  os_dbg.o(.constdata)
    OSDbg_TLS_TblSize                        0x08011602   Data           2  os_dbg.o(.constdata)
    OSDbg_Tmr                                0x08011604   Data          52  os_dbg.o(.constdata)
    OSDbg_TmrEn                              0x08011638   Data           1  os_dbg.o(.constdata)
    OSDbg_TmrDelEn                           0x08011639   Data           1  os_dbg.o(.constdata)
    OSDbg_TmrSize                            0x0801163a   Data           2  os_dbg.o(.constdata)
    OSDbg_TmrSpokeSize                       0x0801163c   Data           2  os_dbg.o(.constdata)
    OSDbg_VersionNbr                         0x0801163e   Data           2  os_dbg.o(.constdata)
    OSDbg_DataSize                           0x08011640   Data           4  os_dbg.o(.constdata)
    Region$$Table$$Base                      0x08011644   Number         0  anon$$obj.o(Region$$Table)
    Region$$Table$$Limit                     0x08011664   Number         0  anon$$obj.o(Region$$Table)
    g_ucTimeEnable                           0x20000000   Data           1  main.o(.data)
    g_ucPM9805_RcvTime                       0x20000001   Data           1  main.o(.data)
    g_ucIT8512_RcvTime                       0x20000002   Data           1  main.o(.data)
    g_ucGP9034_RcvTime                       0x20000003   Data           1  main.o(.data)
    g_ucGC9200_RcvTime                       0x20000004   Data           1  main.o(.data)
    g_ucC8000_RcvTime                        0x20000005   Data           1  main.o(.data)
    g_ucC6000_RcvTime                        0x20000006   Data           1  main.o(.data)
    g_ucPM9805_RcvFlag                       0x20000007   Data           1  main.o(.data)
    g_ucIT8512_RcvFlag                       0x20000008   Data           1  main.o(.data)
    g_ucGP9034_RcvFlag                       0x20000009   Data           1  main.o(.data)
    g_ucGC9200_RcvFlag                       0x2000000a   Data           1  main.o(.data)
    g_ucC8000_RcvFlag                        0x2000000b   Data           1  main.o(.data)
    g_ucC6000_RcvFlag                        0x2000000c   Data           1  main.o(.data)
    g_ucC8000_RecLen                         0x2000000d   Data           1  main.o(.data)
    g_ucC6000_RecLen                         0x2000000e   Data           1  main.o(.data)
    g_ucEnableFlag                           0x2000000f   Data           1  main.o(.data)
    g_ucKeySetFlag                           0x20000010   Data           1  main.o(.data)
    g_ucNodeID                               0x20000011   Data           6  main.o(.data)
    g_ucNodeNum                              0x20000017   Data           1  main.o(.data)
    g_uiCurrentID                            0x20000018   Data           4  main.o(.data)
    ucFailIDNum                              0x2000001c   Data           1  main.o(.data)
    g_uiUsedID_Num                           0x20000020   Data           4  main.o(.data)
    uiSelfID                                 0x20000024   Data           2  main.o(.data)
    ulPLC_ID                                 0x20000028   Data           4  main.o(.data)
    g_ucRxLedOnCnt                           0x2000002c   Data           1  main.o(.data)
    g_ucRx_D_LedOnCnt                        0x2000002d   Data           1  main.o(.data)
    ucHeartBeatCnt                           0x2000002e   Data           1  main.o(.data)
    g_ucEepromError                          0x2000002f   Data           1  main.o(.data)
    ucTimeOutFunCnt                          0x20000030   Data           1  main.o(.data)
    g_ucNodeCurrentIndex                     0x20000031   Data           1  main.o(.data)
    cDis                                     0x20000032   Data           2  main.o(.data)
    ucRes                                    0x20000034   Data           2  main.o(.data)
    ucWriteDataBuf                           0x20000036   Data           4  main.o(.data)
    g_ucBeepOnCnt                            0x2000003a   Data           1  stm32f10x_it.o(.data)
    ucNodeIDTable                            0x20000050   Data           3  lorac8000.o(.data)
    g_ucResponseNum                          0x20000053   Data           1  lorac8000.o(.data)
    ucTaskNum                                0x20000054   Data           1  lorac8000.o(.data)
    g_ucBusyFlag                             0x20000055   Data           1  lorac8000.o(.data)
    g_uiSentIntervalCnt                      0x20000056   Data           2  lorac8000.o(.data)
    SystemCoreClock                          0x2000005c   Data           4  system_stm32f10x.o(.data)
    AHBPrescTable                            0x20000060   Data          16  system_stm32f10x.o(.data)
    CPU_TS_TmrFreq_Hz                        0x20000084   Data           4  cpu_core.o(.data)
    CPU_IntDisMeasCtr                        0x20000088   Data           2  cpu_core.o(.data)
    CPU_IntDisNestCtr                        0x2000008a   Data           2  cpu_core.o(.data)
    CPU_IntDisMeasStart_cnts                 0x2000008c   Data           4  cpu_core.o(.data)
    CPU_IntDisMeasStop_cnts                  0x20000090   Data           4  cpu_core.o(.data)
    CPU_IntDisMeasOvrhd_cnts                 0x20000094   Data           4  cpu_core.o(.data)
    CPU_IntDisMeasMaxCur_cnts                0x20000098   Data           4  cpu_core.o(.data)
    CPU_IntDisMeasMax_cnts                   0x2000009c   Data           4  cpu_core.o(.data)
    Mem_PoolTbl                              0x200000a0   Data           4  lib_mem.o(.data)
    OSPrioTbl                                0x200000a4   Data           4  os_prio.o(.data)
    OS_AppTaskCreateHookPtr                  0x200000a8   Data           4  os_var.o(.data)
    OS_AppTaskDelHookPtr                     0x200000ac   Data           4  os_var.o(.data)
    OS_AppTaskReturnHookPtr                  0x200000b0   Data           4  os_var.o(.data)
    OS_AppIdleTaskHookPtr                    0x200000b4   Data           4  os_var.o(.data)
    OS_AppStatTaskHookPtr                    0x200000b8   Data           4  os_var.o(.data)
    OS_AppTaskSwHookPtr                      0x200000bc   Data           4  os_var.o(.data)
    OS_AppTimeTickHookPtr                    0x200000c0   Data           4  os_var.o(.data)
    OSIdleTaskCtr                            0x200000c4   Data           4  os_var.o(.data)
    OSIntNestingCtr                          0x200000c8   Data           1  os_var.o(.data)
    OSIntDisTimeMax                          0x200000cc   Data           4  os_var.o(.data)
    OSRunning                                0x200000d0   Data           1  os_var.o(.data)
    OSIntQInPtr                              0x200000d4   Data           4  os_var.o(.data)
    OSIntQOutPtr                             0x200000d8   Data           4  os_var.o(.data)
    OSIntQNbrEntries                         0x200000dc   Data           2  os_var.o(.data)
    OSIntQNbrEntriesMax                      0x200000de   Data           2  os_var.o(.data)
    OSIntQOvfCtr                             0x200000e0   Data           2  os_var.o(.data)
    OSIntQTaskTimeMax                        0x200000e4   Data           4  os_var.o(.data)
    OSFlagDbgListPtr                         0x200000e8   Data           4  os_var.o(.data)
    OSFlagQty                                0x200000ec   Data           2  os_var.o(.data)
    OSMemDbgListPtr                          0x200000f0   Data           4  os_var.o(.data)
    OSMemQty                                 0x200000f4   Data           2  os_var.o(.data)
    OSMutexDbgListPtr                        0x200000f8   Data           4  os_var.o(.data)
    OSMutexQty                               0x200000fc   Data           2  os_var.o(.data)
    OSPrioCur                                0x200000fe   Data           1  os_var.o(.data)
    OSPrioHighRdy                            0x200000ff   Data           1  os_var.o(.data)
    OSPrioSaved                              0x20000100   Data           1  os_var.o(.data)
    OSQDbgListPtr                            0x20000104   Data           4  os_var.o(.data)
    OSQQty                                   0x20000108   Data           2  os_var.o(.data)
    OSSchedLockTimeBegin                     0x2000010c   Data           4  os_var.o(.data)
    OSSchedLockTimeMax                       0x20000110   Data           4  os_var.o(.data)
    OSSchedLockTimeMaxCur                    0x20000114   Data           4  os_var.o(.data)
    OSSchedLockNestingCtr                    0x20000118   Data           1  os_var.o(.data)
    OSSchedRoundRobinDfltTimeQuanta          0x2000011c   Data           4  os_var.o(.data)
    OSSchedRoundRobinEn                      0x20000120   Data           1  os_var.o(.data)
    OSSemDbgListPtr                          0x20000124   Data           4  os_var.o(.data)
    OSSemQty                                 0x20000128   Data           2  os_var.o(.data)
    OSStatResetFlag                          0x2000012a   Data           1  os_var.o(.data)
    OSStatTaskCPUUsage                       0x2000012c   Data           2  os_var.o(.data)
    OSStatTaskCPUUsageMax                    0x2000012e   Data           2  os_var.o(.data)
    OSStatTaskCtr                            0x20000130   Data           4  os_var.o(.data)
    OSStatTaskCtrMax                         0x20000134   Data           4  os_var.o(.data)
    OSStatTaskCtrRun                         0x20000138   Data           4  os_var.o(.data)
    OSStatTaskRdy                            0x2000013c   Data           1  os_var.o(.data)
    OSStatTaskTimeMax                        0x20000140   Data           4  os_var.o(.data)
    OSTaskCtxSwCtr                           0x20000144   Data           4  os_var.o(.data)
    OSTaskDbgListPtr                         0x20000148   Data           4  os_var.o(.data)
    OSTaskQty                                0x2000014c   Data           2  os_var.o(.data)
    OSTaskRegNextAvailID                     0x2000014e   Data           1  os_var.o(.data)
    OSTickCtr                                0x20000150   Data           4  os_var.o(.data)
    OSTickTaskTimeMax                        0x20000154   Data           4  os_var.o(.data)
    OSTmrDbgListPtr                          0x20000158   Data           4  os_var.o(.data)
    OSTmrQty                                 0x2000015c   Data           2  os_var.o(.data)
    OSTmrTaskTimeMax                         0x20000160   Data           4  os_var.o(.data)
    OSTmrTickCtr                             0x20000164   Data           4  os_var.o(.data)
    OSTmrUpdateCnt                           0x20000168   Data           4  os_var.o(.data)
    OSTmrUpdateCtr                           0x2000016c   Data           4  os_var.o(.data)
    OSTCBCurPtr                              0x20000170   Data           4  os_var.o(.data)
    OSTCBHighRdyPtr                          0x20000174   Data           4  os_var.o(.data)
    OS_CPU_ExceptStkBase                     0x20000178   Data           4  os_cpu_c.o(.data)
    g_ucPM9805_RecBuf                        0x20000180   Data          30  main.o(.bss)
    g_ucIT8512_RecBuf                        0x2000019e   Data          30  main.o(.bss)
    g_ucGP9034_RecBuf                        0x200001bc   Data          30  main.o(.bss)
    g_ucGC9200_RecBuf                        0x200001da   Data          40  main.o(.bss)
    g_ucC8000_RecBuf                         0x20000202   Data          20  main.o(.bss)
    g_ucC6000_RecBuf                         0x20000216   Data          20  main.o(.bss)
    ScmAT24CxxIdData                         0x2000022c   Data          16  main.o(.bss)
    ScmAT24CxxErr                            0x2000023c   Data          28  main.o(.bss)
    ScmDPSErrVal                             0x20000258   Data          28  main.o(.bss)
    cTemp                                    0x20000274   Data          16  main.o(.bss)
    g_uiFailID                               0x20000284   Data          12  main.o(.bss)
    ScmDPS_Para                              0x20000290   Data          12  main.o(.bss)
    ScmJIG                                   0x2000029c   Data          20  main.o(.bss)
    StartTaskTCB                             0x200002b0   Data         200  main.o(.bss)
    Led0TaskTCB                              0x20000b78   Data         200  main.o(.bss)
    Led1TaskTCB                              0x20001440   Data         200  main.o(.bss)
    KeyTaskTCB                               0x20001d08   Data         200  main.o(.bss)
    ucEEPROM_0                               0x20002dd0   Data          50  main.o(.bss)
    fg_sTask                                 0x20002e2c   Data          48  lorac8000.o(.bss)
    ucBackupDataFlash                        0x20002e5c   Data          23  lorac8000.o(.bss)
    cPrintTable                              0x20002e73   Data          16  lorac8000.o(.bss)
    CPU_Name                                 0x20002e83   Data          16  cpu_core.o(.bss)
    Mem_PoolHeap                             0x20002e94   Data          72  lib_mem.o(.bss)
    Mem_Heap                                 0x20002edc   Data       27648  lib_mem.o(.bss)
    OSCfg_IdleTaskStk                        0x20009adc   Data         512  os_cfg_app.o(.bss)
    OSCfg_IntQ                               0x20009cdc   Data         320  os_cfg_app.o(.bss)
    OSCfg_IntQTaskStk                        0x20009e1c   Data         512  os_cfg_app.o(.bss)
    OSCfg_ISRStk                             0x2000a01c   Data         512  os_cfg_app.o(.bss)
    OSCfg_MsgPool                            0x2000a21c   Data        1600  os_cfg_app.o(.bss)
    OSCfg_StatTaskStk                        0x2000a85c   Data         512  os_cfg_app.o(.bss)
    OSCfg_TickTaskStk                        0x2000aa5c   Data         512  os_cfg_app.o(.bss)
    OSCfg_TickWheel                          0x2000ac5c   Data         136  os_cfg_app.o(.bss)
    OSCfg_TmrTaskStk                         0x2000ace4   Data         512  os_cfg_app.o(.bss)
    OSCfg_TmrWheel                           0x2000aee4   Data         136  os_cfg_app.o(.bss)
    OSIdleTaskTCB                            0x2000af6c   Data         200  os_var.o(.bss)
    OSIntQTaskTCB                            0x2000b034   Data         200  os_var.o(.bss)
    OSMsgPool                                0x2000b0fc   Data          12  os_var.o(.bss)
    OSRdyList                                0x2000b108   Data         384  os_var.o(.bss)
    OSStatTaskTCB                            0x2000b288   Data         200  os_var.o(.bss)
    OSTickTaskTCB                            0x2000b350   Data         200  os_var.o(.bss)
    OSTmrTaskTCB                             0x2000b418   Data         200  os_var.o(.bss)
    __initial_sp                             0x2000b8e0   Data           0  startup_stm32f10x_hd.o(STACK)



==============================================================================

Memory Map of the image

  Image Entry point : 0x08000131

  Load Region LR_IROM1 (Base: 0x08000000, Size: 0x000117e4, Max: 0x00100000, ABSOLUTE, COMPRESSED[0x00011698])

    Execution Region ER_IROM1 (Base: 0x08000000, Size: 0x00011664, Max: 0x00100000, ABSOLUTE)

    Base Addr    Size         Type   Attr      Idx    E Section Name        Object

    0x08000000   0x00000130   Data   RO          480    RESET               startup_stm32f10x_hd.o
    0x08000130   0x00000000   Code   RO         1196  * .ARM.Collect$$$$00000000  mc_w.l(entry.o)
    0x08000130   0x00000004   Code   RO         1494    .ARM.Collect$$$$00000001  mc_w.l(entry2.o)
    0x08000134   0x00000004   Code   RO         1497    .ARM.Collect$$$$00000004  mc_w.l(entry5.o)
    0x08000138   0x00000000   Code   RO         1499    .ARM.Collect$$$$00000008  mc_w.l(entry7b.o)
    0x08000138   0x00000000   Code   RO         1501    .ARM.Collect$$$$0000000A  mc_w.l(entry8b.o)
    0x08000138   0x00000008   Code   RO         1502    .ARM.Collect$$$$0000000B  mc_w.l(entry9a.o)
    0x08000140   0x00000000   Code   RO         1504    .ARM.Collect$$$$0000000D  mc_w.l(entry10a.o)
    0x08000140   0x00000000   Code   RO         1506    .ARM.Collect$$$$0000000F  mc_w.l(entry11a.o)
    0x08000140   0x00000004   Code   RO         1495    .ARM.Collect$$$$00002712  mc_w.l(entry2.o)
    0x08000144   0x000006b4   Code   RO            1    .text               main.o
    0x080007f8   0x000002bc   Code   RO          222    .text               stm32f10x_it.o
    0x08000ab4   0x0000022c   Code   RO          238    .text               keydriver.o
    0x08000ce0   0x00000430   Code   RO          252    .text               system_initialize.o
    0x08001110   0x00000360   Code   RO          264    .text               lcd12864b.o
    0x08001470   0x0000050c   Code   RO          283    .text               stm32_uart.o
    0x0800197c   0x000003fc   Code   RO          379    .text               at24cxx.o
    0x08001d78   0x00000344   Code   RO          391    .text               rtc.o
    0x080020bc   0x00001058   Code   RO          406    .text               lorac8000.o
    0x08003114   0x000000f4   Code   RO          436    .text               rs485.o
    0x08003208   0x000001e0   Code   RO          460    .text               system_stm32f10x.o
    0x080033e8   0x00000024   Code   RO          481    .text               startup_stm32f10x_hd.o
    0x0800340c   0x000000dc   Code   RO          485    .text               misc.o
    0x080034e8   0x000000c4   Code   RO          509    .text               stm32f10x_bkp.o
    0x080035ac   0x000008e8   Code   RO          605    .text               stm32f10x_flash.o
    0x08003e94   0x0000035c   Code   RO          629    .text               stm32f10x_gpio.o
    0x080041f0   0x00000040   Code   RO          653    .text               stm32f10x_iwdg.o
    0x08004230   0x000000cc   Code   RO          665    .text               stm32f10x_pwr.o
    0x080042fc   0x000003a4   Code   RO          677    .text               stm32f10x_rcc.o
    0x080046a0   0x00000148   Code   RO          691    .text               stm32f10x_rtc.o
    0x080047e8   0x00000e1a   Code   RO          727    .text               stm32f10x_tim.o
    0x08005602   0x00000002   PAD
    0x08005604   0x00000408   Code   RO          739    .text               stm32f10x_usart.o
    0x08005a0c   0x00000084   Code   RO          763    .text               bsp.o
    0x08005a90   0x0000043c   Code   RO          778    .text               cpu_core.o
    0x08005ecc   0x00000034   Code   RO          816    .text               cpu_a.o
    0x08005f00   0x00000256   Code   RO          819    .text               lib_ascii.o
    0x08006156   0x00000002   PAD
    0x08006158   0x00000f8c   Code   RO          852    .text               lib_mem.o
    0x080070e4   0x00000928   Code   RO          871    .text               lib_str.o
    0x08007a0c   0x00000220   Code   RO          888    .text               lib_mem_a.o
    0x08007c2c   0x00000002   Code   RO          891    .text               os_cfg_app.o
    0x08007c2e   0x00000002   PAD
    0x08007c30   0x00000e50   Code   RO          914    .text               os_core.o
    0x08008a80   0x000001b4   Code   RO          926    .text               os_dbg.o
    0x08008c34   0x0000100c   Code   RO          941    .text               os_flag.o
    0x08009c40   0x00000460   Code   RO          953    .text               os_int.o
    0x0800a0a0   0x00000278   Code   RO          965    .text               os_mem.o
    0x0800a318   0x00000228   Code   RO          977    .text               os_msg.o
    0x0800a540   0x00000c40   Code   RO          989    .text               os_mutex.o
    0x0800b180   0x0000007c   Code   RO         1013    .text               os_prio.o
    0x0800b1fc   0x00000a00   Code   RO         1032    .text               os_q.o
    0x0800bbfc   0x00000934   Code   RO         1044    .text               os_sem.o
    0x0800c530   0x000006dc   Code   RO         1056    .text               os_stat.o
    0x0800cc0c   0x00001f88   Code   RO         1068    .text               os_task.o
    0x0800eb94   0x00000524   Code   RO         1080    .text               os_tick.o
    0x0800f0b8   0x0000064c   Code   RO         1092    .text               os_time.o
    0x0800f704   0x00000864   Code   RO         1104    .text               os_tmr.o
    0x0800ff68   0x0000028c   Code   RO         1130    .text               os_cpu_c.o
    0x080101f4   0x0000014c   Code   RO         1182    .text               delay.o
    0x08010340   0x00000062   Code   RO         1199    .text               mc_w.l(uldiv.o)
    0x080103a2   0x00000024   Code   RO         1203    .text               mc_w.l(memseta.o)
    0x080103c6   0x0000000e   Code   RO         1205    .text               mc_w.l(strlen.o)
    0x080103d4   0x0000014e   Code   RO         1476    .text               mf_w.l(dadd.o)
    0x08010522   0x00000002   PAD
    0x08010524   0x00000030   Code   RO         1486    .text               mf_w.l(cdrcmple.o)
    0x08010554   0x0000002c   Code   RO         1509    .text               mc_w.l(uidiv.o)
    0x08010580   0x0000001e   Code   RO         1511    .text               mc_w.l(llshl.o)
    0x0801059e   0x00000020   Code   RO         1513    .text               mc_w.l(llushr.o)
    0x080105be   0x00000024   Code   RO         1515    .text               mc_w.l(llsshr.o)
    0x080105e2   0x00000000   Code   RO         1517    .text               mc_w.l(iusefp.o)
    0x080105e2   0x000000ba   Code   RO         1520    .text               mf_w.l(depilogue.o)
    0x0801069c   0x000000e4   Code   RO         1522    .text               mf_w.l(dmul.o)
    0x08010780   0x000000de   Code   RO         1524    .text               mf_w.l(ddiv.o)
    0x0801085e   0x00000030   Code   RO         1526    .text               mf_w.l(dfixul.o)
    0x0801088e   0x00000002   PAD
    0x08010890   0x00000024   Code   RO         1528    .text               mc_w.l(init.o)
    0x080108b4   0x00000056   Code   RO         1538    .text               mc_w.l(__dczerorl2.o)
    0x0801090a   0x00000002   PAD
    0x0801090c   0x00000098   Code   RO         1148    CODE                os_cpu_a.o
    0x080109a4   0x00000028   Code   RO         1444    i.__0sprintf        mc_w.l(printfa.o)
    0x080109cc   0x0000000e   Code   RO         1532    i.__scatterload_copy  mc_w.l(handlers.o)
    0x080109da   0x00000002   Code   RO         1533    i.__scatterload_null  mc_w.l(handlers.o)
    0x080109dc   0x0000000e   Code   RO         1534    i.__scatterload_zeroinit  mc_w.l(handlers.o)
    0x080109ea   0x00000002   PAD
    0x080109ec   0x00000164   Code   RO         1449    i._fp_digits        mc_w.l(printfa.o)
    0x08010b50   0x000006dc   Code   RO         1450    i._printf_core      mc_w.l(printfa.o)
    0x0801122c   0x00000024   Code   RO         1451    i._printf_post_padding  mc_w.l(printfa.o)
    0x08011250   0x0000002e   Code   RO         1452    i._printf_pre_padding  mc_w.l(printfa.o)
    0x0801127e   0x0000000a   Code   RO         1454    i._sputc            mc_w.l(printfa.o)
    0x08011288   0x00000018   Data   RO          393    .constdata          rtc.o
    0x080112a0   0x00000100   Data   RO          780    .constdata          cpu_core.o
    0x080113a0   0x00000094   Data   RO          872    .constdata          lib_str.o
    0x08011434   0x000000a4   Data   RO          893    .constdata          os_cfg_app.o
    0x080114d8   0x0000016c   Data   RO          927    .constdata          os_dbg.o
    0x08011644   0x00000020   Data   RO         1530    Region$$Table       anon$$obj.o


    Execution Region RW_IRAM1 (Base: 0x20000000, Size: 0x0000b8e0, Max: 0x00018000, ABSOLUTE, COMPRESSED[0x00000034])

    Base Addr    Size         Type   Attr      Idx    E Section Name        Object

    0x20000000   0x0000003a   Data   RW            3    .data               main.o
    0x2000003a   0x00000008   Data   RW          223    .data               stm32f10x_it.o
    0x20000042   0x0000000d   Data   RW          239    .data               keydriver.o
    0x2000004f   0x00000001   PAD
    0x20000050   0x0000000a   Data   RW          408    .data               lorac8000.o
    0x2000005a   0x00000002   PAD
    0x2000005c   0x00000014   Data   RW          461    .data               system_stm32f10x.o
    0x20000070   0x00000014   Data   RW          678    .data               stm32f10x_rcc.o
    0x20000084   0x0000001c   Data   RW          781    .data               cpu_core.o
    0x200000a0   0x00000004   Data   RW          854    .data               lib_mem.o
    0x200000a4   0x00000004   Data   RW         1014    .data               os_prio.o
    0x200000a8   0x000000d0   Data   RW         1117    .data               os_var.o
    0x20000178   0x00000004   Data   RW         1131    .data               os_cpu_c.o
    0x2000017c   0x00000004   Data   RW         1183    .data               delay.o
    0x20000180   0x00002c82   Zero   RW            2    .bss                main.o
    0x20002e02   0x00000028   Zero   RW          392    .bss                rtc.o
    0x20002e2a   0x00000002   PAD
    0x20002e2c   0x00000057   Zero   RW          407    .bss                lorac8000.o
    0x20002e83   0x00000010   Zero   RW          779    .bss                cpu_core.o
    0x20002e93   0x00000001   PAD
    0x20002e94   0x00006c48   Zero   RW          853    .bss                lib_mem.o
    0x20009adc   0x00001490   Zero   RW          892    .bss                os_cfg_app.o
    0x2000af6c   0x00000574   Zero   RW         1116    .bss                os_var.o
    0x2000b4e0   0x00000400   Zero   RW          478    STACK               startup_stm32f10x_hd.o


==============================================================================

Image component sizes


      Code (inc. data)   RO Data    RW Data    ZI Data      Debug   Object Name

      1020         12          0          0          0       4196   at24cxx.o
       132         12          0          0          0       1115   bsp.o
         0          0          0          0          0         32   core_cm3.o
        52          0          0          0          0        320   cpu_a.o
      1084         42        256         28         16      16197   cpu_core.o
       332         28          0          4          0       1737   delay.o
       556         44          0         13          0       2627   keydriver.o
       864         34          0          0          0       2874   lcd12864b.o
       598          0          0          0          0       3676   lib_ascii.o
      3980         62          0          4      27720      24580   lib_mem.o
       544          0          0          0          0        464   lib_mem_a.o
      2344          4        148          0          0      13010   lib_str.o
      4184        244          0         10         87      10789   lorac8000.o
      1716        188          0         58      11394     311289   main.o
       220         22          0          0          0       1721   misc.o
         2          0        164          0       5264      20846   os_cfg_app.o
      3664        294          0          0          0      12093   os_core.o
       152         32          0          0          0        376   os_cpu_a.o
       652         64          0          4          0       3761   os_cpu_c.o
       436        286        364          0          0       4713   os_dbg.o
      4108        110          0          0          0       8107   os_flag.o
      1120        146          0          0          0       2256   os_int.o
       632         22          0          0          0       2684   os_mem.o
       552         14          0          0          0       2574   os_msg.o
      3136        114          0          0          0       5674   os_mutex.o
       124          4          0          4          0       1684   os_prio.o
      2560         82          0          0          0       6276   os_q.o
      2356         72          0          0          0       6272   os_sem.o
      1756        190          0          0          0       2869   os_stat.o
      8072        282          0          0          0      14314   os_task.o
      1316         90          0          0          0       3225   os_tick.o
      1612         44          0          0          0       3329   os_time.o
      2148        140          0          0          0       6482   os_tmr.o
         0          0          0        208       1396      19433   os_var.o
       244         14          0          0          0        781   rs485.o
       836         66         24          0         40       2949   rtc.o
        36          8        304          0       1024        776   startup_stm32f10x_hd.o
      1292         42          0          0          0       3538   stm32_uart.o
       196          8          0          0          0       3388   stm32f10x_bkp.o
      2280         46          0          0          0       9399   stm32f10x_flash.o
       860         38          0          0          0       5569   stm32f10x_gpio.o
       700        100          0          8          0       2687   stm32f10x_it.o
        64          6          0          0          0       1233   stm32f10x_iwdg.o
       204         14          0          0          0       1879   stm32f10x_pwr.o
       932         36          0         20          0       8712   stm32f10x_rcc.o
       328          4          0          0          0       2634   stm32f10x_rtc.o
      3610         88          0          0          0      22056   stm32f10x_tim.o
      1032         22          0          0          0       8292   stm32f10x_usart.o
      1072         16          0          0          0       4960   system_initialize.o
       480         38          0         20          0       1719   system_stm32f10x.o

    ----------------------------------------------------------------------
     66196       3224       1292        384      46944     602167   Object Totals
         0          0         32          0          0          0   (incl. Generated)
         6          0          0          3          3          0   (incl. Padding)

    ----------------------------------------------------------------------

      Code (inc. data)   RO Data    RW Data    ZI Data      Debug   Library Member Name

        86          0          0          0          0          0   __dczerorl2.o
         0          0          0          0          0          0   entry.o
         0          0          0          0          0          0   entry10a.o
         0          0          0          0          0          0   entry11a.o
         8          4          0          0          0          0   entry2.o
         4          0          0          0          0          0   entry5.o
         0          0          0          0          0          0   entry7b.o
         0          0          0          0          0          0   entry8b.o
         8          4          0          0          0          0   entry9a.o
        30          0          0          0          0          0   handlers.o
        36          8          0          0          0         68   init.o
         0          0          0          0          0          0   iusefp.o
        30          0          0          0          0         68   llshl.o
        36          0          0          0          0         68   llsshr.o
        32          0          0          0          0         68   llushr.o
        36          0          0          0          0        108   memseta.o
      2244         86          0          0          0        512   printfa.o
        14          0          0          0          0         68   strlen.o
        44          0          0          0          0         80   uidiv.o
        98          0          0          0          0         92   uldiv.o
        48          0          0          0          0         68   cdrcmple.o
       334          0          0          0          0        148   dadd.o
       222          0          0          0          0        100   ddiv.o
       186          0          0          0          0        176   depilogue.o
        48          0          0          0          0         68   dfixul.o
       228          0          0          0          0         96   dmul.o

    ----------------------------------------------------------------------
      3780        102          0          0          0       1788   Library Totals
         8          0          0          0          0          0   (incl. Padding)

    ----------------------------------------------------------------------

      Code (inc. data)   RO Data    RW Data    ZI Data      Debug   Library Name

      2706        102          0          0          0       1132   mc_w.l
      1066          0          0          0          0        656   mf_w.l

    ----------------------------------------------------------------------
      3780        102          0          0          0       1788   Library Totals

    ----------------------------------------------------------------------

==============================================================================


      Code (inc. data)   RO Data    RW Data    ZI Data      Debug   

     69976       3326       1292        384      46944     598623   Grand Totals
     69976       3326       1292         52      46944     598623   ELF Image Totals (compressed)
     69976       3326       1292         52          0          0   ROM Totals

==============================================================================

    Total RO  Size (Code + RO Data)                71268 (  69.60kB)
    Total RW  Size (RW Data + ZI Data)             47328 (  46.22kB)
    Total ROM Size (Code + RO Data + RW Data)      71320 (  69.65kB)

==============================================================================

