Component: ARM Compiler 5.06 update 1 (build 61) Tool: armlink [4d35a8]

==============================================================================

Section Cross References

    main.o(.text) refers to system_initialize.o(.text) for GPIO_PinReverse
    main.o(.text) refers to keydriver.o(.text) for KeyScan
    main.o(.text) refers to os_time.o(.text) for OSTimeDlyHMSM
    main.o(.text) refers to taskapp.o(.text) for CorrectionTask
    main.o(.text) refers to cpu_core.o(.text) for CPU_Init
    main.o(.text) refers to os_stat.o(.text) for OSStatTaskCPUUsageInit
    main.o(.text) refers to os_core.o(.text) for OSSchedRoundRobinCfg
    main.o(.text) refers to cpu_a.o(.text) for CPU_SR_Save
    main.o(.text) refers to os_task.o(.text) for OSTaskCreate
    main.o(.text) refers to stm32_uart.o(.text) for STM32_UART_Init
    main.o(.text) refers to lcd12864b.o(.text) for Lcd12864_init
    main.o(.text) refers to at24cxx.o(.text) for AT24CXX_Init
    main.o(.text) refers to delay.o(.text) for delay_init
    main.o(.text) refers to misc.o(.text) for NVIC_PriorityGroupConfig
    main.o(.text) refers to main.o(.data) for g_ucEnableFlag
    main.o(.text) refers to os_var.o(.data) for OSSchedLockNestingCtr
    main.o(.text) refers to main.o(.bss) for LED0_TASK_STK
    stm32f10x_it.o(.text) refers to stm32f10x_usart.o(.text) for USART_GetITStatus
    stm32f10x_it.o(.text) refers to stm32f10x_tim.o(.text) for TIM_GetITStatus
    stm32f10x_it.o(.text) refers to main.o(.data) for g_ucGC9200_RcvTime
    stm32f10x_it.o(.text) refers to stm32f10x_it.o(.data) for ucIndex
    stm32f10x_it.o(.text) refers to main.o(.bss) for g_ucGC9200_RecBuf
    keydriver.o(.text) refers to stm32f10x_rcc.o(.text) for RCC_APB2PeriphClockCmd
    keydriver.o(.text) refers to stm32f10x_gpio.o(.text) for GPIO_Init
    keydriver.o(.text) refers to keydriver.o(.data) for fg_ucKeyNRead
    system_initialize.o(.text) refers to stm32f10x_rcc.o(.text) for RCC_APB2PeriphClockCmd
    system_initialize.o(.text) refers to stm32f10x_gpio.o(.text) for GPIO_Init
    system_initialize.o(.text) refers to stm32f10x_tim.o(.text) for TIM_DeInit
    system_initialize.o(.text) refers to misc.o(.text) for NVIC_PriorityGroupConfig
    lcd12864b.o(.text) refers to stm32f10x_rcc.o(.text) for RCC_APB2PeriphClockCmd
    lcd12864b.o(.text) refers to stm32f10x_gpio.o(.text) for GPIO_Init
    lcd12864b.o(.text) refers to strlen.o(.text) for strlen
    stm32_uart.o(.text) refers to stm32f10x_rcc.o(.text) for RCC_APB2PeriphClockCmd
    stm32_uart.o(.text) refers to stm32f10x_gpio.o(.text) for GPIO_Init
    stm32_uart.o(.text) refers to stm32f10x_usart.o(.text) for USART_DeInit
    stm32_uart.o(.text) refers to misc.o(.text) for NVIC_Init
    menu.o(.text) refers to system_initialize.o(.text) for GPIO_PinReverse
    menu.o(.text) refers to lcd12864b.o(.text) for Lcd12864_clear
    menu.o(.text) refers to keydriver.o(.text) for KeyHit
    menu.o(.text) refers to main.o(.data) for g_ucEnableFlag
    menu.o(.text) refers to menu.o(.data) for fg_ucKeyDir
    menu.o(.data) refers to menu.o(.text) for HomePage
    taskapp.o(.text) refers to memseta.o(.text) for __aeabi_memclr
    taskapp.o(.text) refers to stm32_uart.o(.text) for PM9805_SendString
    taskapp.o(.text) refers to os_time.o(.text) for OSTimeDlyHMSM
    taskapp.o(.text) refers to it8512b.o(.text) for CompareData
    taskapp.o(.text) refers to fflti.o(.text) for __aeabi_i2f
    taskapp.o(.text) refers to fadd.o(.text) for __aeabi_fsub
    taskapp.o(.text) refers to fdiv.o(.text) for __aeabi_fdiv
    taskapp.o(.text) refers to ffltui.o(.text) for __aeabi_ui2f
    taskapp.o(.text) refers to fmul.o(.text) for __aeabi_fmul
    taskapp.o(.text) refers to main.o(.bss) for g_ucPM9805_RecBuf
    taskapp.o(.text) refers to main.o(.data) for g_ucPM9805_RcvFlag
    taskapp.o(.text) refers to taskapp.o(.constdata) for CMD_Head
    taskapp.o(.text) refers to lcd12864b.o(.text) for DisplayString
    taskapp.o(.text) refers to cfcmple.o(.text) for __aeabi_cfcmple
    taskapp.o(.text) refers to stm32f10x_gpio.o(.text) for GPIO_ResetBits
    taskapp.o(.text) refers to memcpya.o(.text) for __aeabi_memcpy4
    taskapp.o(.text) refers to ffixui.o(.text) for __aeabi_f2uiz
    taskapp.o(.text) refers to printf6.o(i.__0sprintf$6) for __2sprintf
    taskapp.o(.text) refers to taskapp.o(.data) for ucState
    taskapp.o(.text) refers to taskapp.o(.bss) for PM9805Value
    taskapp.o(.text) refers to it8512b.o(.bss) for ScmIT8512_1
    it8512b.o(.text) refers to stm32_uart.o(.text) for IT8512_SendArray
    it8512b.o(.text) refers to memseta.o(.text) for __aeabi_memclr
    it8512b.o(.text) refers to os_time.o(.text) for OSTimeDlyHMSM
    it8512b.o(.text) refers to memcpya.o(.text) for __aeabi_memcpy4
    it8512b.o(.text) refers to ffltui.o(.text) for __aeabi_ui2f
    it8512b.o(.text) refers to fdiv.o(.text) for __aeabi_fdiv
[...]
    AT24CXX_ReadLenByte                      0x080027e9   Thumb Code    44  at24cxx.o(.text)
    AT24CXX_Check                            0x08002815   Thumb Code    46  at24cxx.o(.text)
    AT24CXX_Read                             0x08002843   Thumb Code    34  at24cxx.o(.text)
    AT24CXX_Write                            0x08002865   Thumb Code    36  at24cxx.o(.text)
    SystemInit                               0x08002973   Thumb Code    78  system_stm32f10x.o(.text)
    SystemCoreClockUpdate                    0x080029c1   Thumb Code   142  system_stm32f10x.o(.text)
    Reset_Handler                            0x08002a75   Thumb Code     8  startup_stm32f10x_hd.o(.text)
    ADC1_2_IRQHandler                        0x08002a8f   Thumb Code     0  startup_stm32f10x_hd.o(.text)
    ADC3_IRQHandler                          0x08002a8f   Thumb Code     0  startup_stm32f10x_hd.o(.text)
    CAN1_RX1_IRQHandler                      0x08002a8f   Thumb Code     0  startup_stm32f10x_hd.o(.text)
    CAN1_SCE_IRQHandler                      0x08002a8f   Thumb Code     0  startup_stm32f10x_hd.o(.text)
    DMA1_Channel1_IRQHandler                 0x08002a8f   Thumb Code     0  startup_stm32f10x_hd.o(.text)
    DMA1_Channel2_IRQHandler                 0x08002a8f   Thumb Code     0  startup_stm32f10x_hd.o(.text)
    DMA1_Channel3_IRQHandler                 0x08002a8f   Thumb Code     0  startup_stm32f10x_hd.o(.text)
    DMA1_Channel4_IRQHandler                 0x08002a8f   Thumb Code     0  startup_stm32f10x_hd.o(.text)
    DMA1_Channel5_IRQHandler                 0x08002a8f   Thumb Code     0  startup_stm32f10x_hd.o(.text)
    DMA1_Channel6_IRQHandler                 0x08002a8f   Thumb Code     0  startup_stm32f10x_hd.o(.text)
    DMA1_Channel7_IRQHandler                 0x08002a8f   Thumb Code     0  startup_stm32f10x_hd.o(.text)
    DMA2_Channel1_IRQHandler                 0x08002a8f   Thumb Code     0  startup_stm32f10x_hd.o(.text)
    DMA2_Channel2_IRQHandler                 0x08002a8f   Thumb Code     0  startup_stm32f10x_hd.o(.text)
    DMA2_Channel3_IRQHandler                 0x08002a8f   Thumb Code     0  startup_stm32f10x_hd.o(.text)
    DMA2_Channel4_5_IRQHandler               0x08002a8f   Thumb Code     0  startup_stm32f10x_hd.o(.text)
    EXTI0_IRQHandler                         0x08002a8f   Thumb Code     0  startup_stm32f10x_hd.o(.text)
    EXTI15_10_IRQHandler                     0x08002a8f   Thumb Code     0  startup_stm32f10x_hd.o(.text)
    EXTI1_IRQHandler                         0x08002a8f   Thumb Code     0  startup_stm32f10x_hd.o(.text)
    EXTI2_IRQHandler                         0x08002a8f   Thumb Code     0  startup_stm32f10x_hd.o(.text)
    EXTI3_IRQHandler                         0x08002a8f   Thumb Code     0  startup_stm32f10x_hd.o(.text)
    EXTI4_IRQHandler                         0x08002a8f   Thumb Code     0  startup_stm32f10x_hd.o(.text)
    EXTI9_5_IRQHandler                       0x08002a8f   Thumb Code     0  startup_stm32f10x_hd.o(.text)
    FLASH_IRQHandler                         0x08002a8f   Thumb Code     0  startup_stm32f10x_hd.o(.text)
    FSMC_IRQHandler                          0x08002a8f   Thumb Code     0  startup_stm32f10x_hd.o(.text)
    I2C1_ER_IRQHandler                       0x08002a8f   Thumb Code     0  startup_stm32f10x_hd.o(.text)
    I2C1_EV_IRQHandler                       0x08002a8f   Thumb Code     0  startup_stm32f10x_hd.o(.text)
    I2C2_ER_IRQHandler                       0x08002a8f   Thumb Code     0  startup_stm32f10x_hd.o(.text)
    I2C2_EV_IRQHandler                       0x08002a8f   Thumb Code     0  startup_stm32f10x_hd.o(.text)
    PVD_IRQHandler                           0x08002a8f   Thumb Code     0  startup_stm32f10x_hd.o(.text)
    RCC_IRQHandler                           0x08002a8f   Thumb Code     0  startup_stm32f10x_hd.o(.text)
    RTCAlarm_IRQHandler                      0x08002a8f   Thumb Code     0  startup_stm32f10x_hd.o(.text)
    RTC_IRQHandler                           0x08002a8f   Thumb Code     0  startup_stm32f10x_hd.o(.text)
    SDIO_IRQHandler                          0x08002a8f   Thumb Code     0  startup_stm32f10x_hd.o(.text)
    SPI1_IRQHandler                          0x08002a8f   Thumb Code     0  startup_stm32f10x_hd.o(.text)
    SPI2_IRQHandler                          0x08002a8f   Thumb Code     0  startup_stm32f10x_hd.o(.text)
    SPI3_IRQHandler                          0x08002a8f   Thumb Code     0  startup_stm32f10x_hd.o(.text)
    TAMPER_IRQHandler                        0x08002a8f   Thumb Code     0  startup_stm32f10x_hd.o(.text)
    TIM1_BRK_IRQHandler                      0x08002a8f   Thumb Code     0  startup_stm32f10x_hd.o(.text)
    TIM1_CC_IRQHandler                       0x08002a8f   Thumb Code     0  startup_stm32f10x_hd.o(.text)
    TIM1_TRG_COM_IRQHandler                  0x08002a8f   Thumb Code     0  startup_stm32f10x_hd.o(.text)
    TIM1_UP_IRQHandler                       0x08002a8f   Thumb Code     0  startup_stm32f10x_hd.o(.text)
    TIM3_IRQHandler                          0x08002a8f   Thumb Code     0  startup_stm32f10x_hd.o(.text)
    TIM4_IRQHandler                          0x08002a8f   Thumb Code     0  startup_stm32f10x_hd.o(.text)
    TIM5_IRQHandler                          0x08002a8f   Thumb Code     0  startup_stm32f10x_hd.o(.text)
    TIM6_IRQHandler                          0x08002a8f   Thumb Code     0  startup_stm32f10x_hd.o(.text)
    TIM7_IRQHandler                          0x08002a8f   Thumb Code     0  startup_stm32f10x_hd.o(.text)
    TIM8_BRK_IRQHandler                      0x08002a8f   Thumb Code     0  startup_stm32f10x_hd.o(.text)
    TIM8_CC_IRQHandler                       0x08002a8f   Thumb Code     0  startup_stm32f10x_hd.o(.text)
    TIM8_TRG_COM_IRQHandler                  0x08002a8f   Thumb Code     0  startup_stm32f10x_hd.o(.text)
    TIM8_UP_IRQHandler                       0x08002a8f   Thumb Code     0  startup_stm32f10x_hd.o(.text)
    USBWakeUp_IRQHandler                     0x08002a8f   Thumb Code     0  startup_stm32f10x_hd.o(.text)
    USB_HP_CAN1_TX_IRQHandler                0x08002a8f   Thumb Code     0  startup_stm32f10x_hd.o(.text)
    USB_LP_CAN1_RX0_IRQHandler               0x08002a8f   Thumb Code     0  startup_stm32f10x_hd.o(.text)
    WWDG_IRQHandler                          0x08002a8f   Thumb Code     0  startup_stm32f10x_hd.o(.text)
    NVIC_PriorityGroupConfig                 0x08002a99   Thumb Code    10  misc.o(.text)
    NVIC_Init                                0x08002aa3   Thumb Code   100  misc.o(.text)
    NVIC_SetVectorTable                      0x08002b07   Thumb Code    14  misc.o(.text)
    NVIC_SystemLPConfig                      0x08002b15   Thumb Code    34  misc.o(.text)
    SysTick_CLKSourceConfig                  0x08002b37   Thumb Code    40  misc.o(.text)
    GPIO_DeInit                              0x08002b75   Thumb Code   172  stm32f10x_gpio.o(.text)
    GPIO_AFIODeInit                          0x08002c21   Thumb Code    20  stm32f10x_gpio.o(.text)
    GPIO_Init                                0x08002c35   Thumb Code   278  stm32f10x_gpio.o(.text)
    GPIO_StructInit                          0x08002d4b   Thumb Code    16  stm32f10x_gpio.o(.text)
    GPIO_ReadInputDataBit                    0x08002d5b   Thumb Code    18  stm32f10x_gpio.o(.text)
    GPIO_ReadInputData                       0x08002d6d   Thumb Code     8  stm32f10x_gpio.o(.text)
    GPIO_ReadOutputDataBit                   0x08002d75   Thumb Code    18  stm32f10x_gpio.o(.text)
    GPIO_ReadOutputData                      0x08002d87   Thumb Code     8  stm32f10x_gpio.o(.text)
    GPIO_SetBits                             0x08002d8f   Thumb Code     4  stm32f10x_gpio.o(.text)
    GPIO_ResetBits                           0x08002d93   Thumb Code     4  stm32f10x_gpio.o(.text)
    GPIO_WriteBit                            0x08002d97   Thumb Code    10  stm32f10x_gpio.o(.text)
    GPIO_Write                               0x08002da1   Thumb Code     4  stm32f10x_gpio.o(.text)
    GPIO_PinLockConfig                       0x08002da5   Thumb Code    18  stm32f10x_gpio.o(.text)
    GPIO_EventOutputConfig                   0x08002db7   Thumb Code    26  stm32f10x_gpio.o(.text)
    GPIO_EventOutputCmd                      0x08002dd1   Thumb Code     6  stm32f10x_gpio.o(.text)
    GPIO_PinRemapConfig                      0x08002dd7   Thumb Code   138  stm32f10x_gpio.o(.text)
    GPIO_EXTILineConfig                      0x08002e61   Thumb Code    66  stm32f10x_gpio.o(.text)
    GPIO_ETH_MediaInterfaceConfig            0x08002ea3   Thumb Code     8  stm32f10x_gpio.o(.text)
    RCC_DeInit                               0x08002ed1   Thumb Code    64  stm32f10x_rcc.o(.text)
    RCC_HSEConfig                            0x08002f11   Thumb Code    70  stm32f10x_rcc.o(.text)
    RCC_GetFlagStatus                        0x08002f57   Thumb Code    56  stm32f10x_rcc.o(.text)
    RCC_WaitForHSEStartUp                    0x08002f8f   Thumb Code    56  stm32f10x_rcc.o(.text)
    RCC_AdjustHSICalibrationValue            0x08002fc7   Thumb Code    20  stm32f10x_rcc.o(.text)
    RCC_HSICmd                               0x08002fdb   Thumb Code     6  stm32f10x_rcc.o(.text)
    RCC_PLLConfig                            0x08002fe1   Thumb Code    24  stm32f10x_rcc.o(.text)
    RCC_PLLCmd                               0x08002ff9   Thumb Code     6  stm32f10x_rcc.o(.text)
    RCC_SYSCLKConfig                         0x08002fff   Thumb Code    18  stm32f10x_rcc.o(.text)
    RCC_GetSYSCLKSource                      0x08003011   Thumb Code    10  stm32f10x_rcc.o(.text)
    RCC_HCLKConfig                           0x0800301b   Thumb Code    18  stm32f10x_rcc.o(.text)
    RCC_PCLK1Config                          0x0800302d   Thumb Code    18  stm32f10x_rcc.o(.text)
    RCC_PCLK2Config                          0x0800303f   Thumb Code    20  stm32f10x_rcc.o(.text)
    RCC_ITConfig                             0x08003053   Thumb Code    26  stm32f10x_rcc.o(.text)
    RCC_USBCLKConfig                         0x0800306d   Thumb Code     8  stm32f10x_rcc.o(.text)
    RCC_ADCCLKConfig                         0x08003075   Thumb Code    18  stm32f10x_rcc.o(.text)
    RCC_LSEConfig                            0x08003087   Thumb Code    50  stm32f10x_rcc.o(.text)
    RCC_LSICmd                               0x080030b9   Thumb Code     6  stm32f10x_rcc.o(.text)
    RCC_RTCCLKConfig                         0x080030bf   Thumb Code    12  stm32f10x_rcc.o(.text)
    RCC_RTCCLKCmd                            0x080030cb   Thumb Code     8  stm32f10x_rcc.o(.text)
    RCC_GetClocksFreq                        0x080030d3   Thumb Code   192  stm32f10x_rcc.o(.text)
    RCC_AHBPeriphClockCmd                    0x08003193   Thumb Code    26  stm32f10x_rcc.o(.text)
    RCC_APB2PeriphClockCmd                   0x080031ad   Thumb Code    26  stm32f10x_rcc.o(.text)
    RCC_APB1PeriphClockCmd                   0x080031c7   Thumb Code    26  stm32f10x_rcc.o(.text)
    RCC_APB2PeriphResetCmd                   0x080031e1   Thumb Code    26  stm32f10x_rcc.o(.text)
    RCC_APB1PeriphResetCmd                   0x080031fb   Thumb Code    26  stm32f10x_rcc.o(.text)
    RCC_BackupResetCmd                       0x08003215   Thumb Code     8  stm32f10x_rcc.o(.text)
    RCC_ClockSecuritySystemCmd               0x0800321d   Thumb Code     6  stm32f10x_rcc.o(.text)
    RCC_MCOConfig                            0x08003223   Thumb Code     6  stm32f10x_rcc.o(.text)
    RCC_ClearFlag                            0x08003229   Thumb Code    14  stm32f10x_rcc.o(.text)
    RCC_GetITStatus                          0x08003237   Thumb Code    20  stm32f10x_rcc.o(.text)
    RCC_ClearITPendingBit                    0x0800324b   Thumb Code     6  stm32f10x_rcc.o(.text)
    TIM_DeInit                               0x08003275   Thumb Code   424  stm32f10x_tim.o(.text)
    TIM_TimeBaseInit                         0x0800341d   Thumb Code   122  stm32f10x_tim.o(.text)
    TIM_OC1Init                              0x08003497   Thumb Code   132  stm32f10x_tim.o(.text)
    TIM_OC2Init                              0x0800351b   Thumb Code   154  stm32f10x_tim.o(.text)
    TIM_OC3Init                              0x080035b5   Thumb Code   150  stm32f10x_tim.o(.text)
    TIM_OC4Init                              0x0800364b   Thumb Code   182  stm32f10x_tim.o(.text)
    TIM_SetIC4Prescaler                      0x08003701   Thumb Code    26  stm32f10x_tim.o(.text)
    TIM_SetIC3Prescaler                      0x0800379d   Thumb Code    18  stm32f10x_tim.o(.text)
    TIM_SetIC2Prescaler                      0x08003829   Thumb Code    26  stm32f10x_tim.o(.text)
    TIM_SetIC1Prescaler                      0x080038c5   Thumb Code    18  stm32f10x_tim.o(.text)
    TIM_ICInit                               0x08003943   Thumb Code   150  stm32f10x_tim.o(.text)
    TIM_PWMIConfig                           0x080039d9   Thumb Code   124  stm32f10x_tim.o(.text)
    TIM_BDTRConfig                           0x08003a55   Thumb Code    32  stm32f10x_tim.o(.text)
    TIM_TimeBaseStructInit                   0x08003a75   Thumb Code    18  stm32f10x_tim.o(.text)
    TIM_OCStructInit                         0x08003a87   Thumb Code    20  stm32f10x_tim.o(.text)
    TIM_ICStructInit                         0x08003a9b   Thumb Code    18  stm32f10x_tim.o(.text)
    TIM_BDTRStructInit                       0x08003aad   Thumb Code    40  stm32f10x_tim.o(.text)
    TIM_Cmd                                  0x08003ad5   Thumb Code    24  stm32f10x_tim.o(.text)
    TIM_CtrlPWMOutputs                       0x08003aed   Thumb Code    30  stm32f10x_tim.o(.text)
    TIM_ITConfig                             0x08003b0b   Thumb Code    18  stm32f10x_tim.o(.text)
    TIM_GenerateEvent                        0x08003b1d   Thumb Code     4  stm32f10x_tim.o(.text)
    TIM_DMAConfig                            0x08003b21   Thumb Code    10  stm32f10x_tim.o(.text)
    TIM_DMACmd                               0x08003b2b   Thumb Code    18  stm32f10x_tim.o(.text)
    TIM_InternalClockConfig                  0x08003b3d   Thumb Code    12  stm32f10x_tim.o(.text)
    TIM_SelectInputTrigger                   0x08003b49   Thumb Code    18  stm32f10x_tim.o(.text)
    TIM_ITRxExternalClockConfig              0x08003b5b   Thumb Code    24  stm32f10x_tim.o(.text)
    TIM_TIxExternalClockConfig               0x08003b73   Thumb Code    62  stm32f10x_tim.o(.text)
    TIM_ETRConfig                            0x08003bb1   Thumb Code    28  stm32f10x_tim.o(.text)
    TIM_ETRClockMode1Config                  0x08003bcd   Thumb Code    54  stm32f10x_tim.o(.text)
    TIM_ETRClockMode2Config                  0x08003c03   Thumb Code    32  stm32f10x_tim.o(.text)
    TIM_PrescalerConfig                      0x08003c23   Thumb Code     6  stm32f10x_tim.o(.text)
    TIM_CounterModeConfig                    0x08003c29   Thumb Code    18  stm32f10x_tim.o(.text)
    TIM_EncoderInterfaceConfig               0x08003c3b   Thumb Code    66  stm32f10x_tim.o(.text)
    TIM_ForcedOC1Config                      0x08003c7d   Thumb Code    18  stm32f10x_tim.o(.text)
    TIM_ForcedOC2Config                      0x08003c8f   Thumb Code    26  stm32f10x_tim.o(.text)
    TIM_ForcedOC3Config                      0x08003ca9   Thumb Code    18  stm32f10x_tim.o(.text)
    TIM_ForcedOC4Config                      0x08003cbb   Thumb Code    26  stm32f10x_tim.o(.text)
    TIM_ARRPreloadConfig                     0x08003cd5   Thumb Code    24  stm32f10x_tim.o(.text)
    TIM_SelectCOM                            0x08003ced   Thumb Code    24  stm32f10x_tim.o(.text)
    TIM_SelectCCDMA                          0x08003d05   Thumb Code    24  stm32f10x_tim.o(.text)
    TIM_CCPreloadControl                     0x08003d1d   Thumb Code    24  stm32f10x_tim.o(.text)
    TIM_OC1PreloadConfig                     0x08003d35   Thumb Code    18  stm32f10x_tim.o(.text)
    TIM_OC2PreloadConfig                     0x08003d47   Thumb Code    26  stm32f10x_tim.o(.text)
    TIM_OC3PreloadConfig                     0x08003d61   Thumb Code    18  stm32f10x_tim.o(.text)
    TIM_OC4PreloadConfig                     0x08003d73   Thumb Code    26  stm32f10x_tim.o(.text)
    TIM_OC1FastConfig                        0x08003d8d   Thumb Code    18  stm32f10x_tim.o(.text)
    TIM_OC2FastConfig                        0x08003d9f   Thumb Code    26  stm32f10x_tim.o(.text)
    TIM_OC3FastConfig                        0x08003db9   Thumb Code    18  stm32f10x_tim.o(.text)
    TIM_OC4FastConfig                        0x08003dcb   Thumb Code    26  stm32f10x_tim.o(.text)
    TIM_ClearOC1Ref                          0x08003de5   Thumb Code    18  stm32f10x_tim.o(.text)
    TIM_ClearOC2Ref                          0x08003df7   Thumb Code    24  stm32f10x_tim.o(.text)
    TIM_ClearOC3Ref                          0x08003e0f   Thumb Code    18  stm32f10x_tim.o(.text)
    TIM_ClearOC4Ref                          0x08003e21   Thumb Code    24  stm32f10x_tim.o(.text)
    TIM_OC1PolarityConfig                    0x08003e39   Thumb Code    18  stm32f10x_tim.o(.text)
    TIM_OC1NPolarityConfig                   0x08003e4b   Thumb Code    18  stm32f10x_tim.o(.text)
    TIM_OC2PolarityConfig                    0x08003e5d   Thumb Code    26  stm32f10x_tim.o(.text)
    TIM_OC2NPolarityConfig                   0x08003e77   Thumb Code    26  stm32f10x_tim.o(.text)
    TIM_OC3PolarityConfig                    0x08003e91   Thumb Code    26  stm32f10x_tim.o(.text)
    TIM_OC3NPolarityConfig                   0x08003eab   Thumb Code    26  stm32f10x_tim.o(.text)
    TIM_OC4PolarityConfig                    0x08003ec5   Thumb Code    26  stm32f10x_tim.o(.text)
    TIM_CCxCmd                               0x08003edf   Thumb Code    30  stm32f10x_tim.o(.text)
    TIM_CCxNCmd                              0x08003efd   Thumb Code    30  stm32f10x_tim.o(.text)
    TIM_SelectOCxM                           0x08003f1b   Thumb Code    82  stm32f10x_tim.o(.text)
    TIM_UpdateDisableConfig                  0x08003f6d   Thumb Code    24  stm32f10x_tim.o(.text)
    TIM_UpdateRequestConfig                  0x08003f85   Thumb Code    24  stm32f10x_tim.o(.text)
    TIM_SelectHallSensor                     0x08003f9d   Thumb Code    24  stm32f10x_tim.o(.text)
    TIM_SelectOnePulseMode                   0x08003fb5   Thumb Code    18  stm32f10x_tim.o(.text)
    TIM_SelectOutputTrigger                  0x08003fc7   Thumb Code    18  stm32f10x_tim.o(.text)
    TIM_SelectSlaveMode                      0x08003fd9   Thumb Code    18  stm32f10x_tim.o(.text)
    TIM_SelectMasterSlaveMode                0x08003feb   Thumb Code    18  stm32f10x_tim.o(.text)
    TIM_SetCounter                           0x08003ffd   Thumb Code     4  stm32f10x_tim.o(.text)
    TIM_SetAutoreload                        0x08004001   Thumb Code     4  stm32f10x_tim.o(.text)
    TIM_SetCompare1                          0x08004005   Thumb Code     4  stm32f10x_tim.o(.text)
    TIM_SetCompare2                          0x08004009   Thumb Code     4  stm32f10x_tim.o(.text)
    TIM_SetCompare3                          0x0800400d   Thumb Code     4  stm32f10x_tim.o(.text)
    TIM_SetCompare4                          0x08004011   Thumb Code     6  stm32f10x_tim.o(.text)
    TIM_SetClockDivision                     0x08004017   Thumb Code    18  stm32f10x_tim.o(.text)
    TIM_GetCapture1                          0x08004029   Thumb Code     6  stm32f10x_tim.o(.text)
    TIM_GetCapture2                          0x0800402f   Thumb Code     6  stm32f10x_tim.o(.text)
    TIM_GetCapture3                          0x08004035   Thumb Code     6  stm32f10x_tim.o(.text)
    TIM_GetCapture4                          0x0800403b   Thumb Code     8  stm32f10x_tim.o(.text)
    TIM_GetCounter                           0x08004043   Thumb Code     6  stm32f10x_tim.o(.text)
    TIM_GetPrescaler                         0x08004049   Thumb Code     6  stm32f10x_tim.o(.text)
    TIM_GetFlagStatus                        0x0800404f   Thumb Code    18  stm32f10x_tim.o(.text)
    TIM_ClearFlag                            0x08004061   Thumb Code     6  stm32f10x_tim.o(.text)
    TIM_GetITStatus                          0x08004067   Thumb Code    34  stm32f10x_tim.o(.text)
    TIM_ClearITPendingBit                    0x08004089   Thumb Code     6  stm32f10x_tim.o(.text)
    USART_DeInit                             0x08004091   Thumb Code   134  stm32f10x_usart.o(.text)
    USART_Init                               0x08004117   Thumb Code   210  stm32f10x_usart.o(.text)
    USART_StructInit                         0x080041e9   Thumb Code    24  stm32f10x_usart.o(.text)
    USART_ClockInit                          0x08004201   Thumb Code    34  stm32f10x_usart.o(.text)
    USART_ClockStructInit                    0x08004223   Thumb Code    12  stm32f10x_usart.o(.text)
    USART_Cmd                                0x0800422f   Thumb Code    24  stm32f10x_usart.o(.text)
    USART_ITConfig                           0x08004247   Thumb Code    74  stm32f10x_usart.o(.text)
    USART_DMACmd                             0x08004291   Thumb Code    18  stm32f10x_usart.o(.text)
    USART_SetAddress                         0x080042a3   Thumb Code    18  stm32f10x_usart.o(.text)
    USART_WakeUpConfig                       0x080042b5   Thumb Code    18  stm32f10x_usart.o(.text)
    USART_ReceiverWakeUpCmd                  0x080042c7   Thumb Code    24  stm32f10x_usart.o(.text)
    USART_LINBreakDetectLengthConfig         0x080042df   Thumb Code    18  stm32f10x_usart.o(.text)
    USART_LINCmd                             0x080042f1   Thumb Code    24  stm32f10x_usart.o(.text)
    USART_SendData                           0x08004309   Thumb Code     8  stm32f10x_usart.o(.text)
    USART_ReceiveData                        0x08004311   Thumb Code    10  stm32f10x_usart.o(.text)
    USART_SendBreak                          0x0800431b   Thumb Code    10  stm32f10x_usart.o(.text)
    USART_SetGuardTime                       0x08004325   Thumb Code    16  stm32f10x_usart.o(.text)
    USART_SetPrescaler                       0x08004335   Thumb Code    16  stm32f10x_usart.o(.text)
    USART_SmartCardCmd                       0x08004345   Thumb Code    24  stm32f10x_usart.o(.text)
    USART_SmartCardNACKCmd                   0x0800435d   Thumb Code    24  stm32f10x_usart.o(.text)
    USART_HalfDuplexCmd                      0x08004375   Thumb Code    24  stm32f10x_usart.o(.text)
    USART_OverSampling8Cmd                   0x0800438d   Thumb Code    22  stm32f10x_usart.o(.text)
    USART_OneBitMethodCmd                    0x080043a3   Thumb Code    24  stm32f10x_usart.o(.text)
    USART_IrDAConfig                         0x080043bb   Thumb Code    18  stm32f10x_usart.o(.text)
    USART_IrDACmd                            0x080043cd   Thumb Code    24  stm32f10x_usart.o(.text)
    USART_GetFlagStatus                      0x080043e5   Thumb Code    26  stm32f10x_usart.o(.text)
    USART_ClearFlag                          0x080043ff   Thumb Code    18  stm32f10x_usart.o(.text)
    USART_GetITStatus                        0x08004411   Thumb Code    84  stm32f10x_usart.o(.text)
    USART_ClearITPendingBit                  0x08004465   Thumb Code    52  stm32f10x_usart.o(.text)
    BSP_CPU_ClkFreq                          0x08004499   Thumb Code    16  bsp.o(.text)
    CPU_TS_TmrInit                           0x080044a9   Thumb Code    44  bsp.o(.text)
    CPU_TS_TmrRd                             0x080044d5   Thumb Code     6  bsp.o(.text)
    CPU_TS32_to_uSec                         0x080044db   Thumb Code    54  bsp.o(.text)
    CPU_IntDisMeasStop                       0x0800451d   Thumb Code    62  cpu_core.o(.text)
    CPU_IntDisMeasStart                      0x0800455b   Thumb Code    38  cpu_core.o(.text)
    CPU_NameClr                              0x08004581   Thumb Code    50  cpu_core.o(.text)
    CPU_Init                                 0x08004631   Thumb Code    16  cpu_core.o(.text)
    CPU_SW_Exception                         0x08004641   Thumb Code     4  cpu_core.o(.text)
    CPU_NameGet                              0x08004645   Thumb Code    78  cpu_core.o(.text)
    CPU_NameSet                              0x08004693   Thumb Code   104  cpu_core.o(.text)
    CPU_TS_Get32                             0x080046fb   Thumb Code    12  cpu_core.o(.text)
    CPU_TS_Update                            0x08004707   Thumb Code     2  cpu_core.o(.text)
    CPU_TS_TmrFreqGet                        0x08004709   Thumb Code    30  cpu_core.o(.text)
    CPU_TS_TmrFreqSet                        0x08004727   Thumb Code     6  cpu_core.o(.text)
    CPU_IntDisMeasMaxCurGet                  0x08004745   Thumb Code    40  cpu_core.o(.text)
    CPU_IntDisMeasMaxCurReset                0x0800476d   Thumb Code    40  cpu_core.o(.text)
    CPU_IntDisMeasMaxGet                     0x08004795   Thumb Code    40  cpu_core.o(.text)
    CPU_CntLeadZeros08                       0x080047bd   Thumb Code    18  cpu_core.o(.text)
    CPU_CntLeadZeros16                       0x080047cf   Thumb Code    18  cpu_core.o(.text)
    CPU_CntLeadZeros32                       0x080047e1   Thumb Code    18  cpu_core.o(.text)
    CPU_CntLeadZeros64                       0x080047f3   Thumb Code   188  cpu_core.o(.text)
    CPU_CntTrailZeros08                      0x080048af   Thumb Code    22  cpu_core.o(.text)
    CPU_CntTrailZeros16                      0x080048c5   Thumb Code    22  cpu_core.o(.text)
    CPU_CntTrailZeros32                      0x080048db   Thumb Code    22  cpu_core.o(.text)
    CPU_CntTrailZeros64                      0x080048f1   Thumb Code   104  cpu_core.o(.text)
    CPU_IntDis                               0x08004959   Thumb Code     0  cpu_a.o(.text)
    CPU_IntEn                                0x0800495d   Thumb Code     0  cpu_a.o(.text)
    CPU_SR_Save                              0x08004961   Thumb Code     0  cpu_a.o(.text)
    CPU_SR_Restore                           0x08004969   Thumb Code     0  cpu_a.o(.text)
    CPU_WaitForInt                           0x0800496f   Thumb Code     0  cpu_a.o(.text)
    CPU_WaitForExcept                        0x08004973   Thumb Code     0  cpu_a.o(.text)
    CPU_CntLeadZeros                         0x08004977   Thumb Code     0  cpu_a.o(.text)
    CPU_CntTrailZeros                        0x0800497d   Thumb Code     0  cpu_a.o(.text)
    CPU_RevBits                              0x08004987   Thumb Code     0  cpu_a.o(.text)
    ASCII_IsAlpha                            0x0800498d   Thumb Code    48  lib_ascii.o(.text)
    ASCII_IsAlphaNum                         0x080049bd   Thumb Code    76  lib_ascii.o(.text)
    ASCII_IsLower                            0x08004a09   Thumb Code    20  lib_ascii.o(.text)
    ASCII_IsUpper                            0x08004a1d   Thumb Code    20  lib_ascii.o(.text)
    ASCII_IsDig                              0x08004a31   Thumb Code    20  lib_ascii.o(.text)
    ASCII_IsDigOct                           0x08004a45   Thumb Code    20  lib_ascii.o(.text)
    ASCII_IsDigHex                           0x08004a59   Thumb Code    36  lib_ascii.o(.text)
    ASCII_IsBlank                            0x08004a7d   Thumb Code    20  lib_ascii.o(.text)
    ASCII_IsSpace                            0x08004a91   Thumb Code    36  lib_ascii.o(.text)
    ASCII_IsPrint                            0x08004ab5   Thumb Code    20  lib_ascii.o(.text)
    ASCII_IsGraph                            0x08004ac9   Thumb Code    20  lib_ascii.o(.text)
    ASCII_IsPunct                            0x08004add   Thumb Code   134  lib_ascii.o(.text)
    ASCII_IsCtrl                             0x08004b63   Thumb Code    26  lib_ascii.o(.text)
    ASCII_ToLower                            0x08004b7d   Thumb Code    32  lib_ascii.o(.text)
    ASCII_ToUpper                            0x08004b9d   Thumb Code    32  lib_ascii.o(.text)
    ASCII_Cmp                                0x08004bbd   Thumb Code    38  lib_ascii.o(.text)
    Mem_Init                                 0x08004be5   Thumb Code    54  lib_mem.o(.text)
    Mem_Set                                  0x08004c1b   Thumb Code    98  lib_mem.o(.text)
    Mem_Clr                                  0x08004c7d   Thumb Code    18  lib_mem.o(.text)
    Mem_Move                                 0x08004c8f   Thumb Code   204  lib_mem.o(.text)
    Mem_Cmp                                  0x08004d5b   Thumb Code   192  lib_mem.o(.text)
    Mem_HeapAlloc                            0x08004f0f   Thumb Code   274  lib_mem.o(.text)
    Mem_SegGetSizeRem                        0x08005021   Thumb Code   226  lib_mem.o(.text)
    Mem_HeapGetSizeRem                       0x08005103   Thumb Code    22  lib_mem.o(.text)
    Mem_PoolClr                              0x08005119   Thumb Code    78  lib_mem.o(.text)
    Mem_PoolCreate                           0x08005167   Thumb Code  1132  lib_mem.o(.text)
    Mem_PoolBlkGetNbrAvail                   0x080055d3   Thumb Code   140  lib_mem.o(.text)
    Mem_PoolBlkGet                           0x0800565f   Thumb Code   248  lib_mem.o(.text)
    Mem_PoolBlkGetUsedAtIx                   0x08005757   Thumb Code   236  lib_mem.o(.text)
    Mem_PoolBlkFree                          0x080058a9   Thumb Code   366  lib_mem.o(.text)
    Mem_PoolBlkIxGet                         0x08005a17   Thumb Code   342  lib_mem.o(.text)
    Str_Len_N                                0x08005b71   Thumb Code    28  lib_str.o(.text)
    Str_Len                                  0x08005b8d   Thumb Code    20  lib_str.o(.text)
    Str_Copy_N                               0x08005ba1   Thumb Code    70  lib_str.o(.text)
    Str_Copy                                 0x08005be7   Thumb Code    24  lib_str.o(.text)
    Str_Cat_N                                0x08005bff   Thumb Code    90  lib_str.o(.text)
    Str_Cat                                  0x08005c59   Thumb Code    24  lib_str.o(.text)
    Str_Cmp_N                                0x08005c71   Thumb Code   156  lib_str.o(.text)
    Str_Cmp                                  0x08005d0d   Thumb Code    24  lib_str.o(.text)
    Str_CmpIgnoreCase_N                      0x08005d25   Thumb Code   264  lib_str.o(.text)
    Str_CmpIgnoreCase                        0x08005e2d   Thumb Code    24  lib_str.o(.text)
    Str_Char_N                               0x08005e45   Thumb Code    74  lib_str.o(.text)
    Str_Char                                 0x08005e8f   Thumb Code    24  lib_str.o(.text)
    Str_Char_Last_N                          0x08005ea7   Thumb Code    76  lib_str.o(.text)
    Str_Char_Last                            0x08005ef3   Thumb Code    24  lib_str.o(.text)
    Str_Char_Replace_N                       0x08005f0b   Thumb Code    52  lib_str.o(.text)
    Str_Char_Replace                         0x08005f3f   Thumb Code    28  lib_str.o(.text)
    Str_Str_N                                0x08005f5b   Thumb Code   182  lib_str.o(.text)
    Str_Str                                  0x08006011   Thumb Code    24  lib_str.o(.text)
    Str_FmtNbr_Int32U                        0x08006203   Thumb Code    46  lib_str.o(.text)
    Str_FmtNbr_Int32S                        0x08006231   Thumb Code    62  lib_str.o(.text)
    Str_ParseNbr_Int32U                      0x0800642d   Thumb Code    30  lib_str.o(.text)
    Str_ParseNbr_Int32S                      0x0800644b   Thumb Code    74  lib_str.o(.text)
    Mem_Copy                                 0x08006499   Thumb Code     0  lib_mem_a.o(.text)
    OSCfg_Init                               0x080066b9   Thumb Code     2  os_cfg_app.o(.text)
    OS_IdleTask                              0x080066bd   Thumb Code    68  os_core.o(.text)
    OS_IdleTaskInit                          0x08006701   Thumb Code    68  os_core.o(.text)
    OS_RdyListInit                           0x08006745   Thumb Code    32  os_core.o(.text)
    OSInit                                   0x08006765   Thumb Code   300  os_core.o(.text)
    OSIntEnter                               0x08006891   Thumb Code    34  os_core.o(.text)
    OSIntExit                                0x080068b3   Thumb Code   192  os_core.o(.text)
    OSSched                                  0x08006973   Thumb Code   134  os_core.o(.text)
    OS_SchedLockTimeMeasStart                0x080069f9   Thumb Code    20  os_core.o(.text)
    OSSchedLock                              0x08006a0d   Thumb Code   112  os_core.o(.text)
    OS_SchedLockTimeMeasStop                 0x08006a7d   Thumb Code    44  os_core.o(.text)
    OSSchedUnlock                            0x08006aa9   Thumb Code   302  os_core.o(.text)
    OSSchedRoundRobinCfg                     0x08006bd7   Thumb Code    96  os_core.o(.text)
    OS_RdyListMoveHeadToTail                 0x08006c37   Thumb Code    68  os_core.o(.text)
    OSSchedRoundRobinYield                   0x08006c7b   Thumb Code   176  os_core.o(.text)
    OSStart                                  0x08006d2b   Thumb Code    78  os_core.o(.text)
    OSVersion                                0x08006d79   Thumb Code    12  os_core.o(.text)
    OS_PendDbgNameAdd                        0x08006d85   Thumb Code    66  os_core.o(.text)
    OS_PendListInsertPrio                    0x08006dc7   Thumb Code   102  os_core.o(.text)
    OS_PendDataInit                          0x08006e2d   Thumb Code    38  os_core.o(.text)
    OS_RdyListRemove                         0x08006e53   Thumb Code    86  os_core.o(.text)
    OS_TaskBlock                             0x08006ea9   Thumb Code    56  os_core.o(.text)
    OS_Pend                                  0x08006ee1   Thumb Code   168  os_core.o(.text)
    OS_PendListRemove1                       0x08006f89   Thumb Code    66  os_core.o(.text)
    OS_PendListRemove                        0x08006fcb   Thumb Code    48  os_core.o(.text)
    OS_PendAbort1                            0x08006ffb   Thumb Code    36  os_core.o(.text)
    OS_RdyListInsertHead                     0x0800701f   Thumb Code    58  os_core.o(.text)
    OS_RdyListInsertTail                     0x08007059   Thumb Code    56  os_core.o(.text)
    OS_RdyListInsert                         0x08007091   Thumb Code    40  os_core.o(.text)
    OS_TaskRdy                               0x080070b9   Thumb Code    28  os_core.o(.text)
    OS_PendAbort                             0x080070d5   Thumb Code   166  os_core.o(.text)
    OS_PendDbgNameRemove                     0x0800717b   Thumb Code    34  os_core.o(.text)
    OS_PendListChangePrio                    0x0800719d   Thumb Code    70  os_core.o(.text)
    OS_PendListInit                          0x080071e3   Thumb Code    10  os_core.o(.text)
    OS_PendListInsertHead                    0x080071ed   Thumb Code    32  os_core.o(.text)
    OS_PendObjDel1                           0x0800720d   Thumb Code    36  os_core.o(.text)
    OS_PendObjDel                            0x08007231   Thumb Code   162  os_core.o(.text)
    OS_Post1                                 0x080072d3   Thumb Code    42  os_core.o(.text)
    OS_Post                                  0x080072fd   Thumb Code   192  os_core.o(.text)
    OS_Sched0                                0x080073bd   Thumb Code   100  os_core.o(.text)
    OS_SchedRoundRobin                       0x08007421   Thumb Code   218  os_core.o(.text)
    OS_Dbg_Init                              0x0800750d   Thumb Code   150  os_dbg.o(.text)
    OS_FlagDbgListAdd                        0x080076c1   Thumb Code    38  os_flag.o(.text)
    OSFlagCreate                             0x080076e7   Thumb Code   210  os_flag.o(.text)
    OS_FlagClr                               0x080077b9   Thumb Code    28  os_flag.o(.text)
    OS_FlagDbgListRemove                     0x080077d5   Thumb Code    44  os_flag.o(.text)
    OSFlagDel                                0x08007801   Thumb Code   732  os_flag.o(.text)
    OS_FlagBlock                             0x08007add   Thumb Code    58  os_flag.o(.text)
    OSFlagPend                               0x08007b17   Thumb Code  1670  os_flag.o(.text)
    OSFlagPendAbort                          0x0800819d   Thumb Code   334  os_flag.o(.text)
    OSFlagPendGetFlagsRdy                    0x080082eb   Thumb Code    94  os_flag.o(.text)
    OS_FlagTaskRdy                           0x08008349   Thumb Code    86  os_flag.o(.text)
    OS_FlagPost                              0x0800839f   Thumb Code   626  os_flag.o(.text)
    OSFlagPost                               0x08008611   Thumb Code   146  os_flag.o(.text)
    OS_FlagInit                              0x080086a3   Thumb Code    14  os_flag.o(.text)
    OS_IntQPost                              0x080086cd   Thumb Code   224  os_int.o(.text)
    OS_IntQRePost                            0x080087ad   Thumb Code   360  os_int.o(.text)
    OS_IntQTask                              0x08008915   Thumb Code   182  os_int.o(.text)
    OS_IntQTaskInit                          0x080089cb   Thumb Code   208  os_int.o(.text)
    OS_MemDbgListAdd                         0x08008b2d   Thumb Code    34  os_mem.o(.text)
    OSMemCreate                              0x08008b4f   Thumb Code   326  os_mem.o(.text)
    OSMemGet                                 0x08008c95   Thumb Code   112  os_mem.o(.text)
    OSMemPut                                 0x08008d05   Thumb Code   124  os_mem.o(.text)
    OS_MemInit                               0x08008d81   Thumb Code    14  os_mem.o(.text)
    OS_MsgPoolInit                           0x08008da5   Thumb Code   110  os_msg.o(.text)
    OS_MsgQFreeAll                           0x08008e13   Thumb Code    62  os_msg.o(.text)
    OS_MsgQInit                              0x08008e51   Thumb Code    14  os_msg.o(.text)
    OS_MsgQGet                               0x08008e5f   Thumb Code    98  os_msg.o(.text)
    OS_MsgQPut                               0x08008ec1   Thumb Code   254  os_msg.o(.text)
    OS_MutexDbgListAdd                       0x08008fcd   Thumb Code    38  os_mutex.o(.text)
    OSMutexCreate                            0x08008ff3   Thumb Code   216  os_mutex.o(.text)
    OS_MutexClr                              0x080090cb   Thumb Code    38  os_mutex.o(.text)
    OS_MutexDbgListRemove                    0x080090f1   Thumb Code    44  os_mutex.o(.text)
    OSMutexDel                               0x0800911d   Thumb Code   960  os_mutex.o(.text)
    OSMutexPend                              0x080094dd   Thumb Code   812  os_mutex.o(.text)
    OSMutexPendAbort                         0x08009809   Thumb Code   334  os_mutex.o(.text)
    OSMutexPost                              0x08009957   Thumb Code   646  os_mutex.o(.text)
    OS_MutexInit                             0x08009bdd   Thumb Code    14  os_mutex.o(.text)
    OS_PrioInit                              0x08009c0d   Thumb Code    20  os_prio.o(.text)
    OS_PrioGetHighest                        0x08009c21   Thumb Code    36  os_prio.o(.text)
    OS_PrioInsert                            0x08009c45   Thumb Code    32  os_prio.o(.text)
    OS_PrioRemove                            0x08009c65   Thumb Code    32  os_prio.o(.text)
    OS_QDbgListAdd                           0x08009c89   Thumb Code    38  os_q.o(.text)
    OSQCreate                                0x08009caf   Thumb Code   224  os_q.o(.text)
    OS_QClr                                  0x08009d8f   Thumb Code    40  os_q.o(.text)
    OS_QDbgListRemove                        0x08009db7   Thumb Code    44  os_q.o(.text)
    OSQDel                                   0x08009de3   Thumb Code   414  os_q.o(.text)
    OSQFlush                                 0x08009f81   Thumb Code   288  os_q.o(.text)
    OSQPend                                  0x0800a0a1   Thumb Code   560  os_q.o(.text)
    OSQPendAbort                             0x0800a2d1   Thumb Code   334  os_q.o(.text)
    OS_QPost                                 0x0800a41f   Thumb Code   402  os_q.o(.text)
    OSQPost                                  0x0800a5b1   Thumb Code   176  os_q.o(.text)
    OS_QInit                                 0x0800a661   Thumb Code    14  os_q.o(.text)
    OS_SemDbgListAdd                         0x0800a689   Thumb Code    38  os_sem.o(.text)
    OSSemCreate                              0x0800a6af   Thumb Code   210  os_sem.o(.text)
    OS_SemClr                                0x0800a781   Thumb Code    28  os_sem.o(.text)
    OS_SemDbgListRemove                      0x0800a79d   Thumb Code    44  os_sem.o(.text)
    OSSemDel                                 0x0800a7c9   Thumb Code   414  os_sem.o(.text)
    OSSemPend                                0x0800a967   Thumb Code   562  os_sem.o(.text)
    OSSemPendAbort                           0x0800ab99   Thumb Code   334  os_sem.o(.text)
    OS_SemPost                               0x0800ace7   Thumb Code   404  os_sem.o(.text)
    OSSemPost                                0x0800ae7b   Thumb Code   162  os_sem.o(.text)
    OSSemSet                                 0x0800af1d   Thumb Code   128  os_sem.o(.text)
    OS_SemInit                               0x0800af9d   Thumb Code    14  os_sem.o(.text)
    OSStatReset                              0x0800afbd   Thumb Code   316  os_stat.o(.text)
    OSStatTaskCPUUsageInit                   0x0800b0f9   Thumb Code   228  os_stat.o(.text)
    OS_StatTask                              0x0800b1dd   Thumb Code   984  os_stat.o(.text)
    OS_StatTaskInit                          0x0800b5b5   Thumb Code   138  os_stat.o(.text)
    OSTaskChangePrio                         0x0800b699   Thumb Code   482  os_task.o(.text)
    OS_TaskDbgListAdd                        0x0800b87b   Thumb Code    42  os_task.o(.text)
    OS_TaskInitTCB                           0x0800b8a5   Thumb Code   194  os_task.o(.text)
    OSTaskCreate                             0x0800b967   Thumb Code   674  os_task.o(.text)
    OS_TaskDbgListRemove                     0x0800bc09   Thumb Code    64  os_task.o(.text)
    OSTaskDel                                0x0800bc49   Thumb Code   490  os_task.o(.text)
    OSTaskQFlush                             0x0800be33   Thumb Code   302  os_task.o(.text)
    OSTaskQPend                              0x0800bf61   Thumb Code   572  os_task.o(.text)
    OSTaskQPendAbort                         0x0800c19d   Thumb Code   288  os_task.o(.text)
    OS_TaskQPost                             0x0800c2bd   Thumb Code   624  os_task.o(.text)
    OSTaskQPost                              0x0800c52d   Thumb Code   114  os_task.o(.text)
    OSTaskRegGet                             0x0800c59f   Thumb Code    86  os_task.o(.text)
    OSTaskRegGetID                           0x0800c5f5   Thumb Code    96  os_task.o(.text)
    OSTaskRegSet                             0x0800c655   Thumb Code    86  os_task.o(.text)
    OS_TaskResume                            0x0800c6ab   Thumb Code   398  os_task.o(.text)
    OSTaskResume                             0x0800c839   Thumb Code   124  os_task.o(.text)
    OSTaskSemPend                            0x0800c8b5   Thumb Code   578  os_task.o(.text)
    OSTaskSemPendAbort                       0x0800caf7   Thumb Code   342  os_task.o(.text)
    OS_TaskSemPost                           0x0800cc4d   Thumb Code  1438  os_task.o(.text)
    OSTaskSemPost                            0x0800d1eb   Thumb Code    98  os_task.o(.text)
    OSTaskSemSet                             0x0800d24d   Thumb Code    88  os_task.o(.text)
    OSTaskStkChk                             0x0800d2a5   Thumb Code   220  os_task.o(.text)
    OS_TaskSuspend                           0x0800d381   Thumb Code   414  os_task.o(.text)
    OSTaskSuspend                            0x0800d51f   Thumb Code    78  os_task.o(.text)
    OSTaskTimeQuantaSet                      0x0800d56d   Thumb Code   104  os_task.o(.text)
    OS_TaskInit                              0x0800d5d5   Thumb Code    18  os_task.o(.text)
    OS_TaskReturn                            0x0800d5e7   Thumb Code    20  os_task.o(.text)
    OS_TickListRemove                        0x0800d621   Thumb Code    56  os_tick.o(.text)
    OS_TickListUpdate                        0x0800d659   Thumb Code   520  os_tick.o(.text)
    OS_TickTask                              0x0800d861   Thumb Code    38  os_tick.o(.text)
    OS_TickListInit                          0x0800d887   Thumb Code    32  os_tick.o(.text)
    OS_TickTaskInit                          0x0800d8a7   Thumb Code   130  os_tick.o(.text)
    OS_TickListInsert                        0x0800d929   Thumb Code   502  os_tick.o(.text)
    OS_TickListResetPeak                     0x0800db1f   Thumb Code    28  os_tick.o(.text)
    OSTimeDly                                0x0800db45   Thumb Code   322  os_time.o(.text)
    OSTimeDlyHMSM                            0x0800dc87   Thumb Code   538  os_time.o(.text)
    OSTimeDlyResume                          0x0800dea1   Thumb Code   570  os_time.o(.text)
    OSTimeGet                                0x0800e0db   Thumb Code    54  os_time.o(.text)
    OSTimeSet                                0x0800e111   Thumb Code    54  os_time.o(.text)
    OSTimeTick                               0x0800e147   Thumb Code    54  os_time.o(.text)
    OS_TmrDbgListAdd                         0x0800e191   Thumb Code    34  os_tmr.o(.text)
    OSTmrCreate                              0x0800e1b3   Thumb Code   286  os_tmr.o(.text)
    OS_TmrClr                                0x0800e2d1   Thumb Code    36  os_tmr.o(.text)
    OS_TmrUnlink                             0x0800e2f5   Thumb Code    72  os_tmr.o(.text)
    OS_TmrDbgListRemove                      0x0800e33d   Thumb Code    44  os_tmr.o(.text)
    OSTmrDel                                 0x0800e369   Thumb Code   182  os_tmr.o(.text)
    OSTmrRemainGet                           0x0800e41f   Thumb Code   188  os_tmr.o(.text)
    OS_TmrLink                               0x0800e4db   Thumb Code   242  os_tmr.o(.text)
    OSTmrStart                               0x0800e5cd   Thumb Code   170  os_tmr.o(.text)
    OSTmrStateGet                            0x0800e677   Thumb Code   142  os_tmr.o(.text)
    OSTmrStop                                0x0800e705   Thumb Code   246  os_tmr.o(.text)
    OS_TmrTask                               0x0800e7fb   Thumb Code   176  os_tmr.o(.text)
    OS_TmrInit                               0x0800e8ab   Thumb Code   208  os_tmr.o(.text)
    OS_TmrResetPeak                          0x0800e97b   Thumb Code    28  os_tmr.o(.text)
    OSIdleTaskHook                           0x0800e9f5   Thumb Code    16  os_cpu_c.o(.text)
    OSInitHook                               0x0800ea05   Thumb Code    42  os_cpu_c.o(.text)
    OSStatTaskHook                           0x0800ea2f   Thumb Code    16  os_cpu_c.o(.text)
    OSTaskCreateHook                         0x0800ea3f   Thumb Code    20  os_cpu_c.o(.text)
    OSTaskDelHook                            0x0800ea53   Thumb Code    20  os_cpu_c.o(.text)
    OSTaskReturnHook                         0x0800ea67   Thumb Code    20  os_cpu_c.o(.text)
    OSTaskStkInit                            0x0800ea7b   Thumb Code   188  os_cpu_c.o(.text)
    OSTaskSwHook                             0x0800eb37   Thumb Code   146  os_cpu_c.o(.text)
    OSTimeTickHook                           0x0800ebc9   Thumb Code    16  os_cpu_c.o(.text)
    OS_CPU_SysTickHandler                    0x0800ebd9   Thumb Code    60  os_cpu_c.o(.text)
    OS_CPU_SysTickInit                       0x0800ec15   Thumb Code    44  os_cpu_c.o(.text)
    delay_osschedlock                        0x0800ec81   Thumb Code    10  delay.o(.text)
    delay_osschedunlock                      0x0800ec8b   Thumb Code    10  delay.o(.text)
    delay_ostimedly                          0x0800ec95   Thumb Code    16  delay.o(.text)
    SysTick_Handler                          0x0800eca5   Thumb Code    24  delay.o(.text)
    delay_init                               0x0800ecbd   Thumb Code    92  delay.o(.text)
    delay_us                                 0x0800ed19   Thumb Code    86  delay.o(.text)
    delay_ms                                 0x0800ed6f   Thumb Code    66  delay.o(.text)
    __aeabi_uldivmod                         0x0800edcd   Thumb Code    98  uldiv.o(.text)
    __aeabi_memcpy                           0x0800ee2f   Thumb Code    36  memcpya.o(.text)
    __aeabi_memcpy4                          0x0800ee2f   Thumb Code     0  memcpya.o(.text)
    __aeabi_memcpy8                          0x0800ee2f   Thumb Code     0  memcpya.o(.text)
    __aeabi_memset                           0x0800ee53   Thumb Code    14  memseta.o(.text)
    __aeabi_memset4                          0x0800ee53   Thumb Code     0  memseta.o(.text)
    __aeabi_memset8                          0x0800ee53   Thumb Code     0  memseta.o(.text)
    __aeabi_memclr                           0x0800ee61   Thumb Code     4  memseta.o(.text)
    __aeabi_memclr4                          0x0800ee61   Thumb Code     0  memseta.o(.text)
    __aeabi_memclr8                          0x0800ee61   Thumb Code     0  memseta.o(.text)
    _memset$wrapper                          0x0800ee65   Thumb Code    18  memseta.o(.text)
    strlen                                   0x0800ee77   Thumb Code    14  strlen.o(.text)
    __aeabi_fadd                             0x0800ee85   Thumb Code   164  fadd.o(.text)
    __aeabi_fsub                             0x0800ef29   Thumb Code     6  fadd.o(.text)
    __aeabi_frsub                            0x0800ef2f   Thumb Code     6  fadd.o(.text)
    __aeabi_fmul                             0x0800ef35   Thumb Code   100  fmul.o(.text)
    __aeabi_fdiv                             0x0800ef99   Thumb Code   124  fdiv.o(.text)
    __aeabi_i2f                              0x0800f015   Thumb Code    18  fflti.o(.text)
    __aeabi_ui2f                             0x0800f027   Thumb Code    10  ffltui.o(.text)
    __aeabi_f2uiz                            0x0800f031   Thumb Code    40  ffixui.o(.text)
    __aeabi_cfcmpeq                          0x0800f059   Thumb Code     0  cfcmple.o(.text)
    __aeabi_cfcmple                          0x0800f059   Thumb Code    20  cfcmple.o(.text)
    __aeabi_uidiv                            0x0800f06d   Thumb Code     0  uidiv.o(.text)
    __aeabi_uidivmod                         0x0800f06d   Thumb Code    44  uidiv.o(.text)
    __aeabi_llsl                             0x0800f099   Thumb Code    30  llshl.o(.text)
    _ll_shift_l                              0x0800f099   Thumb Code     0  llshl.o(.text)
    __aeabi_llsr                             0x0800f0b7   Thumb Code    32  llushr.o(.text)
    _ll_ushift_r                             0x0800f0b7   Thumb Code     0  llushr.o(.text)
    __I$use$fp                               0x0800f0d7   Thumb Code     0  iusefp.o(.text)
    _float_round                             0x0800f0d7   Thumb Code    18  fepilogue.o(.text)
    _float_epilogue                          0x0800f0e9   Thumb Code    92  fepilogue.o(.text)
    __scatterload                            0x0800f145   Thumb Code    28  init.o(.text)
    __scatterload_rt2                        0x0800f145   Thumb Code     0  init.o(.text)
    __decompress                             0x0800f169   Thumb Code     0  __dczerorl2.o(.text)
    __decompress1                            0x0800f169   Thumb Code    86  __dczerorl2.o(.text)
    OSStartHighRdy                           0x0800f1c1   Thumb Code     0  os_cpu_a.o(CODE)
    PendSV_Handler                           0x0800f1f7   Thumb Code     0  os_cpu_a.o(CODE)
    __0sprintf$6                             0x0800f259   Thumb Code    34  printf6.o(i.__0sprintf$6)
    __1sprintf$6                             0x0800f259   Thumb Code     0  printf6.o(i.__0sprintf$6)
    __2sprintf                               0x0800f259   Thumb Code     0  printf6.o(i.__0sprintf$6)
    __scatterload_copy                       0x0800f281   Thumb Code    14  handlers.o(i.__scatterload_copy)
    __scatterload_null                       0x0800f28f   Thumb Code     2  handlers.o(i.__scatterload_null)
    __scatterload_zeroinit                   0x0800f291   Thumb Code    14  handlers.o(i.__scatterload_zeroinit)
    CMD_Head                                 0x0800f5ec   Data           8  taskapp.o(.constdata)
    ucCMD_Table                              0x0800f5f4   Data         312  it8512b.o(.constdata)
    ucRespondCMD                             0x0800f72c   Data          26  it8512b.o(.constdata)
    OSCfg_IdleTaskStkBasePtr                 0x0800f8dc   Data           4  os_cfg_app.o(.constdata)
    OSCfg_IdleTaskStkLimit                   0x0800f8e0   Data           4  os_cfg_app.o(.constdata)
    OSCfg_IdleTaskStkSize                    0x0800f8e4   Data           4  os_cfg_app.o(.constdata)
    OSCfg_IdleTaskStkSizeRAM                 0x0800f8e8   Data           4  os_cfg_app.o(.constdata)
    OSCfg_IntQBasePtr                        0x0800f8ec   Data           4  os_cfg_app.o(.constdata)
    OSCfg_IntQSize                           0x0800f8f0   Data           2  os_cfg_app.o(.constdata)
    OSCfg_IntQSizeRAM                        0x0800f8f4   Data           4  os_cfg_app.o(.constdata)
    OSCfg_IntQTaskStkBasePtr                 0x0800f8f8   Data           4  os_cfg_app.o(.constdata)
    OSCfg_IntQTaskStkLimit                   0x0800f8fc   Data           4  os_cfg_app.o(.constdata)
    OSCfg_IntQTaskStkSize                    0x0800f900   Data           4  os_cfg_app.o(.constdata)
    OSCfg_IntQTaskStkSizeRAM                 0x0800f904   Data           4  os_cfg_app.o(.constdata)
    OSCfg_ISRStkBasePtr                      0x0800f908   Data           4  os_cfg_app.o(.constdata)
    OSCfg_ISRStkSize                         0x0800f90c   Data           4  os_cfg_app.o(.constdata)
    OSCfg_ISRStkSizeRAM                      0x0800f910   Data           4  os_cfg_app.o(.constdata)
    OSCfg_MsgPoolSize                        0x0800f914   Data           2  os_cfg_app.o(.constdata)
    OSCfg_MsgPoolSizeRAM                     0x0800f918   Data           4  os_cfg_app.o(.constdata)
    OSCfg_MsgPoolBasePtr                     0x0800f91c   Data           4  os_cfg_app.o(.constdata)
    OSCfg_StatTaskPrio                       0x0800f920   Data           1  os_cfg_app.o(.constdata)
    OSCfg_StatTaskRate_Hz                    0x0800f924   Data           4  os_cfg_app.o(.constdata)
    OSCfg_StatTaskStkBasePtr                 0x0800f928   Data           4  os_cfg_app.o(.constdata)
    OSCfg_StatTaskStkLimit                   0x0800f92c   Data           4  os_cfg_app.o(.constdata)
    OSCfg_StatTaskStkSize                    0x0800f930   Data           4  os_cfg_app.o(.constdata)
    OSCfg_StatTaskStkSizeRAM                 0x0800f934   Data           4  os_cfg_app.o(.constdata)
    OSCfg_StkSizeMin                         0x0800f938   Data           4  os_cfg_app.o(.constdata)
    OSCfg_TickRate_Hz                        0x0800f93c   Data           4  os_cfg_app.o(.constdata)
    OSCfg_TickTaskPrio                       0x0800f940   Data           1  os_cfg_app.o(.constdata)
    OSCfg_TickTaskStkBasePtr                 0x0800f944   Data           4  os_cfg_app.o(.constdata)
    OSCfg_TickTaskStkLimit                   0x0800f948   Data           4  os_cfg_app.o(.constdata)
    OSCfg_TickTaskStkSize                    0x0800f94c   Data           4  os_cfg_app.o(.constdata)
    OSCfg_TickTaskStkSizeRAM                 0x0800f950   Data           4  os_cfg_app.o(.constdata)
    OSCfg_TickWheelSize                      0x0800f954   Data           2  os_cfg_app.o(.constdata)
    OSCfg_TickWheelSizeRAM                   0x0800f958   Data           4  os_cfg_app.o(.constdata)
    OSCfg_TmrTaskPrio                        0x0800f95c   Data           1  os_cfg_app.o(.constdata)
    OSCfg_TmrTaskRate_Hz                     0x0800f960   Data           4  os_cfg_app.o(.constdata)
    OSCfg_TmrTaskStkBasePtr                  0x0800f964   Data           4  os_cfg_app.o(.constdata)
    OSCfg_TmrTaskStkLimit                    0x0800f968   Data           4  os_cfg_app.o(.constdata)
    OSCfg_TmrTaskStkSize                     0x0800f96c   Data           4  os_cfg_app.o(.constdata)
    OSCfg_TmrTaskStkSizeRAM                  0x0800f970   Data           4  os_cfg_app.o(.constdata)
    OSCfg_TmrWheelSize                       0x0800f974   Data           2  os_cfg_app.o(.constdata)
    OSCfg_TmrWheelSizeRAM                    0x0800f978   Data           4  os_cfg_app.o(.constdata)
    OSCfg_DataSizeRAM                        0x0800f97c   Data           4  os_cfg_app.o(.constdata)
    OSDbg_DbgEn                              0x0800f980   Data           1  os_dbg.o(.constdata)
    OSDbg_ArgChkEn                           0x0800f981   Data           1  os_dbg.o(.constdata)
    OSDbg_AppHooksEn                         0x0800f982   Data           1  os_dbg.o(.constdata)
    OSDbg_EndiannessTest                     0x0800f984   Data           4  os_dbg.o(.constdata)
    OSDbg_CalledFromISRChkEn                 0x0800f988   Data           1  os_dbg.o(.constdata)
    OSDbg_FlagEn                             0x0800f989   Data           1  os_dbg.o(.constdata)
    OSDbg_FlagGrp                            0x0800f98c   Data          40  os_dbg.o(.constdata)
    OSDbg_FlagDelEn                          0x0800f9b4   Data           1  os_dbg.o(.constdata)
    OSDbg_FlagModeClrEn                      0x0800f9b5   Data           1  os_dbg.o(.constdata)
    OSDbg_FlagPendAbortEn                    0x0800f9b6   Data           1  os_dbg.o(.constdata)
    OSDbg_FlagGrpSize                        0x0800f9b8   Data           2  os_dbg.o(.constdata)
    OSDbg_FlagWidth                          0x0800f9ba   Data           2  os_dbg.o(.constdata)
    OSDbg_IntQ                               0x0800f9bc   Data           2  os_dbg.o(.constdata)
    OSDbg_ISRPostDeferredEn                  0x0800f9be   Data           1  os_dbg.o(.constdata)
    OSDbg_Mem                                0x0800f9c0   Data          32  os_dbg.o(.constdata)
    OSDbg_MemEn                              0x0800f9e0   Data           1  os_dbg.o(.constdata)
    OSDbg_MemSize                            0x0800f9e2   Data           2  os_dbg.o(.constdata)
    OSDbg_MsgEn                              0x0800f9e4   Data           1  os_dbg.o(.constdata)
    OSDbg_MsgSize                            0x0800f9e6   Data           2  os_dbg.o(.constdata)
    OSDbg_MsgPoolSize                        0x0800f9e8   Data           2  os_dbg.o(.constdata)
    OSDbg_MsgQSize                           0x0800f9ea   Data           2  os_dbg.o(.constdata)
    OSDbg_Mutex                              0x0800f9ec   Data          44  os_dbg.o(.constdata)
    OSDbg_MutexEn                            0x0800fa18   Data           1  os_dbg.o(.constdata)
    OSDbg_MutexDelEn                         0x0800fa19   Data           1  os_dbg.o(.constdata)
    OSDbg_MutexPendAbortEn                   0x0800fa1a   Data           1  os_dbg.o(.constdata)
    OSDbg_MutexSize                          0x0800fa1c   Data           2  os_dbg.o(.constdata)
    OSDbg_ObjTypeChkEn                       0x0800fa1e   Data           1  os_dbg.o(.constdata)
    OSDbg_PendMultiEn                        0x0800fa1f   Data           1  os_dbg.o(.constdata)
    OSDbg_PendDataSize                       0x0800fa20   Data           2  os_dbg.o(.constdata)
    OSDbg_PendListSize                       0x0800fa22   Data           2  os_dbg.o(.constdata)
    OSDbg_PendObjSize                        0x0800fa24   Data           2  os_dbg.o(.constdata)
    OSDbg_PrioMax                            0x0800fa26   Data           2  os_dbg.o(.constdata)
    OSDbg_PrioTblSize                        0x0800fa28   Data           2  os_dbg.o(.constdata)
    OSDbg_PtrSize                            0x0800fa2a   Data           2  os_dbg.o(.constdata)
    OSDbg_Q                                  0x0800fa2c   Data          48  os_dbg.o(.constdata)
    OSDbg_QEn                                0x0800fa5c   Data           1  os_dbg.o(.constdata)
    OSDbg_QDelEn                             0x0800fa5d   Data           1  os_dbg.o(.constdata)
    OSDbg_QFlushEn                           0x0800fa5e   Data           1  os_dbg.o(.constdata)
    OSDbg_QPendAbortEn                       0x0800fa5f   Data           1  os_dbg.o(.constdata)
    OSDbg_QSize                              0x0800fa60   Data           2  os_dbg.o(.constdata)
    OSDbg_SchedRoundRobinEn                  0x0800fa62   Data           1  os_dbg.o(.constdata)
    OSDbg_Sem                                0x0800fa64   Data          40  os_dbg.o(.constdata)
    OSDbg_SemEn                              0x0800fa8c   Data           1  os_dbg.o(.constdata)
    OSDbg_SemDelEn                           0x0800fa8d   Data           1  os_dbg.o(.constdata)
    OSDbg_SemPendAbortEn                     0x0800fa8e   Data           1  os_dbg.o(.constdata)
    OSDbg_SemSetEn                           0x0800fa8f   Data           1  os_dbg.o(.constdata)
    OSDbg_SemSize                            0x0800fa90   Data           2  os_dbg.o(.constdata)
    OSDbg_RdyList                            0x0800fa92   Data           2  os_dbg.o(.constdata)
    OSDbg_RdyListSize                        0x0800fa94   Data           4  os_dbg.o(.constdata)
    OSDbg_StkWidth                           0x0800fa98   Data           1  os_dbg.o(.constdata)
    OSDbg_StatTaskEn                         0x0800fa99   Data           1  os_dbg.o(.constdata)
    OSDbg_StatTaskStkChkEn                   0x0800fa9a   Data           1  os_dbg.o(.constdata)
    OSDbg_TaskChangePrioEn                   0x0800fa9b   Data           1  os_dbg.o(.constdata)
    OSDbg_TaskDelEn                          0x0800fa9c   Data           1  os_dbg.o(.constdata)
    OSDbg_TaskQEn                            0x0800fa9d   Data           1  os_dbg.o(.constdata)
    OSDbg_TaskQPendAbortEn                   0x0800fa9e   Data           1  os_dbg.o(.constdata)
    OSDbg_TaskProfileEn                      0x0800fa9f   Data           1  os_dbg.o(.constdata)
    OSDbg_TaskRegTblSize                     0x0800faa0   Data           2  os_dbg.o(.constdata)
    OSDbg_TaskSemPendAbortEn                 0x0800faa2   Data           1  os_dbg.o(.constdata)
    OSDbg_TaskSuspendEn                      0x0800faa3   Data           1  os_dbg.o(.constdata)
    OSDbg_TCBSize                            0x0800faa4   Data           2  os_dbg.o(.constdata)
    OSDbg_TickSpokeSize                      0x0800faa6   Data           2  os_dbg.o(.constdata)
    OSDbg_TimeDlyHMSMEn                      0x0800faa8   Data           1  os_dbg.o(.constdata)
    OSDbg_TimeDlyResumeEn                    0x0800faa9   Data           1  os_dbg.o(.constdata)
    OSDbg_TLS_TblSize                        0x0800faaa   Data           2  os_dbg.o(.constdata)
    OSDbg_Tmr                                0x0800faac   Data          52  os_dbg.o(.constdata)
    OSDbg_TmrEn                              0x0800fae0   Data           1  os_dbg.o(.constdata)
    OSDbg_TmrDelEn                           0x0800fae1   Data           1  os_dbg.o(.constdata)
    OSDbg_TmrSize                            0x0800fae2   Data           2  os_dbg.o(.constdata)
    OSDbg_TmrSpokeSize                       0x0800fae4   Data           2  os_dbg.o(.constdata)
    OSDbg_VersionNbr                         0x0800fae6   Data           2  os_dbg.o(.constdata)
    OSDbg_DataSize                           0x0800fae8   Data           4  os_dbg.o(.constdata)
    Region$$Table$$Base                      0x0800faec   Number         0  anon$$obj.o(Region$$Table)
    Region$$Table$$Limit                     0x0800fb0c   Number         0  anon$$obj.o(Region$$Table)
    g_ucTimeEnable                           0x20000000   Data           1  main.o(.data)
    g_ucPM9805_RcvTime                       0x20000001   Data           1  main.o(.data)
    g_ucIT8512_RcvTime                       0x20000002   Data           1  main.o(.data)
    g_ucGP9034_RcvTime                       0x20000003   Data           1  main.o(.data)
    g_ucGC9200_RcvTime                       0x20000004   Data           1  main.o(.data)
    g_ucPM9805_RcvFlag                       0x20000005   Data           1  main.o(.data)
    g_ucIT8512_RcvFlag                       0x20000006   Data           1  main.o(.data)
    g_ucGP9034_RcvFlag                       0x20000007   Data           1  main.o(.data)
    g_ucGC9200_RcvFlag                       0x20000008   Data           1  main.o(.data)
    g_ucEnableFlag                           0x20000009   Data           1  main.o(.data)
    s                                        0x2000000a   Data          10  main.o(.data)
    ucTable                                  0x20000014   Data           6  main.o(.data)
    SystemCoreClock                          0x2000002c   Data           4  system_stm32f10x.o(.data)
    AHBPrescTable                            0x20000030   Data          16  system_stm32f10x.o(.data)
    CPU_TS_TmrFreq_Hz                        0x20000054   Data           4  cpu_core.o(.data)
    CPU_IntDisMeasCtr                        0x20000058   Data           2  cpu_core.o(.data)
    CPU_IntDisNestCtr                        0x2000005a   Data           2  cpu_core.o(.data)
    CPU_IntDisMeasStart_cnts                 0x2000005c   Data           4  cpu_core.o(.data)
    CPU_IntDisMeasStop_cnts                  0x20000060   Data           4  cpu_core.o(.data)
    CPU_IntDisMeasOvrhd_cnts                 0x20000064   Data           4  cpu_core.o(.data)
    CPU_IntDisMeasMaxCur_cnts                0x20000068   Data           4  cpu_core.o(.data)
    CPU_IntDisMeasMax_cnts                   0x2000006c   Data           4  cpu_core.o(.data)
    Mem_PoolTbl                              0x20000070   Data           4  lib_mem.o(.data)
    OSPrioTbl                                0x20000074   Data           4  os_prio.o(.data)
    OS_AppTaskCreateHookPtr                  0x20000078   Data           4  os_var.o(.data)
    OS_AppTaskDelHookPtr                     0x2000007c   Data           4  os_var.o(.data)
    OS_AppTaskReturnHookPtr                  0x20000080   Data           4  os_var.o(.data)
    OS_AppIdleTaskHookPtr                    0x20000084   Data           4  os_var.o(.data)
    OS_AppStatTaskHookPtr                    0x20000088   Data           4  os_var.o(.data)
    OS_AppTaskSwHookPtr                      0x2000008c   Data           4  os_var.o(.data)
    OS_AppTimeTickHookPtr                    0x20000090   Data           4  os_var.o(.data)
    OSIdleTaskCtr                            0x20000094   Data           4  os_var.o(.data)
    OSIntNestingCtr                          0x20000098   Data           1  os_var.o(.data)
    OSIntDisTimeMax                          0x2000009c   Data           4  os_var.o(.data)
    OSRunning                                0x200000a0   Data           1  os_var.o(.data)
    OSIntQInPtr                              0x200000a4   Data           4  os_var.o(.data)
    OSIntQOutPtr                             0x200000a8   Data           4  os_var.o(.data)
    OSIntQNbrEntries                         0x200000ac   Data           2  os_var.o(.data)
    OSIntQNbrEntriesMax                      0x200000ae   Data           2  os_var.o(.data)
    OSIntQOvfCtr                             0x200000b0   Data           2  os_var.o(.data)
    OSIntQTaskTimeMax                        0x200000b4   Data           4  os_var.o(.data)
    OSFlagDbgListPtr                         0x200000b8   Data           4  os_var.o(.data)
    OSFlagQty                                0x200000bc   Data           2  os_var.o(.data)
    OSMemDbgListPtr                          0x200000c0   Data           4  os_var.o(.data)
    OSMemQty                                 0x200000c4   Data           2  os_var.o(.data)
    OSMutexDbgListPtr                        0x200000c8   Data           4  os_var.o(.data)
    OSMutexQty                               0x200000cc   Data           2  os_var.o(.data)
    OSPrioCur                                0x200000ce   Data           1  os_var.o(.data)
    OSPrioHighRdy                            0x200000cf   Data           1  os_var.o(.data)
    OSPrioSaved                              0x200000d0   Data           1  os_var.o(.data)
    OSQDbgListPtr                            0x200000d4   Data           4  os_var.o(.data)
    OSQQty                                   0x200000d8   Data           2  os_var.o(.data)
    OSSchedLockTimeBegin                     0x200000dc   Data           4  os_var.o(.data)
    OSSchedLockTimeMax                       0x200000e0   Data           4  os_var.o(.data)
    OSSchedLockTimeMaxCur                    0x200000e4   Data           4  os_var.o(.data)
    OSSchedLockNestingCtr                    0x200000e8   Data           1  os_var.o(.data)
    OSSchedRoundRobinDfltTimeQuanta          0x200000ec   Data           4  os_var.o(.data)
    OSSchedRoundRobinEn                      0x200000f0   Data           1  os_var.o(.data)
    OSSemDbgListPtr                          0x200000f4   Data           4  os_var.o(.data)
    OSSemQty                                 0x200000f8   Data           2  os_var.o(.data)
    OSStatResetFlag                          0x200000fa   Data           1  os_var.o(.data)
    OSStatTaskCPUUsage                       0x200000fc   Data           2  os_var.o(.data)
    OSStatTaskCPUUsageMax                    0x200000fe   Data           2  os_var.o(.data)
    OSStatTaskCtr                            0x20000100   Data           4  os_var.o(.data)
    OSStatTaskCtrMax                         0x20000104   Data           4  os_var.o(.data)
    OSStatTaskCtrRun                         0x20000108   Data           4  os_var.o(.data)
    OSStatTaskRdy                            0x2000010c   Data           1  os_var.o(.data)
    OSStatTaskTimeMax                        0x20000110   Data           4  os_var.o(.data)
    OSTaskCtxSwCtr                           0x20000114   Data           4  os_var.o(.data)
    OSTaskDbgListPtr                         0x20000118   Data           4  os_var.o(.data)
    OSTaskQty                                0x2000011c   Data           2  os_var.o(.data)
    OSTaskRegNextAvailID                     0x2000011e   Data           1  os_var.o(.data)
    OSTickCtr                                0x20000120   Data           4  os_var.o(.data)
    OSTickTaskTimeMax                        0x20000124   Data           4  os_var.o(.data)
    OSTmrDbgListPtr                          0x20000128   Data           4  os_var.o(.data)
    OSTmrQty                                 0x2000012c   Data           2  os_var.o(.data)
    OSTmrTaskTimeMax                         0x20000130   Data           4  os_var.o(.data)
    OSTmrTickCtr                             0x20000134   Data           4  os_var.o(.data)
    OSTmrUpdateCnt                           0x20000138   Data           4  os_var.o(.data)
    OSTmrUpdateCtr                           0x2000013c   Data           4  os_var.o(.data)
    OSTCBCurPtr                              0x20000140   Data           4  os_var.o(.data)
    OSTCBHighRdyPtr                          0x20000144   Data           4  os_var.o(.data)
    OS_CPU_ExceptStkBase                     0x20000148   Data           4  os_cpu_c.o(.data)
    g_ucPM9805_RecBuf                        0x20000150   Data          30  main.o(.bss)
    g_ucIT8512_RecBuf                        0x2000016e   Data          30  main.o(.bss)
    g_ucGP9034_RecBuf                        0x2000018c   Data          30  main.o(.bss)
    g_ucGC9200_RecBuf                        0x200001aa   Data          40  main.o(.bss)
    StartTaskTCB                             0x200001d4   Data         200  main.o(.bss)
    START_TASK_STK                           0x2000029c   Data        2048  main.o(.bss)
    Led0TaskTCB                              0x20000a9c   Data         200  main.o(.bss)
    LED0_TASK_STK                            0x20000b64   Data         512  main.o(.bss)
    Led1TaskTCB                              0x20000d64   Data         200  main.o(.bss)
    LED1_TASK_STK                            0x20000e2c   Data         512  main.o(.bss)
    KeyTaskTCB                               0x2000102c   Data         200  main.o(.bss)
    KEYT_TASK_STK                            0x200010f4   Data         512  main.o(.bss)
    PM9805Value                              0x200012f4   Data          16  taskapp.o(.bss)
    PM9805Value_1                            0x20001304   Data          16  taskapp.o(.bss)
    PM9805Value_2                            0x20001314   Data          16  taskapp.o(.bss)
    DPS_WritePara                            0x20001324   Data          76  taskapp.o(.bss)
    DPS_ReadPara                             0x20001370   Data          10  taskapp.o(.bss)
    DPS_ReadPara_1                           0x2000137a   Data          10  taskapp.o(.bss)
    DPS_ReadPara_2                           0x20001384   Data          10  taskapp.o(.bss)
    DPS_InquirePara                          0x20001390   Data          28  taskapp.o(.bss)
    ScmIT8512_1                              0x200013ac   Data          12  it8512b.o(.bss)
    ScmIT8512_2                              0x200013b8   Data          12  it8512b.o(.bss)
    CPU_Name                                 0x200013c4   Data          16  cpu_core.o(.bss)
    Mem_PoolHeap                             0x200013d4   Data          72  lib_mem.o(.bss)
    Mem_Heap                                 0x2000141c   Data       27648  lib_mem.o(.bss)
    OSCfg_IdleTaskStk                        0x2000801c   Data         512  os_cfg_app.o(.bss)
    OSCfg_IntQ                               0x2000821c   Data         320  os_cfg_app.o(.bss)
    OSCfg_IntQTaskStk                        0x2000835c   Data         512  os_cfg_app.o(.bss)
    OSCfg_ISRStk                             0x2000855c   Data         512  os_cfg_app.o(.bss)
    OSCfg_MsgPool                            0x2000875c   Data        1600  os_cfg_app.o(.bss)
    OSCfg_StatTaskStk                        0x20008d9c   Data         512  os_cfg_app.o(.bss)
    OSCfg_TickTaskStk                        0x20008f9c   Data         512  os_cfg_app.o(.bss)
    OSCfg_TickWheel                          0x2000919c   Data         136  os_cfg_app.o(.bss)
    OSCfg_TmrTaskStk                         0x20009224   Data         512  os_cfg_app.o(.bss)
    OSCfg_TmrWheel                           0x20009424   Data         136  os_cfg_app.o(.bss)
    OSIdleTaskTCB                            0x200094ac   Data         200  os_var.o(.bss)
    OSIntQTaskTCB                            0x20009574   Data         200  os_var.o(.bss)
    OSMsgPool                                0x2000963c   Data          12  os_var.o(.bss)
    OSRdyList                                0x20009648   Data         384  os_var.o(.bss)
    OSStatTaskTCB                            0x200097c8   Data         200  os_var.o(.bss)
    OSTickTaskTCB                            0x20009890   Data         200  os_var.o(.bss)
    OSTmrTaskTCB                             0x20009958   Data         200  os_var.o(.bss)
    __initial_sp                             0x20009e20   Data           0  startup_stm32f10x_hd.o(STACK)



==============================================================================

Memory Map of the image

  Image Entry point : 0x08000131

  Load Region LR_IROM1 (Base: 0x08000000, Size: 0x0000fc5c, Max: 0x00100000, ABSOLUTE, COMPRESSED[0x0000fb34])

    Execution Region ER_IROM1 (Base: 0x08000000, Size: 0x0000fb0c, Max: 0x00100000, ABSOLUTE)

    Base Addr    Size         Type   Attr      Idx    E Section Name        Object

    0x08000000   0x00000130   Data   RO          408    RESET               startup_stm32f10x_hd.o
    0x08000130   0x00000000   Code   RO         1124  * .ARM.Collect$$$$00000000  mc_w.l(entry.o)
    0x08000130   0x00000004   Code   RO         1412    .ARM.Collect$$$$00000001  mc_w.l(entry2.o)
    0x08000134   0x00000004   Code   RO         1415    .ARM.Collect$$$$00000004  mc_w.l(entry5.o)
    0x08000138   0x00000000   Code   RO         1417    .ARM.Collect$$$$00000008  mc_w.l(entry7b.o)
    0x08000138   0x00000000   Code   RO         1419    .ARM.Collect$$$$0000000A  mc_w.l(entry8b.o)
    0x08000138   0x00000008   Code   RO         1420    .ARM.Collect$$$$0000000B  mc_w.l(entry9a.o)
    0x08000140   0x00000000   Code   RO         1422    .ARM.Collect$$$$0000000D  mc_w.l(entry10a.o)
    0x08000140   0x00000000   Code   RO         1424    .ARM.Collect$$$$0000000F  mc_w.l(entry11a.o)
    0x08000140   0x00000004   Code   RO         1413    .ARM.Collect$$$$00002712  mc_w.l(entry2.o)
    0x08000144   0x0000035c   Code   RO            1    .text               main.o
    0x080004a0   0x0000024c   Code   RO          208    .text               stm32f10x_it.o
    0x080006ec   0x0000022c   Code   RO          225    .text               keydriver.o
    0x08000918   0x0000014c   Code   RO          239    .text               system_initialize.o
    0x08000a64   0x000002c8   Code   RO          251    .text               lcd12864b.o
    0x08000d2c   0x000004e4   Code   RO          270    .text               stm32_uart.o
    0x08001210   0x00000dd0   Code   RO          308    .text               taskapp.o
    0x08001fe0   0x000004d0   Code   RO          326    .text               it8512b.o
    0x080024b0   0x000003e4   Code   RO          365    .text               at24cxx.o
    0x08002894   0x000001e0   Code   RO          388    .text               system_stm32f10x.o
    0x08002a74   0x00000024   Code   RO          409    .text               startup_stm32f10x_hd.o
    0x08002a98   0x000000dc   Code   RO          413    .text               misc.o
    0x08002b74   0x0000035c   Code   RO          557    .text               stm32f10x_gpio.o
    0x08002ed0   0x000003a4   Code   RO          605    .text               stm32f10x_rcc.o
    0x08003274   0x00000e1a   Code   RO          655    .text               stm32f10x_tim.o
    0x0800408e   0x00000002   PAD
    0x08004090   0x00000408   Code   RO          667    .text               stm32f10x_usart.o
    0x08004498   0x00000084   Code   RO          691    .text               bsp.o
    0x0800451c   0x0000043c   Code   RO          706    .text               cpu_core.o
    0x08004958   0x00000034   Code   RO          744    .text               cpu_a.o
    0x0800498c   0x00000256   Code   RO          747    .text               lib_ascii.o
    0x08004be2   0x00000002   PAD
    0x08004be4   0x00000f8c   Code   RO          780    .text               lib_mem.o
    0x08005b70   0x00000928   Code   RO          799    .text               lib_str.o
    0x08006498   0x00000220   Code   RO          816    .text               lib_mem_a.o
    0x080066b8   0x00000002   Code   RO          819    .text               os_cfg_app.o
    0x080066ba   0x00000002   PAD
    0x080066bc   0x00000e50   Code   RO          842    .text               os_core.o
    0x0800750c   0x000001b4   Code   RO          854    .text               os_dbg.o
    0x080076c0   0x0000100c   Code   RO          869    .text               os_flag.o
    0x080086cc   0x00000460   Code   RO          881    .text               os_int.o
    0x08008b2c   0x00000278   Code   RO          893    .text               os_mem.o
    0x08008da4   0x00000228   Code   RO          905    .text               os_msg.o
    0x08008fcc   0x00000c40   Code   RO          917    .text               os_mutex.o
    0x08009c0c   0x0000007c   Code   RO          941    .text               os_prio.o
    0x08009c88   0x00000a00   Code   RO          960    .text               os_q.o
    0x0800a688   0x00000934   Code   RO          972    .text               os_sem.o
    0x0800afbc   0x000006dc   Code   RO          984    .text               os_stat.o
    0x0800b698   0x00001f88   Code   RO          996    .text               os_task.o
    0x0800d620   0x00000524   Code   RO         1008    .text               os_tick.o
    0x0800db44   0x0000064c   Code   RO         1020    .text               os_time.o
    0x0800e190   0x00000864   Code   RO         1032    .text               os_tmr.o
    0x0800e9f4   0x0000028c   Code   RO         1058    .text               os_cpu_c.o
    0x0800ec80   0x0000014c   Code   RO         1110    .text               delay.o
    0x0800edcc   0x00000062   Code   RO         1127    .text               mc_w.l(uldiv.o)
    0x0800ee2e   0x00000024   Code   RO         1129    .text               mc_w.l(memcpya.o)
    0x0800ee52   0x00000024   Code   RO         1131    .text               mc_w.l(memseta.o)
    0x0800ee76   0x0000000e   Code   RO         1133    .text               mc_w.l(strlen.o)
    0x0800ee84   0x000000b0   Code   RO         1398    .text               mf_w.l(fadd.o)
    0x0800ef34   0x00000064   Code   RO         1400    .text               mf_w.l(fmul.o)
    0x0800ef98   0x0000007c   Code   RO         1402    .text               mf_w.l(fdiv.o)
    0x0800f014   0x00000012   Code   RO         1404    .text               mf_w.l(fflti.o)
    0x0800f026   0x0000000a   Code   RO         1406    .text               mf_w.l(ffltui.o)
    0x0800f030   0x00000028   Code   RO         1408    .text               mf_w.l(ffixui.o)
    0x0800f058   0x00000014   Code   RO         1410    .text               mf_w.l(cfcmple.o)
    0x0800f06c   0x0000002c   Code   RO         1427    .text               mc_w.l(uidiv.o)
    0x0800f098   0x0000001e   Code   RO         1429    .text               mc_w.l(llshl.o)
    0x0800f0b6   0x00000020   Code   RO         1431    .text               mc_w.l(llushr.o)
    0x0800f0d6   0x00000000   Code   RO         1433    .text               mc_w.l(iusefp.o)
    0x0800f0d6   0x0000006e   Code   RO         1434    .text               mf_w.l(fepilogue.o)
    0x0800f144   0x00000024   Code   RO         1446    .text               mc_w.l(init.o)
    0x0800f168   0x00000056   Code   RO         1460    .text               mc_w.l(__dczerorl2.o)
    0x0800f1be   0x00000002   PAD
    0x0800f1c0   0x00000098   Code   RO         1076    CODE                os_cpu_a.o
    0x0800f258   0x00000028   Code   RO         1294    i.__0sprintf$6      mc_w.l(printf6.o)
    0x0800f280   0x0000000e   Code   RO         1454    i.__scatterload_copy  mc_w.l(handlers.o)
    0x0800f28e   0x00000002   Code   RO         1455    i.__scatterload_null  mc_w.l(handlers.o)
    0x0800f290   0x0000000e   Code   RO         1456    i.__scatterload_zeroinit  mc_w.l(handlers.o)
    0x0800f29e   0x00000002   PAD
    0x0800f2a0   0x000002f0   Code   RO         1299    i._printf_core      mc_w.l(printf6.o)
    0x0800f590   0x00000024   Code   RO         1300    i._printf_post_padding  mc_w.l(printf6.o)
    0x0800f5b4   0x0000002e   Code   RO         1301    i._printf_pre_padding  mc_w.l(printf6.o)
    0x0800f5e2   0x0000000a   Code   RO         1303    i._sputc            mc_w.l(printf6.o)
    0x0800f5ec   0x00000008   Data   RO          310    .constdata          taskapp.o
    0x0800f5f4   0x00000152   Data   RO          328    .constdata          it8512b.o
    0x0800f746   0x00000100   Data   RO          708    .constdata          cpu_core.o
    0x0800f846   0x00000002   PAD
    0x0800f848   0x00000094   Data   RO          800    .constdata          lib_str.o
    0x0800f8dc   0x000000a4   Data   RO          821    .constdata          os_cfg_app.o
    0x0800f980   0x0000016c   Data   RO          855    .constdata          os_dbg.o
    0x0800faec   0x00000020   Data   RO         1452    Region$$Table       anon$$obj.o


    Execution Region RW_IRAM1 (Base: 0x20000000, Size: 0x00009e20, Max: 0x00018000, ABSOLUTE, COMPRESSED[0x00000028])

    Base Addr    Size         Type   Attr      Idx    E Section Name        Object

    0x20000000   0x0000001a   Data   RW            4    .data               main.o
    0x2000001a   0x00000003   Data   RW          209    .data               stm32f10x_it.o
    0x2000001d   0x0000000d   Data   RW          226    .data               keydriver.o
    0x2000002a   0x00000001   Data   RW          311    .data               taskapp.o
    0x2000002b   0x00000001   PAD
    0x2000002c   0x00000014   Data   RW          389    .data               system_stm32f10x.o
    0x20000040   0x00000014   Data   RW          606    .data               stm32f10x_rcc.o
    0x20000054   0x0000001c   Data   RW          709    .data               cpu_core.o
    0x20000070   0x00000004   Data   RW          782    .data               lib_mem.o
    0x20000074   0x00000004   Data   RW          942    .data               os_prio.o
    0x20000078   0x000000d0   Data   RW         1045    .data               os_var.o
    0x20000148   0x00000004   Data   RW         1059    .data               os_cpu_c.o
    0x2000014c   0x00000004   Data   RW         1111    .data               delay.o
    0x20000150   0x000011a4   Zero   RW            2    .bss                main.o
    0x200012f4   0x000000b8   Zero   RW          309    .bss                taskapp.o
    0x200013ac   0x00000018   Zero   RW          327    .bss                it8512b.o
    0x200013c4   0x00000010   Zero   RW          707    .bss                cpu_core.o
    0x200013d4   0x00006c48   Zero   RW          781    .bss                lib_mem.o
    0x2000801c   0x00001490   Zero   RW          820    .bss                os_cfg_app.o
    0x200094ac   0x00000574   Zero   RW         1044    .bss                os_var.o
    0x20009a20   0x00000400   Zero   RW          406    STACK               startup_stm32f10x_hd.o


==============================================================================

Image component sizes


      Code (inc. data)   RO Data    RW Data    ZI Data      Debug   Object Name

       996         12          0          0          0       4364   at24cxx.o
       132         12          0          0          0       1135   bsp.o
         0          0          0          0          0         32   core_cm3.o
        52          0          0          0          0        328   cpu_a.o
      1084         42        256         28         16      16349   cpu_core.o
       332         28          0          4          0       1785   delay.o
      1232        150        338          0         24       5638   it8512b.o
       556         44          0         13          0       2647   keydriver.o
       712         12          0          0          0       2511   lcd12864b.o
       598          0          0          0          0       3868   lib_ascii.o
      3980         62          0          4      27720      25132   lib_mem.o
       544          0          0          0          0        472   lib_mem_a.o
      2344          4        148          0          0      13746   lib_str.o
       860         96          0         26       4516     301889   main.o
       220         22          0          0          0       1733   misc.o
         2          0        164          0       5264      20866   os_cfg_app.o
      3664        294          0          0          0      12529   os_core.o
       152         32          0          0          0        384   os_cpu_a.o
       652         64          0          4          0       3841   os_cpu_c.o
       436        286        364          0          0       4729   os_dbg.o
      4108        110          0          0          0       8459   os_flag.o
      1120        146          0          0          0       2340   os_int.o
       632         22          0          0          0       2792   os_mem.o
       552         14          0          0          0       2638   os_msg.o
      3136        114          0          0          0       5874   os_mutex.o
       124          4          0          4          0       1704   os_prio.o
      2560         82          0          0          0       6560   os_q.o
      2356         72          0          0          0       6556   os_sem.o
      1756        190          0          0          0       2933   os_stat.o
      8072        282          0          0          0      15062   os_task.o
      1316         90          0          0          0       3301   os_tick.o
      1612         44          0          0          0       3469   os_time.o
      2148        140          0          0          0       6710   os_tmr.o
         0          0          0        208       1396      19445   os_var.o
        36          8        304          0       1024        784   startup_stm32f10x_hd.o
      1252         42          0          0          0       3485   stm32_uart.o
       860         38          0          0          0       5669   stm32f10x_gpio.o
       588         76          0          3          0       2327   stm32f10x_it.o
       932         36          0         20          0       8820   stm32f10x_rcc.o
      3610         88          0          0          0      22776   stm32f10x_tim.o
      1032         22          0          0          0       8388   stm32f10x_usart.o
       332         12          0          0          0       1840   system_initialize.o
       480         38          0         20          0       1731   system_stm32f10x.o
      3536        484          8          1        184       9948   taskapp.o

    ----------------------------------------------------------------------
     60704       3314       1616        336      40144     577589   Object Totals
         0          0         32          0          0          0   (incl. Generated)
         6          0          2          1          0          0   (incl. Padding)

    ----------------------------------------------------------------------

      Code (inc. data)   RO Data    RW Data    ZI Data      Debug   Library Member Name

        86          0          0          0          0          0   __dczerorl2.o
         0          0          0          0          0          0   entry.o
         0          0          0          0          0          0   entry10a.o
         0          0          0          0          0          0   entry11a.o
         8          4          0          0          0          0   entry2.o
         4          0          0          0          0          0   entry5.o
         0          0          0          0          0          0   entry7b.o
         0          0          0          0          0          0   entry8b.o
         8          4          0          0          0          0   entry9a.o
        30          0          0          0          0          0   handlers.o
        36          8          0          0          0         68   init.o
         0          0          0          0          0          0   iusefp.o
        30          0          0          0          0         68   llshl.o
        32          0          0          0          0         68   llushr.o
        36          0          0          0          0         68   memcpya.o
        36          0          0          0          0        108   memseta.o
       884         10          0          0          0        420   printf6.o
        14          0          0          0          0         68   strlen.o
        44          0          0          0          0         80   uidiv.o
        98          0          0          0          0         92   uldiv.o
        20          0          0          0          0         68   cfcmple.o
       176          0          0          0          0        140   fadd.o
       124          0          0          0          0         88   fdiv.o
       110          0          0          0          0        168   fepilogue.o
        40          0          0          0          0         68   ffixui.o
        18          0          0          0          0         68   fflti.o
        10          0          0          0          0         68   ffltui.o
       100          0          0          0          0         76   fmul.o

    ----------------------------------------------------------------------
      1948         26          0          0          0       1784   Library Totals
         4          0          0          0          0          0   (incl. Padding)

    ----------------------------------------------------------------------

      Code (inc. data)   RO Data    RW Data    ZI Data      Debug   Library Name

      1346         26          0          0          0       1040   mc_w.l
       598          0          0          0          0        744   mf_w.l

    ----------------------------------------------------------------------
      1948         26          0          0          0       1784   Library Totals

    ----------------------------------------------------------------------

==============================================================================


      Code (inc. data)   RO Data    RW Data    ZI Data      Debug   

     62652       3340       1616        336      40144     574977   Grand Totals
     62652       3340       1616         40      40144     574977   ELF Image Totals (compressed)
     62652       3340       1616         40          0          0   ROM Totals

==============================================================================

    Total RO  Size (Code + RO Data)                64268 (  62.76kB)
    Total RW  Size (RW Data + ZI Data)             40480 (  39.53kB)
    Total ROM Size (Code + RO Data + RW Data)      64308 (  62.80kB)

==============================================================================

